01-04 18:53:16.321   726  1151 I mm-camera: <MCT   >< INFO> 6260: mct_pipeline_start_session_thread: X pproc
01-04 18:53:16.322   726  1148 I mm-camera: <MCT   >< INFO> 6245: mct_pipeline_start_session_thread: Module isp start_session rc = 1
01-04 18:53:16.322   726  1148 I mm-camera: <MCT   >< INFO> 6253: mct_pipeline_start_session_thread: started_num = 5, success = 5
01-04 18:53:16.322   726  1148 I mm-camera: <MCT   >< INFO> 6260: mct_pipeline_start_session_thread: X isp
01-04 18:53:16.323   726  1150 I mm-camera: <MCT   >< INFO> 6245: mct_pipeline_start_session_thread: Module stats start_session rc = 1
01-04 18:53:16.323   726  1150 I mm-camera: <MCT   >< INFO> 6253: mct_pipeline_start_session_thread: started_num = 6, success = 6
01-04 18:53:16.323   726  1150 I mm-camera: <MCT   >< INFO> 6260: mct_pipeline_start_session_thread: X stats
01-04 18:53:16.326   726  1145 I mm-camera: <MCT   >< INFO> 6245: mct_pipeline_start_session_thread: Module sensor start_session rc = 1
01-04 18:53:16.326   726  1145 I mm-camera: <MCT   >< INFO> 6253: mct_pipeline_start_session_thread: started_num = 7, success = 7
01-04 18:53:16.326   726  1145 I mm-camera: <MCT   >< INFO> 6260: mct_pipeline_start_session_thread: X sensor
01-04 18:53:16.340   726   726 I ZAF     : zaf_init:57: log_level:INFO 
01-04 18:53:16.343   726   726 I ServiceManagement: getService: Trying again for android.frameworks.sensorservice@1.0::ISensorManager/default...
01-04 18:53:16.369   634  1032 E MotoSensors: rearprox opening enable_ps_sensor 1
01-04 18:53:16.370   634  1032 E MotoSensors: rearprox sensor_2 created
01-04 18:53:16.370   634  1032 D MotoSensors: ro.hw.ecompass = false, don't add eCompass
01-04 18:53:16.371   634  1032 I MotoSensors: Sensorhub hal enable: 1 - 0
01-04 18:53:16.372   634  1032 D MotoSensors: GameRotationVector: freefall
01-04 18:53:16.372   634  1032 I MotoSensors: Sensorhub hal enable: 2 - 0
01-04 18:53:16.372   634  1032 D MotoSensors: GameRotationVector: freefall
01-04 18:53:16.372   634  1032 I MotoSensors: Sensorhub hal enable: 3 - 0
01-04 18:53:16.372   634  1032 D MotoSensors: GameRotationVector: freefall
01-04 18:53:16.372   634  1032 I MotoSensors: Sensorhub hal enable: 4 - 0
01-04 18:53:16.372   634  1032 D MotoSensors: GameRotationVector: freefall
01-04 18:53:16.372   634  1032 I MotoSensors: Sensorhub hal enable: 5 - 0
01-04 18:53:16.372   634  1032 D MotoSensors: GameRotationVector: freefall
01-04 18:53:16.372   634  1032 I MotoSensors: Sensorhub hal enable: 6 - 0
01-04 18:53:16.372   634  1032 D MotoSensors: GameRotationVector: freefall
01-04 18:53:16.372   634  1032 E SensorService: Reported power 0.000000 not deemed sane, clamping to 0.001000
01-04 18:53:16.372   634  1032 I MotoSensors: Sensorhub hal enable: 24 - 0
01-04 18:53:16.372   634  1032 D MotoSensors: GameRotationVector: freefall
01-04 18:53:16.372   634  1032 E SensorService: Reported power 0.000000 not deemed sane, clamping to 0.001000
01-04 18:53:16.372   634  1032 I MotoSensors: Sensorhub hal enable: 25 - 0
01-04 18:53:16.372   634  1032 D MotoSensors: GameRotationVector: freefall
01-04 18:53:16.372   634  1032 I MotoSensors: Sensorhub hal enable: 7 - 0
01-04 18:53:16.372   634  1032 D MotoSensors: GameRotationVector: freefall
01-04 18:53:16.372   634  1032 I MotoSensors: Sensorhub hal enable: 8 - 0
01-04 18:53:16.372   634  1032 I MotoSensors: Sensorhub hal enable: 9 - 0
01-04 18:53:16.372   634  1032 D MotoSensors: GameRotationVector: freefall
01-04 18:53:16.372   634  1032 I MotoSensors: Sensorhub hal enable: 10 - 0
01-04 18:53:16.372   634  1032 I MotoSensors: Sensorhub hal enable: 11 - 0
01-04 18:53:16.372   634  1032 I MotoSensors: Sensorhub hal enable: 12 - 0
01-04 18:53:16.372   634  1032 I MotoSensors: Sensorhub hal enable: 13 - 0
01-04 18:53:16.372   634  1032 I MotoSensors: Sensorhub hal enable: 20 - 0
01-04 18:53:16.372   634  1032 I MotoSensors: Sensorhub hal enable: 21 - 0
01-04 18:53:16.372   634  1032 E MotoSensors: rearprox enable
01-04 18:53:16.372   634  1032 E MotoSensors: rearprox  opening prox_enable 0
01-04 18:53:16.372   634  1032 E MotoSensors: rearprox enable
01-04 18:53:16.372   634  1032 E MotoSensors: rearprox  opening prox_enable 0
01-04 18:53:16.372   634  1032 I MotoSensors: Sensorhub hal enable: 26 - 0
01-04 18:53:16.372   634  1032 I MotoSensors: Sensorhub hal enable: 27 - 0
01-04 18:53:16.372   634  1032 I MotoSensors: Sensorhub hal enable: 28 - 0
01-04 18:53:16.372   634  1032 I MotoSensors: Sensorhub hal enable: 29 - 0
01-04 18:53:16.375   634  1032 E         : Reporting Mode incorrect: sensor Glance Gesture handle=0x0000001a type=24 actual=3 expected=2
01-04 18:53:16.376   634   634 I system_server: The ClassLoaderContext is a special shared library.
01-04 18:53:16.376   634  1165 D SensorService: new thread SensorEventAckReceiver
01-04 18:53:16.376   634  1166 D SensorService: nuSensorService thread starting...
01-04 18:53:16.377   634  1032 D SystemServerTimingAsync: StartSensorService took to complete: 1504ms
01-04 18:53:16.378   634  1032 D SystemServerInitThreadPool: Finished executing StartSensorService
01-04 18:53:16.394   634   634 I SettingsState: No settings state /data/system/users/0/settings_ssaid.xml
01-04 18:53:16.394   471   666 I MDMCTBK : [0] - rearimageStateChanged:NetlinkHandler, rearimageStateChanged
01-04 18:53:16.394   471   666 I MDMCTBK : [0] - postEventMessage:Post Event - event id = MDMCUTBK_REAR_IMAGER_STATE_CHANGED_EV
01-04 18:53:16.407   634   634 D SystemServerTiming: InstallSystemProviders took to complete: 1449ms
01-04 18:53:16.407   634   634 I SystemServer: StartDropBoxManager
01-04 18:53:16.407   634   634 I SystemServiceManager: Starting com.android.server.DropBoxManagerService
01-04 18:53:16.409   634   634 D SystemServerTiming: StartDropBoxManager took to complete: 2ms
01-04 18:53:16.409   634   634 I SystemServer: StartVibratorService
01-04 18:53:16.414   634   634 D SystemServerTiming: StartVibratorService took to complete: 5ms
01-04 18:53:16.415   634   634 I SystemServer: StartConsumerIrService
01-04 18:53:16.416   452   452 W hwservicemanager: getTransport: Cannot find entry android.hardware.ir@1.0::IConsumerIr/default in either framework or device manifest.
01-04 18:53:16.418   634   634 D SystemServerTiming: StartConsumerIrService took to complete: 3ms
01-04 18:53:16.418   634   634 I SystemServer: StartAlarmManagerService
01-04 18:53:16.418   634   634 I SystemServiceManager: Starting com.android.server.AlarmManagerService
01-04 18:53:16.420   634   634 D AlarmManagerService: Kernel timezone updated to 0 minutes west of GMT
01-04 18:53:16.423   634   634 D SystemServerTiming: StartAlarmManagerService took to complete: 6ms
01-04 18:53:16.423   634   634 I SystemServer: InitWatchdog
01-04 18:53:16.424   634   634 D SystemServerTiming: InitWatchdog took to complete: 0ms
01-04 18:53:16.424   634   634 I SystemServer: StartInputManagerService
01-04 18:53:16.426   634   634 I InputManager: Initializing input manager, mUseDevInputEventForAudioJack=true
01-04 18:53:16.427   634   634 D SystemServerTiming: StartInputManagerService took to complete: 4ms
01-04 18:53:16.427   634   634 I SystemServer: StartWindowManagerService
01-04 18:53:16.437   634   948 I WindowManager: No existing display settings /data/system/display_settings.xml; starting empty
01-04 18:53:16.447   634   634 D SystemServerTiming: StartWindowManagerService took to complete: 19ms
01-04 18:53:16.447   634   634 I SystemServer: SetWindowManagerService
01-04 18:53:16.469   634   634 D SystemServerTiming: SetWindowManagerService took to complete: 21ms
01-04 18:53:16.469   634   634 I SystemServer: WindowManagerServiceOnInitReady
01-04 18:53:16.482   634   856 V WindowManager: Broadcasting Intent for HDMI HPD :false
01-04 18:53:16.489   634   856 W system_server: ClassLoaderContext size mismatch. expected=1, actual=3 (PCL[/system/framework/org.apache.http.legacy.boot.jar*796383208] | PCL[];PCL[/system/framework/services.jar*3307495594:/system/framework/ethernet-service.jar*3965992644:/system/framework/wifi-service.jar*3028501848:/system/framework/com.android.location.provider.jar*1868155567];PCL[])
01-04 18:53:16.493   726  1147 I mm-3a-core: moto_led_calibration_init:520 Enter: cam_id:0 status:0
01-04 18:53:16.493   726  1147 I mm-3a-core: moto_led_calibration_init_attenuation using camera mot_imx362
01-04 18:53:16.493   726  1147 I mm-3a-core: moto_led_calibration_get_mod_serial_num: sn=4ccf25e5
01-04 18:53:16.494   726  1147 E mm-3a-core: moto_led_calibration_apply No valid rear chromatix pointer,LED calibration not applied, camera id 0
01-04 18:53:16.513   634   856 I CameraManagerGlobal: Connecting to camera service
01-04 18:53:16.515   634   634 D SystemServerTiming: WindowManagerServiceOnInitReady took to complete: 45ms
01-04 18:53:16.515   634   827 D SystemServerInitThreadPool: Started executing StartHidlServices
01-04 18:53:16.516   634   634 I SystemServer: StartVrManagerService
01-04 18:53:16.516   634   634 I SystemServiceManager: Starting com.android.server.vr.VrManagerService
01-04 18:53:16.518   452   452 W hwservicemanager: getTransport: Cannot find entry android.hardware.vr@1.0::IVr/default in either framework or device manifest.
01-04 18:53:16.520   634   827 D SystemServerTimingAsync: StartHidlServices took to complete: 5ms
01-04 18:53:16.520   634   827 D SystemServerInitThreadPool: Finished executing StartHidlServices
01-04 18:53:16.520   634   634 W VrManagerService: init_native: Could not open IVr interface
01-04 18:53:16.521   634  1176 I HidlSensorManager: hidl_ssvc_poll started.
01-04 18:53:16.521   634   634 D SystemServerTiming: StartVrManagerService took to complete: 6ms
01-04 18:53:16.521   634   634 I SystemServer: StartInputManager
01-04 18:53:16.522   471   674 I MDMCTBK : [0] - mot_sar_sensor_init_thread:Front Sensor Proximity sensor found! at index 7
01-04 18:53:16.522   471   674 I MDMCTBK : [0] - mot_sar_sensor_init_thread:Rear Sensor Rear Proximity sensor found! at index 15
01-04 18:53:16.522   471   674 I MDMCTBK : [0] - mot_sar_sensor_init_thread:Secondary Rear Sensor Rear Proximity sensor, Secondary found! at index 16
01-04 18:53:16.522   471   674 E MDMCTBK : [0] - mot_sar_sensor_init_thread:Create new event queue!
01-04 18:53:16.522   634   634 I InputManager: Starting input manager
01-04 18:53:16.522   471   674 I MDMCTBK : [0] - mot_sar_sensor_update_sensor_state:No state update needed return immediately - current sensor state = 0
01-04 18:53:16.522   471   674 I MDMCTBK : [0] - mot_sar_sensor_init_thread:Starting poll Thread!
01-04 18:53:16.523   471   655 E MDMCTBK : [0] - init:time to execute mot_sar_sensor_init() = 3.728752(secs)
01-04 18:53:16.523   471   655 E MDMCTBK : [0] - eventLoop:Event Loop - time to execute = 3.744203(secs)
01-04 18:53:16.523   471   655 I MDMCTBK : [0] - eventLoop:Event loop - Handle Event = MDMCUTBK_USB_CHARGER_STATE_CHANGED_EV
01-04 18:53:16.523   471   655 I MDMCTBK : [0] - handleUsbChangerStateChangedEvent:MdmCutbackHndler - handle usb state change - enter
01-04 18:53:16.523   471   655 I MDMCTBK : [0] - handleUsbChangerStateChangedEvent:MdmCutbackHndler - handle usb state change - exit
01-04 18:53:16.523   471   655 E MDMCTBK : [0] - eventLoop:Event Loop - time to execute = 0.000351(secs)
01-04 18:53:16.523   471   655 I MDMCTBK : [0] - eventLoop:Event loop - Handle Event = MDMCUTBK_REAR_IMAGER_STATE_CHANGED_EV
01-04 18:53:16.523   471   655 I MDMCTBK : [0] - handleRearImagerStateChangedEvent:MdmCutbackHndler - rear imager state changed event - state = 0
01-04 18:53:16.523   471   655 E MDMCTBK : [0] - mot_sar_sensor_camera_state_changed:hit into Rear Sensor operater!
01-04 18:53:16.523   471   655 I MDMCTBK : [0] - mot_sar_sensor_camera_state_changed:No state update needed return immediately - current APM state = 1
01-04 18:53:16.523   471   655 I MDMCTBK : [0] - handleRearImagerStateChangedEvent:MdmCutbackHndler - rear imager state changed event - exit
01-04 18:53:16.523   471   655 E MDMCTBK : [0] - eventLoop:Event Loop - time to execute = 0.000024(secs)
01-04 18:53:16.523   471   655 I MDMCTBK : [0] - eventLoop:Event loop - Handle Event = MDMCUTBK_REAR_IMAGER_STATE_CHANGED_EV
01-04 18:53:16.523   471   655 I MDMCTBK : [0] - handleRearImagerStateChangedEvent:MdmCutbackHndler - rear imager state changed event - state = 1
01-04 18:53:16.523   471   655 E MDMCTBK : [0] - mot_sar_sensor_camera_state_changed:hit into Rear Sensor operater!
01-04 18:53:16.523   471   655 I MDMCTBK : [0] - mot_sar_sensor_camera_state_changed:No state update needed return immediately - current APM state = 1
01-04 18:53:16.523   471   655 I MDMCTBK : [0] - handleRearImagerStateChangedEvent:MdmCutbackHndler - rear imager state changed event - exit
01-04 18:53:16.523   471   655 E MDMCTBK : [0] - eventLoop:Event Loop - time to execute = 0.000022(secs)
01-04 18:53:16.523   471   655 I MDMCTBK : [0] - eventLoop:Event loop - wait for event
01-04 18:53:16.524   634   634 D SystemServerTiming: StartInputManager took to complete: 2ms
01-04 18:53:16.524   634   634 I SystemServer: DisplayManagerWindowManagerAndInputReady
01-04 18:53:16.524   634   634 D SystemServerTiming: DisplayManagerWindowManagerAndInputReady took to complete: 0ms
01-04 18:53:16.524   634   634 I SystemServer: StartBluetoothService
01-04 18:53:16.524   634   634 I SystemServiceManager: Starting com.android.server.BluetoothService
01-04 18:53:16.524   726   726 D MotSensorListener: enableSensor: SensorEventQueue enableSensor(SENSOR_GYROSCOPE)
01-04 18:53:16.525   634  1033 I MotoSensors: Sensorhub hal setDelay: 2 - 5
01-04 18:53:16.525   634  1033 I MotoSensors: Sensorhub hal setdelay: 2 - 5
01-04 18:53:16.525   634  1033 I MotoSensors: HubSensors::updateAccelRate 200
01-04 18:53:16.525   634  1033 I MotoSensors: HubSensors::updateGyroRate 200
01-04 18:53:16.525   634  1033 I MotoSensors: HubSensors::updateMagRate 200
01-04 18:53:16.525   634  1033 I MotoSensors: Sensorhub hal enable: 2 - 1
01-04 18:53:16.525   634  1033 I MotoSensors: HubSensors::updateGyroRate 5
01-04 18:53:16.525   634  1033 D MotoSensors: GameRotationVector: freefall
01-04 18:53:16.527   634   634 D BluetoothManagerService: Loading stored name and address
01-04 18:53:16.527   634  1180 E KeyLayoutMap: /system/usr/keylayout/uinput-fpc.kl:12: Expected key code label, got 'FPS_ONENAV_DOWN'.
01-04 18:53:16.527   634   634 D BluetoothManagerService: Stored bluetooth Name=Moto G5 Plus,Address=80:58:F8:54:36:F4
01-04 18:53:16.528   634   634 D BluetoothManagerService: Bluetooth persisted state: 0
01-04 18:53:16.528   634   634 D BluetoothManagerService: Detected SystemUiUid: 10054
01-04 18:53:16.528   634   634 D SystemServerTiming: StartBluetoothService took to complete: 4ms
01-04 18:53:16.528   634   634 I SystemServer: IpConnectivityMetrics
01-04 18:53:16.529   634   634 I SystemServiceManager: Starting com.android.server.connectivity.IpConnectivityMetrics
01-04 18:53:16.527   634  1180 E KeyLayoutMap: /system/usr/keylayout/uinput-fpc.kl:12: Expected key code label, got 'FPS_ONENAV_DOWN'.
01-04 18:53:16.529   726   726 I mm-camera: <MCT   >< INFO> 6156: mct_pipeline_start_stream_internal: Adding session stream streamid= 0xf for session=1
01-04 18:53:16.529   726   726 I mm-camera: <MCT   >< INFO> 6204: mct_pipeline_start_stream_internal: Linking session stream for session 1
01-04 18:53:16.529   726   726 I mm-camera: <MCT   >< INFO> 558: mct_stream_start_link: Start linking Session-stream 0x1000f
01-04 18:53:16.529   726   726 I mm-camera: <ISP   >< INFO> 872: isp_port_check_caps_reserve: port 0xe8cf1640 ide 1000f type 10 dim 0 0
01-04 18:53:16.529   726   726 I mm-camera: <PPROC >< INFO> 446: pproc_port_add_modules_to_stream: in identity 1000f stream 10 int_link = 0xe8cf7dc0
01-04 18:53:16.529   726   726 I mm-camera: <PPROC >< INFO> 458: pproc_port_add_modules_to_stream: :LINK linking mods tmod and paaf for identity 1000f
01-04 18:53:16.529   726   726 I mm-camera: <PPROC >< INFO> 458: pproc_port_add_modules_to_stream: :LINK linking mods paaf and mot_vstab for identity 1000f
01-04 18:53:16.530   726   726 D MotISP_VSTAB: created
01-04 18:53:16.530   726   726 D         : VSTAB sink port width is 0x0 for stream 10
01-04 18:53:16.530   726   726 I mm-camera: <PPROC >< INFO> 458: pproc_port_add_modules_to_stream: :LINK linking mods mot_vstab and c2d for identity 1000f
01-04 18:53:16.530   726   726 I mm-camera: <C2D   >< INFO> 1490: c2d_module_notify_add_stream: width 0, height 0, stride 0, scanline 0, is_type 0
01-04 18:53:16.530   726   726 I mm-camera: <PPROC >< INFO> 458: pproc_port_add_modules_to_stream: :LINK linking mods c2d and cpp for identity 1000f
01-04 18:53:16.530   726   726 I mm-camera: <CPP   >< INFO> 2202: cpp_module_notify_add_stream: :width 0, height 0, stride 0, scanline 0, framelen 0
01-04 18:53:16.530   726   726 I mm-camera: <CPP   >< INFO> 2367: cpp_module_notify_add_stream: : stream 10, fmt 1, asf_mode 0, sharpness_level 0.000000,asf mask 0, denoise 0, denoise_mask 0, dsdn mask 0,dsdn enable 0, tnr mask 0, tnr enable 0, ds_mask 0
01-04 18:53:16.530   726   726 I mm-camera: <PPROC >< INFO> 458: pproc_port_add_modules_to_stream: :LINK linking mods cpp and sw_tnr for identity 1000f
01-04 18:53:16.531   634   634 D SystemServerTiming: IpConnectivityMetrics took to complete: 2ms
01-04 18:53:16.531   634   634 I SystemServer: NetworkWatchlistService
01-04 18:53:16.531   726   726 I mm-camera: <PPROC >< INFO> 458: pproc_port_add_modules_to_stream: :LINK linking mods sw_tnr and llvd for identity 1000f
01-04 18:53:16.531   634   634 I SystemServiceManager: Starting com.android.server.net.watchlist.NetworkWatchlistService$Lifecycle
01-04 18:53:16.531   726   726 I mm-camera: <PPROC >< INFO> 458: pproc_port_add_modules_to_stream: :LINK linking mods llvd and ezt for identity 1000f
01-04 18:53:16.531   726   726 I mm-camera: <PPROC >< INFO> 458: pproc_port_add_modules_to_stream: :LINK linking mods ezt and quadracfa for identity 1000f
01-04 18:53:16.532   634  1180 W EventHub: Unable to disable kernel key repeat for /dev/input/event14: Function not implemented
01-04 18:53:16.532   634  1180 I EventHub: wakeMechanism=EPOLLWAKEUP, usingClockIoctl=true
01-04 18:53:16.532   634  1180 I EventHub: New device: id=1, fd=119, path='/dev/input/event14', name='uinput-fpc', classes=0x1, configuration='/system/usr/idc/uinput-fpc.idc', keyLayout='/system/usr/keylayout/Generic.kl', keyCharacterMap='/system/usr/keychars/Generic.kcm', builtinKeyboard=true, 
01-04 18:53:16.532   634  1180 D EventHub: No input device configuration file found for device 'msm8953-snd-card Button Jack'.
01-04 18:53:16.534   726   726 D MotSensorListener: enableSensor: SensorEventQueue enableSensor(SENSOR_ORIENTATION)
01-04 18:53:16.534   634  1033 I MotoSensors: Sensorhub hal setDelay: 9 - 10000
01-04 18:53:16.534   634  1033 I MotoSensors: Sensorhub hal setdelay: 9 - 0
01-04 18:53:16.534   634  1033 I MotoSensors: Sensorhub hal enable: 9 - 1
01-04 18:53:16.534   634  1033 D MotoSensors: GameRotationVector: freefall
01-04 18:53:16.535   634  1180 W EventHub: Unable to disable kernel key repeat for /dev/input/event13: Function not implemented
01-04 18:53:16.535   634  1180 I EventHub: wakeMechanism=EPOLLWAKEUP, usingClockIoctl=true
01-04 18:53:16.535   634  1180 I EventHub: New device: id=2, fd=120, path='/dev/input/event13', name='msm8953-snd-card Button Jack', classes=0x1, configuration='', keyLayout='/system/usr/keylayout/Generic.kl', keyCharacterMap='/system/usr/keychars/Generic.kcm', builtinKeyboard=false, 
01-04 18:53:16.535   726   726 E mm-camera: <STATS ><ERROR> 3270: stats_port_check_caps_reserve: Invalid Port capability type!
01-04 18:53:16.535   726   726 E mm-camera: <STATS ><ERROR> 3270: stats_port_check_caps_reserve: Invalid Port capability type!
01-04 18:53:16.535   634  1180 D EventHub: No input device configuration file found for device 'msm8953-snd-card Headset Jack'.
01-04 18:53:16.535   726   726 E mm-camera: <STATS ><ERROR> 3270: stats_port_check_caps_reserve: Invalid Port capability type!
01-04 18:53:16.535   726   726 E mm-camera: <STATS ><ERROR> 3270: stats_port_check_caps_reserve: Invalid Port capability type!
01-04 18:53:16.535   634  1180 I EventHub: wakeMechanism=EPOLLWAKEUP, usingClockIoctl=true
01-04 18:53:16.535   726   726 E mm-camera: <STATS ><ERROR> 3270: stats_port_check_caps_reserve: Invalid Port capability type!
01-04 18:53:16.535   634  1180 I EventHub: New device: id=3, fd=123, path='/dev/input/event12', name='msm8953-snd-card Headset Jack', classes=0x80, configuration='', keyLayout='', keyCharacterMap='', builtinKeyboard=false, 
01-04 18:53:16.535   634  1180 D EventHub: No input device configuration file found for device 'sensorprocessor'.
01-04 18:53:16.535   726   726 I mm-camera: <MCT   >< INFO> 6213: mct_pipeline_start_stream_internal: Session stream linked successfully session 1
01-04 18:53:16.537   634   634 I WatchlistSettings: Reload watchlist settings done
01-04 18:53:16.533   634   634 I hidl_ssvc_poll: type=1400 audit(0.0:112): avc: denied { call } for uid=1000 scontext=u:r:system_server:s0 tcontext=u:r:mm-qcamerad:s0 tclass=binder permissive=1
01-04 18:53:16.538   634  1181 I WatchlistLoggingHandler: No need to aggregate record yet.
01-04 18:53:16.538   634  1180 W EventHub: Unable to disable kernel key repeat for /dev/input/event1: Function not implemented
01-04 18:53:16.538   634  1180 I EventHub: wakeMechanism=EPOLLWAKEUP, usingClockIoctl=true
01-04 18:53:16.538   634  1180 I EventHub: New device: id=4, fd=124, path='/dev/input/event1', name='sensorprocessor', classes=0x81, configuration='', keyLayout='/system/usr/keylayout/Generic.kl', keyCharacterMap='/system/usr/keychars/Generic.kcm', builtinKeyboard=false, 
01-04 18:53:16.538   634  1181 I WatchlistLoggingHandler: Milliseconds spent on tryAggregateRecords(): 0
01-04 18:53:16.538   634  1180 D EventHub: No input device configuration file found for device 'qpnp_pon'.
01-04 18:53:16.539   634   634 D SystemServerTiming: NetworkWatchlistService took to complete: 8ms
01-04 18:53:16.539   634   634 I SystemServer: PinnerService
01-04 18:53:16.539   726  1187 I mm-3a-core: moto_led_calibration_notify_chromatix_3a_addr led position 1 rear_chromatix pointer set
01-04 18:53:16.539   634   634 I SystemServiceManager: Starting com.android.server.PinnerService
01-04 18:53:16.539   726  1187 I mm-camera: <IMGLIB>< INFO> 2062: module_faceproc_query_mod: Caps ROI 32 scene_mode_cnt 1 HW analysis supported 0
01-04 18:53:16.540   726  1187 I mm-camera: <MCT   >< INFO> 1941: mct_pipeline_append_fps_entry:  Added hal_table[0]: (15.000000, 15.000000)
01-04 18:53:16.540   726  1187 I mm-camera: <MCT   >< INFO> 1941: mct_pipeline_append_fps_entry:  Added hal_table[1]: (15.000000, 20.000000)
01-04 18:53:16.540   726  1187 I mm-camera: <MCT   >< INFO> 1954: mct_pipeline_append_fps_entry:  Added hal_table[2]: (20.000000, 20.000000)
01-04 18:53:16.540   726  1187 I mm-camera: <MCT   >< INFO> 1941: mct_pipeline_append_fps_entry:  Added hal_table[3]: (15.000000, 30.000000)
01-04 18:53:16.540   726  1187 I mm-camera: <MCT   >< INFO> 1954: mct_pipeline_append_fps_entry:  Added hal_table[4]: (30.000000, 30.000000)
01-04 18:53:16.540   726  1187 I mm-camera: <MCT   >< INFO> 1941: mct_pipeline_append_fps_entry:  Added hal_table[5]: (24.000000, 30.000000)
01-04 18:53:16.540   726  1187 I mm-camera: <MCT   >< INFO> 3168: mct_pipeline_fill_dimensions_snapshot: Cam 0: FPS range selection complete. Publishing 6 ranges.
01-04 18:53:16.541   634  1180 W EventHub: Unable to disable kernel key repeat for /dev/input/event0: Function not implemented
01-04 18:53:16.541   634  1180 I EventHub: wakeMechanism=EPOLLWAKEUP, usingClockIoctl=true
01-04 18:53:16.541   634  1180 I EventHub: New device: id=5, fd=125, path='/dev/input/event0', name='qpnp_pon', classes=0x1, configuration='', keyLayout='/system/usr/keylayout/Generic.kl', keyCharacterMap='/system/usr/keychars/Generic.kcm', builtinKeyboard=false, 
01-04 18:53:16.541   726   726 I mm-camera: <MCT   >< INFO> 216: mct_controller_destroy: Initiating destroy sequence for session = 1
01-04 18:53:16.541   634  1180 D EventHub: No input device configuration file found for device 'wg_pwrkey'.
01-04 18:53:16.541   726   726 I mm-camera: <MCT   >< INFO> 234: mct_controller_destroy: serv_thread closed
01-04 18:53:16.541   726   726 I mm-camera: <MCT   >< INFO> 249: mct_controller_destroy: bus_handler thread closed
01-04 18:53:16.541   726   726 I mm-camera: <MCT   >< INFO> 6313: mct_pipeline_stop_session: Initiating stop_session on session 1
01-04 18:53:16.541   726   726 I mm-camera: <MCT   >< INFO> 5572: mct_pipeline_process_set: Issuing DEL_STREAM on stream 0x1000f and stream type=10
01-04 18:53:16.541   726   726 I mm-camera: <IFACE >< INFO> 671: iface_unreserve_sink_port: stream_id f mode 0 
01-04 18:53:16.541   726   726 I mm-camera: <ISP   >< INFO> 961: isp_port_check_caps_unreserve: ide 1000f port 0xe8cf1640
01-04 18:53:16.542   726   726 D MotISP_VSTAB: destroyed
01-04 18:53:16.542   726   726 D MotSensorListener: disableSensor: SensorEventQueue disableSensor(SENSOR_ORIENTATION)
01-04 18:53:16.543   634  1033 I MotoSensors: Sensorhub hal enable: 9 - 0
01-04 18:53:16.543   634  1033 D MotoSensors: GameRotationVector: freefall
01-04 18:53:16.543   726   726 D MotSensorListener: disableSensor: SensorEventQueue disableSensor(SENSOR_GYROSCOPE)
01-04 18:53:16.544   634  1180 W EventHub: Unable to disable kernel key repeat for /dev/input/event3: Function not implemented
01-04 18:53:16.544   634  1180 I EventHub: wakeMechanism=EPOLLWAKEUP, usingClockIoctl=true
01-04 18:53:16.544   634  1180 I EventHub: New device: id=6, fd=126, path='/dev/input/event3', name='wg_pwrkey', classes=0x1, configuration='', keyLayout='/system/usr/keylayout/Generic.kl', keyCharacterMap='/system/usr/keychars/Generic.kcm', builtinKeyboard=false, 
01-04 18:53:16.544   634  1033 I MotoSensors: Sensorhub hal enable: 2 - 0
01-04 18:53:16.544   634  1033 D MotoSensors: GameRotationVector: freefall
01-04 18:53:16.544   634  1180 D EventHub: No input device configuration file found for device 'light2'.
01-04 18:53:16.544   726   726 I mm-camera: <STATS_Q3A >< INFO> 574: q3a_thread_aecawb_stop: q3a MSG_STOP_THREAD
01-04 18:53:16.544   634   854 D PinnerService: pinRangeStream: null
01-04 18:53:16.544   634   634 D SystemServerTiming: PinnerService took to complete: 5ms
01-04 18:53:16.544   634   634 I SystemServer: StartInputMethodManagerLifecycle
01-04 18:53:16.544   634   634 I SystemServiceManager: Starting com.android.server.InputMethodManagerService$Lifecycle
01-04 18:53:16.545   726   726 I mm-camera: <STATS_Q3A >< INFO> 584: q3a_thread_aecawb_stop: q3a pthread_join
01-04 18:53:16.545   726   726 I mm-camera: <STATS_Q3A >< INFO> 589: q3a_thread_aecawb_stop: q3a stop thread rc 1
01-04 18:53:16.545   726   726 I mm-camera: <STATS_AFD >< INFO> 331: afd_thread_stop: AFD MSG_STOP_AFD_THREAD
01-04 18:53:16.545   726   726 I mm-camera: <STATS_AFD >< INFO> 337: afd_thread_stop: AFD pthread_join
01-04 18:53:16.545   726   726 I mm-camera: <STATS_AFD >< INFO> 342: afd_thread_stop: AFD stop thread 1
01-04 18:53:16.545   726   726 I mm-camera: <STATS_ASD >< INFO> 420: asd_thread_stop: asd MSG_STOP_ASD_THREAD
01-04 18:53:16.545   726   726 I mm-camera: <STATS_ASD >< INFO> 426: asd_thread_stop: asd pthread_join
01-04 18:53:16.546   726   726 I mm-camera: <STATS_ASD >< INFO> 431: asd_thread_stop: asd stop thread rc 1
01-04 18:53:16.546   726   726 I mm-camera: <STATS_AIS >< INFO> 212: is_thread_stop: is thread stop! 
01-04 18:53:16.546   726   726 I mm-camera: <STATS_AIS >< INFO> 225: is_thread_stop: is thread stop! 1
01-04 18:53:16.546   726   726 I mm-camera: <MCT   >< INFO> 5583: mct_pipeline_process_set: Stream 0x1000f and stream type=10, successfully deleted
01-04 18:53:16.546   726  1192 I mm-camera: <MCT   >< INFO> 6047: mct_pipeline_stop_session_thread: Stop module name: sensor - E
01-04 18:53:16.546   726  1194 I mm-camera: <MCT   >< INFO> 6047: mct_pipeline_stop_session_thread: Stop module name: iface - E
01-04 18:53:16.547   726  1194 I mm-camera: <MCT   >< INFO> 6055: mct_pipeline_stop_session_thread: Stop module name: iface - X
01-04 18:53:16.549   726  1195 I mm-camera: <MCT   >< INFO> 6047: mct_pipeline_stop_session_thread: Stop module name: isp - E
01-04 18:53:16.549   726  1195 I mm-camera: <ISP   >< INFO> 487: isp_module_stop_session: session id 1
01-04 18:53:16.549   726  1196 I mm-camera: <MCT   >< INFO> 6047: mct_pipeline_stop_session_thread: Stop module name: stats - E
01-04 18:53:16.550   726  1196 I mm-camera: <STATS >< INFO> 125: stats_module_sub_mod_stop_session: q3a stop session
01-04 18:53:16.552   726  1195 I mm-camera: <MCT   >< INFO> 6055: mct_pipeline_stop_session_thread: Stop module name: isp - X
01-04 18:53:16.553   726  1197 I mm-camera: <MCT   >< INFO> 6047: mct_pipeline_stop_session_thread: Stop module name: pproc - E
01-04 18:53:16.556   726  1198 I mm-camera: <MCT   >< INFO> 6047: mct_pipeline_stop_session_thread: Stop module name: imglib - E
01-04 18:53:16.557   726  1198 I mm-camera: <MCT   >< INFO> 6055: mct_pipeline_stop_session_thread: Stop module name: imglib - X
01-04 18:53:16.557   726   726 I mm-camera: <MCT   >< INFO> 6335: mct_pipeline_stop_session: Modules left: 6
01-04 18:53:16.557   726  1199 I mm-camera: <MCT   >< INFO> 6047: mct_pipeline_stop_session_thread: Stop module name: drsd - E
01-04 18:53:16.557   726   726 I mm-camera: <MCT   >< INFO> 6335: mct_pipeline_stop_session: Modules left: 5
01-04 18:53:16.557   726   726 I mm-camera: <MCT   >< INFO> 6335: mct_pipeline_stop_session: Modules left: 4
01-04 18:53:16.558   726  1197 I mm-camera: <MCT   >< INFO> 6055: mct_pipeline_stop_session_thread: Stop module name: pproc - X
01-04 18:53:16.558   726   726 I mm-camera: <MCT   >< INFO> 6335: mct_pipeline_stop_session: Modules left: 3
01-04 18:53:16.558   726  1199 I mm-camera: <MCT   >< INFO> 6055: mct_pipeline_stop_session_thread: Stop module name: drsd - X
01-04 18:53:16.558   726   726 I mm-camera: <MCT   >< INFO> 6335: mct_pipeline_stop_session: Modules left: 2
01-04 18:53:16.559   726  1196 I mm-camera: <STATS >< INFO> 129: stats_module_sub_mod_stop_session: q3a stop session done
01-04 18:53:16.559   726  1196 I mm-camera: <STATS >< INFO> 125: stats_module_sub_mod_stop_session: afd stop session
01-04 18:53:16.559   726  1196 I mm-camera: <STATS >< INFO> 129: stats_module_sub_mod_stop_session: afd stop session done
01-04 18:53:16.559   726  1196 I mm-camera: <STATS >< INFO> 125: stats_module_sub_mod_stop_session: asd stop session
01-04 18:53:16.559   634   634 D SystemServerTiming: StartInputMethodManagerLifecycle took to complete: 15ms
01-04 18:53:16.559   634   634 I SystemServer: StartAccessibilityManagerService
01-04 18:53:16.559   726  1196 I mm-camera: <STATS >< INFO> 129: stats_module_sub_mod_stop_session: asd stop session done
01-04 18:53:16.559   726  1196 I mm-camera: <STATS >< INFO> 125: stats_module_sub_mod_stop_session: is stop session
01-04 18:53:16.559   726  1196 I mm-camera: <STATS >< INFO> 129: stats_module_sub_mod_stop_session: is stop session done
01-04 18:53:16.559   726  1196 I mm-camera: <STATS >< INFO> 355: stats_module_stop_session: X
01-04 18:53:16.559   726  1196 I mm-camera: <MCT   >< INFO> 6055: mct_pipeline_stop_session_thread: Stop module name: stats - X
01-04 18:53:16.559   726   726 I mm-camera: <MCT   >< INFO> 6335: mct_pipeline_stop_session: Modules left: 1
01-04 18:53:16.565   634   634 D SystemServerTiming: StartAccessibilityManagerService took to complete: 5ms
01-04 18:53:16.565   634   634 I SystemServer: MakeDisplayReady
01-04 18:53:16.566   634   634 I ActivityManager: Config changes=20005df8 {1.0 ?mcc?mnc [en_US] ldltr sw360dp w360dp h640dp 480dpi nrml long port ?uimode ?night -touch -keyb/v/h -nav/h winConfig={ mBounds=Rect(0, 0 - 0, 0) mAppBounds=Rect(0, 0 - 1080, 1920) mWindowingMode=fullscreen mActivityType=undefined} s.2}
01-04 18:53:16.571   634   854 D PinnerService: pinRangeStream: null
01-04 18:53:16.573   471   666 I MDMCTBK : [0] - rearimageStateChanged:NetlinkHandler, rearimageStateChanged
01-04 18:53:16.573   471   666 I MDMCTBK : [0] - postEventMessage:Post Event - event id = MDMCUTBK_REAR_IMAGER_STATE_CHANGED_EV
01-04 18:53:16.573   471   655 I MDMCTBK : [0] - eventLoop:Event loop - event arrived
01-04 18:53:16.573   471   655 I MDMCTBK : [0] - eventLoop:Event loop - Handle Event = MDMCUTBK_REAR_IMAGER_STATE_CHANGED_EV
01-04 18:53:16.573   471   655 I MDMCTBK : [0] - handleRearImagerStateChangedEvent:MdmCutbackHndler - rear imager state changed event - state = 0
01-04 18:53:16.573   471   655 E MDMCTBK : [0] - mot_sar_sensor_camera_state_changed:hit into Rear Sensor operater!
01-04 18:53:16.573   471   655 I MDMCTBK : [0] - mot_sar_sensor_camera_state_changed:No state update needed return immediately - current APM state = 1
01-04 18:53:16.573   471   655 I MDMCTBK : [0] - handleRearImagerStateChangedEvent:MdmCutbackHndler - rear imager state changed event - exit
01-04 18:53:16.573   471   655 E MDMCTBK : [0] - eventLoop:Event Loop - time to execute = 0.000026(secs)
01-04 18:53:16.573   471   655 I MDMCTBK : [0] - eventLoop:Event loop - wait for event
01-04 18:53:16.576   634   634 I ActivityManager: Override config changes=60007dfc {1.0 ?mcc?mnc [en_US] ldltr sw360dp w360dp h640dp 480dpi nrml long port ?uimode ?night -touch -keyb/v/h -nav/h winConfig={ mBounds=Rect(0, 0 - 1080, 1920) mAppBounds=Rect(0, 0 - 1080, 1920) mWindowingMode=fullscreen mActivityType=undefined} s.2} for displayId=0
01-04 18:53:16.584   634   634 I ActivityManager: Config changes=20000500 {1.0 ?mcc?mnc [en_US] ldltr sw360dp w360dp h568dp 480dpi nrml port ?uimode ?night -touch -keyb/v/h -nav/h winConfig={ mBounds=Rect(0, 0 - 0, 0) mAppBounds=Rect(0, 0 - 1080, 1776) mWindowingMode=fullscreen mActivityType=undefined} s.3}
01-04 18:53:16.590   634   634 I ActivityManager: Override config changes=20000500 {1.0 ?mcc?mnc [en_US] ldltr sw360dp w360dp h568dp 480dpi nrml port ?uimode ?night -touch -keyb/v/h -nav/h winConfig={ mBounds=Rect(0, 0 - 1080, 1920) mAppBounds=Rect(0, 0 - 1080, 1776) mWindowingMode=fullscreen mActivityType=undefined} s.3} for displayId=0
01-04 18:53:16.597   726  1192 I mm-camera: <MCT   >< INFO> 6055: mct_pipeline_stop_session_thread: Stop module name: sensor - X
01-04 18:53:16.597   726   726 I mm-camera: <MCT   >< INFO> 6335: mct_pipeline_stop_session: Modules left: 0
01-04 18:53:16.597   726   726 I mm-camera: <MCT   >< INFO> 6344: mct_pipeline_stop_session: Stopped session 1 successfully
01-04 18:53:16.597   726   726 I mm-camera: <MCT   >< INFO> 6620: mct_pipeline_destroy: E: session:1
01-04 18:53:16.597   726   726 I mm-camera: <MCT   >< INFO> 6693: mct_pipeline_destroy: X: Pipeline destroyed successfully session =1
01-04 18:53:16.597   726   726 I mm-camera: <MCT   >< INFO> 282: mct_controller_destroy: X Successfully closed mct_controller session 1
01-04 18:53:16.598  1073  1073 I QCamera : <HAL><INFO> getCamInfo: 9361: camera 0 resource cost is 100
01-04 18:53:16.598  1073  1073 I QCameraHalWatchdog: Stopped Watchdog Thread (286ms)[getCamInfo]
01-04 18:53:16.598  1073  1073 I QCamera : <HAL><INFO> getCameraInfo: 361: Camera id 1 API version 768
01-04 18:53:16.598  1073  1073 I QCameraHalWatchdog: Starting Watchdog Thread...
01-04 18:53:16.599   726   726 I mm-camera: < INFO> 395: enable_memleak_trace: start memleak tracking.
01-04 18:53:16.603   726   726 I mm-camera: <MCT   >< INFO> 63: mct_controller_new: Creating new mct_controller with session-id 2
01-04 18:53:16.603   634   634 D SystemServerTiming: MakeDisplayReady took to complete: 38ms
01-04 18:53:16.603   634   634 I SystemServer: StartStorageManagerService
01-04 18:53:16.603   726  1201 I mm-camera: <MCT   >< INFO> 6235: mct_pipeline_start_session_thread: E sensor
01-04 18:53:16.603   634   634 I SystemServiceManager: Starting com.android.server.StorageManagerService$Lifecycle
01-04 18:53:16.603   726  1201 I mm-camera: <MCT   >< INFO> 6242: mct_pipeline_start_session_thread: Calling start_session on Module sensor
01-04 18:53:16.603   634  1180 D EventHub: No input device configuration file found for device 'Rear proximity sensor1'.
01-04 18:53:16.603   726  1203 I mm-camera: <MCT   >< INFO> 6235: mct_pipeline_start_session_thread: E iface
01-04 18:53:16.603   726  1203 I mm-camera: <MCT   >< INFO> 6242: mct_pipeline_start_session_thread: Calling start_session on Module iface
01-04 18:53:16.604   726  1204 I mm-camera: <MCT   >< INFO> 6235: mct_pipeline_start_session_thread: E isp
01-04 18:53:16.604   726  1204 I mm-camera: <MCT   >< INFO> 6242: mct_pipeline_start_session_thread: Calling start_session on Module isp
01-04 18:53:16.604   726  1204 I mm-camera: <ISP   >< INFO> 201: isp_module_start_session: session id 2
01-04 18:53:16.605   726  1203 I mm-camera: <MCT   >< INFO> 6245: mct_pipeline_start_session_thread: Module iface start_session rc = 1
01-04 18:53:16.606   726  1203 I mm-camera: <MCT   >< INFO> 6253: mct_pipeline_start_session_thread: started_num = 1, success = 1
01-04 18:53:16.606   726  1203 I mm-camera: <MCT   >< INFO> 6260: mct_pipeline_start_session_thread: X iface
01-04 18:53:16.606   726  1206 I mm-camera: <MCT   >< INFO> 6235: mct_pipeline_start_session_thread: E stats
01-04 18:53:16.606   726  1206 I mm-camera: <MCT   >< INFO> 6242: mct_pipeline_start_session_thread: Calling start_session on Module stats
01-04 18:53:16.607   726  1207 I mm-camera: <MCT   >< INFO> 6235: mct_pipeline_start_session_thread: E pproc
01-04 18:53:16.607   726  1207 I mm-camera: <MCT   >< INFO> 6242: mct_pipeline_start_session_thread: Calling start_session on Module pproc
01-04 18:53:16.607   726  1208 I mm-camera: <MCT   >< INFO> 6235: mct_pipeline_start_session_thread: E imglib
01-04 18:53:16.607   726  1208 I mm-camera: <MCT   >< INFO> 6242: mct_pipeline_start_session_thread: Calling start_session on Module imglib
01-04 18:53:16.608   726  1208 I mm-camera: <MCT   >< INFO> 6245: mct_pipeline_start_session_thread: Module imglib start_session rc = 1
01-04 18:53:16.608   726  1208 I mm-camera: <MCT   >< INFO> 6253: mct_pipeline_start_session_thread: started_num = 2, success = 2
01-04 18:53:16.608   726  1208 I mm-camera: <MCT   >< INFO> 6260: mct_pipeline_start_session_thread: X imglib
01-04 18:53:16.608   726  1210 I mm-camera: <MCT   >< INFO> 6235: mct_pipeline_start_session_thread: E drsd
01-04 18:53:16.608   726  1210 I mm-camera: <MCT   >< INFO> 6242: mct_pipeline_start_session_thread: Calling start_session on Module drsd
01-04 18:53:16.609   726  1210 E mm-camera: <IMGLIB><ERROR> 1180: module_drsd_start_session: module_drsd_start_session:1180] E
01-04 18:53:16.609   726  1210 I mm-camera: <MCT   >< INFO> 6245: mct_pipeline_start_session_thread: Module drsd start_session rc = 1
01-04 18:53:16.609   726  1210 I mm-camera: <MCT   >< INFO> 6253: mct_pipeline_start_session_thread: started_num = 3, success = 3
01-04 18:53:16.609   726  1210 I mm-camera: <MCT   >< INFO> 6260: mct_pipeline_start_session_thread: X drsd
01-04 18:53:16.610   726  1207 I mm-camera: <MCT   >< INFO> 6245: mct_pipeline_start_session_thread: Module pproc start_session rc = 1
01-04 18:53:16.610   726  1207 I mm-camera: <MCT   >< INFO> 6253: mct_pipeline_start_session_thread: started_num = 4, success = 4
01-04 18:53:16.610   726  1207 I mm-camera: <MCT   >< INFO> 6260: mct_pipeline_start_session_thread: X pproc
01-04 18:53:16.611   726  1206 I mm-camera: <MCT   >< INFO> 6245: mct_pipeline_start_session_thread: Module stats start_session rc = 1
01-04 18:53:16.611   726  1206 I mm-camera: <MCT   >< INFO> 6253: mct_pipeline_start_session_thread: started_num = 5, success = 5
01-04 18:53:16.611   726  1206 I mm-camera: <MCT   >< INFO> 6260: mct_pipeline_start_session_thread: X stats
01-04 18:53:16.612   726  1204 I mm-camera: <MCT   >< INFO> 6245: mct_pipeline_start_session_thread: Module isp start_session rc = 1
01-04 18:53:16.612   726  1204 I mm-camera: <MCT   >< INFO> 6253: mct_pipeline_start_session_thread: started_num = 6, success = 6
01-04 18:53:16.612   726  1204 I mm-camera: <MCT   >< INFO> 6260: mct_pipeline_start_session_thread: X isp
01-04 18:53:16.614   726  1201 I mm-camera: <MCT   >< INFO> 6245: mct_pipeline_start_session_thread: Module sensor start_session rc = 1
01-04 18:53:16.614   726  1201 I mm-camera: <MCT   >< INFO> 6253: mct_pipeline_start_session_thread: started_num = 7, success = 7
01-04 18:53:16.614   726  1201 I mm-camera: <MCT   >< INFO> 6260: mct_pipeline_start_session_thread: X sensor
01-04 18:53:16.621   634  1212 D StorageManagerService: Thinking about init, mSystemReady=false, mDaemonConnected=true
01-04 18:53:16.621   634   634 D SystemServerTiming: StartStorageManagerService took to complete: 19ms
01-04 18:53:16.621   634  1212 D StorageManagerService: Thinking about reset, mSystemReady=false, mDaemonConnected=true
01-04 18:53:16.621   634   634 I SystemServer: StartStorageStatsService
01-04 18:53:16.621   634   634 I SystemServiceManager: Starting com.android.server.usage.StorageStatsService$Lifecycle
01-04 18:53:16.622   463   467 E vold    : Failed to read field SystemLocale: Success
01-04 18:53:16.623   634  1212 E StorageManagerService: Failed to read field SystemLocale
01-04 18:53:16.623   634  1212 E StorageManagerService: android.os.ServiceSpecificException: Failed to read field SystemLocale (code 0)
01-04 18:53:16.623   634  1212 E StorageManagerService: 	at android.os.Parcel.createException(Parcel.java:1964)
01-04 18:53:16.623   634  1212 E StorageManagerService: 	at android.os.Parcel.readException(Parcel.java:1918)
01-04 18:53:16.623   634  1212 E StorageManagerService: 	at android.os.Parcel.readException(Parcel.java:1868)
01-04 18:53:16.623   634  1212 E StorageManagerService: 	at android.os.IVold$Stub$Proxy.fdeGetField(IVold.java:1112)
01-04 18:53:16.623   634  1212 E StorageManagerService: 	at com.android.server.StorageManagerService.getField(StorageManagerService.java:2423)
01-04 18:53:16.623   634  1212 E StorageManagerService: 	at com.android.server.StorageManagerService.copyLocaleFromMountService(StorageManagerService.java:983)
01-04 18:53:16.623   634  1212 E StorageManagerService: 	at com.android.server.StorageManagerService.handleDaemonConnected(StorageManagerService.java:976)
01-04 18:53:16.623   634  1212 E StorageManagerService: 	at com.android.server.StorageManagerService.access$900(StorageManagerService.java:172)
01-04 18:53:16.623   634  1212 E StorageManagerService: 	at com.android.server.StorageManagerService$StorageManagerServiceHandler.handleMessage(StorageManagerService.java:573)
01-04 18:53:16.623   634  1212 E StorageManagerService: 	at android.os.Handler.dispatchMessage(Handler.java:106)
01-04 18:53:16.623   634  1212 E StorageManagerService: 	at android.os.Looper.loop(Looper.java:193)
01-04 18:53:16.623   634  1212 E StorageManagerService: 	at android.os.HandlerThread.run(HandlerThread.java:65)
01-04 18:53:16.624   726   726 I ZAF     : zaf_init:57: log_level:INFO 
01-04 18:53:16.627   634   634 D SystemServerTiming: StartStorageStatsService took to complete: 5ms
01-04 18:53:16.627   634   634 I SystemServer: StartUiModeManager
01-04 18:53:16.627   634   634 I SystemServiceManager: Starting com.android.server.UiModeManagerService
01-04 18:53:16.630   726   726 D MotSensorListener: enableSensor: SensorEventQueue enableSensor(SENSOR_GYROSCOPE)
01-04 18:53:16.631   634   634 D SystemServerTiming: StartUiModeManager took to complete: 4ms
01-04 18:53:16.631   634   634 I SystemServer: UpdatePackagesIfNeeded
01-04 18:53:16.631   634   634 D SystemServerTiming: UpdatePackagesIfNeeded took to complete: 1ms
01-04 18:53:16.631   634  1032 D SystemServerInitThreadPool: Started executing UiModeManager.onStart
01-04 18:53:16.631   634   634 I SystemServer: PerformFstrimIfNeeded
01-04 18:53:16.631   634  1033 I MotoSensors: Sensorhub hal setDelay: 2 - 5
01-04 18:53:16.631   634  1033 I MotoSensors: Sensorhub hal setdelay: 2 - 5
01-04 18:53:16.631   634  1033 I MotoSensors: HubSensors::updateGyroRate 200
01-04 18:53:16.631   634  1033 I MotoSensors: Sensorhub hal enable: 2 - 1
01-04 18:53:16.631   634  1033 I MotoSensors: HubSensors::updateGyroRate 5
01-04 18:53:16.631   634  1033 D MotoSensors: GameRotationVector: freefall
01-04 18:53:16.632   634  1032 I ActivityManager: Config changes=200 {1.0 ?mcc?mnc [en_US] ldltr sw360dp w360dp h568dp 480dpi nrml port -touch -keyb/v/h -nav/h winConfig={ mBounds=Rect(0, 0 - 0, 0) mAppBounds=Rect(0, 0 - 1080, 1776) mWindowingMode=fullscreen mActivityType=undefined} s.4}
01-04 18:53:16.632   726   726 I mm-camera: <MCT   >< INFO> 6156: mct_pipeline_start_stream_internal: Adding session stream streamid= 0xf for session=2
01-04 18:53:16.632   726   726 I mm-camera: <MCT   >< INFO> 6204: mct_pipeline_start_stream_internal: Linking session stream for session 2
01-04 18:53:16.632   726   726 I mm-camera: <MCT   >< INFO> 558: mct_stream_start_link: Start linking Session-stream 0x2000f
01-04 18:53:16.632   634   634 D SystemServerTiming: PerformFstrimIfNeeded took to complete: 1ms
01-04 18:53:16.632   634   634 I SystemServer: StartLockSettingsService
01-04 18:53:16.632   726   726 I mm-camera: <IFACE >< INFO> 338: iface_util_find_primary_cid: iface_util_find_primary_cid:338 error cannot find primary sensor format cids 1
01-04 18:53:16.632   726   726 I mm-camera: <ISP   >< INFO> 872: isp_port_check_caps_reserve: port 0xe8cf1640 ide 2000f type 10 dim 0 0
01-04 18:53:16.632   634   634 I SystemServiceManager: Starting com.android.server.locksettings.LockSettingsService$Lifecycle
01-04 18:53:16.632   726   726 I mm-camera: <PPROC >< INFO> 446: pproc_port_add_modules_to_stream: in identity 2000f stream 10 int_link = 0xe8cf7dc0
01-04 18:53:16.632   726   726 I mm-camera: <PPROC >< INFO> 458: pproc_port_add_modules_to_stream: :LINK linking mods tmod and paaf for identity 2000f
01-04 18:53:16.633   726   726 I mm-camera: <PPROC >< INFO> 458: pproc_port_add_modules_to_stream: :LINK linking mods paaf and mot_vstab for identity 2000f
01-04 18:53:16.633   726   726 D MotISP_VSTAB: created
01-04 18:53:16.633   726   726 D         : VSTAB sink port width is 0x0 for stream 10
01-04 18:53:16.633   726   726 I mm-camera: <PPROC >< INFO> 458: pproc_port_add_modules_to_stream: :LINK linking mods mot_vstab and c2d for identity 2000f
01-04 18:53:16.633   726   726 I mm-camera: <C2D   >< INFO> 1490: c2d_module_notify_add_stream: width 0, height 0, stride 0, scanline 0, is_type 0
01-04 18:53:16.633   726   726 I mm-camera: <PPROC >< INFO> 458: pproc_port_add_modules_to_stream: :LINK linking mods c2d and cpp for identity 2000f
01-04 18:53:16.633   726   726 I mm-camera: <CPP   >< INFO> 2202: cpp_module_notify_add_stream: :width 0, height 0, stride 0, scanline 0, framelen 0
01-04 18:53:16.633   726   726 I mm-camera: <CPP   >< INFO> 2367: cpp_module_notify_add_stream: : stream 10, fmt 1, asf_mode 0, sharpness_level 0.000000,asf mask 0, denoise 0, denoise_mask 0, dsdn mask 0,dsdn enable 0, tnr mask 0, tnr enable 0, ds_mask 0
01-04 18:53:16.633   726   726 I mm-camera: <PPROC >< INFO> 458: pproc_port_add_modules_to_stream: :LINK linking mods cpp and sw_tnr for identity 2000f
01-04 18:53:16.634   726   726 I mm-camera: <PPROC >< INFO> 458: pproc_port_add_modules_to_stream: :LINK linking mods sw_tnr and llvd for identity 2000f
01-04 18:53:16.634   726   726 I mm-camera: <PPROC >< INFO> 458: pproc_port_add_modules_to_stream: :LINK linking mods llvd and ezt for identity 2000f
01-04 18:53:16.634   726   726 I mm-camera: <PPROC >< INFO> 458: pproc_port_add_modules_to_stream: :LINK linking mods ezt and quadracfa for identity 2000f
01-04 18:53:16.636   726   726 D MotSensorListener: enableSensor: SensorEventQueue enableSensor(SENSOR_ORIENTATION)
01-04 18:53:16.636   634  1033 I MotoSensors: Sensorhub hal setDelay: 9 - 10000
01-04 18:53:16.636   634  1033 I MotoSensors: Sensorhub hal setdelay: 9 - 0
01-04 18:53:16.636   634  1033 I MotoSensors: Sensorhub hal enable: 9 - 1
01-04 18:53:16.636   634  1033 D MotoSensors: GameRotationVector: freefall
01-04 18:53:16.637   726   726 E mm-camera: <STATS ><ERROR> 3270: stats_port_check_caps_reserve: Invalid Port capability type!
01-04 18:53:16.637   726   726 I chatty  : uid=1006(camera) mm-qcamera-daem identical 3 lines
01-04 18:53:16.637   726   726 E mm-camera: <STATS ><ERROR> 3270: stats_port_check_caps_reserve: Invalid Port capability type!
01-04 18:53:16.638   726   726 I mm-camera: <MCT   >< INFO> 6213: mct_pipeline_start_stream_internal: Session stream linked successfully session 2
01-04 18:53:16.638   634   854 D PinnerService: pinRangeStream: null
01-04 18:53:16.646   634  1032 I ActivityManager: Override config changes=200 {1.0 ?mcc?mnc [en_US] ldltr sw360dp w360dp h568dp 480dpi nrml port -touch -keyb/v/h -nav/h winConfig={ mBounds=Rect(0, 0 - 1080, 1920) mAppBounds=Rect(0, 0 - 1080, 1776) mWindowingMode=fullscreen mActivityType=undefined} s.4} for displayId=0
01-04 18:53:16.648   634  1032 D SystemServerInitThreadPool: Finished executing UiModeManager.onStart
01-04 18:53:16.652   634   634 D SystemServerTiming: StartLockSettingsService took to complete: 20ms
01-04 18:53:16.654   452   452 W hwservicemanager: getTransport: Cannot find entry android.hardware.oemlock@1.0::IOemLock/default in either framework or device manifest.
01-04 18:53:16.655   634   634 I OemLock : OemLock HAL not present on device
01-04 18:53:16.655   634   634 I SystemServer: StartDeviceIdleController
01-04 18:53:16.655   634   634 I SystemServiceManager: Starting com.android.server.DeviceIdleController
01-04 18:53:16.656   634  1180 D EventHub: No input device configuration file found for device 'fpc1020'.
01-04 18:53:16.659   634  1180 W EventHub: Unable to disable kernel key repeat for /dev/input/event4: Function not implemented
01-04 18:53:16.659   634  1180 I EventHub: wakeMechanism=EPOLLWAKEUP, usingClockIoctl=true
