01-04 18:53:14.045   484   484 I SDM     : HWCDisplay::GetColorModeCount: Supported color mode count = 0
01-04 18:53:14.048   484   484 I SDM     : HWCDisplay::GetColorModeCount: Supported color mode count = 0
01-04 18:53:14.060   634   948 I DisplayManagerService: Display device added: DisplayDeviceInfo{"Built-in Screen": uniqueId="local:0", 1080 x 1920, modeId 1, defaultModeId 1, supportedModes [{id=1, width=1080, height=1920, fps=60.000004}], colorMode 0, supportedColorModes [0], HdrCapabilities android.view.Display$HdrCapabilities@40f16308, density 480, 403.411 x 403.041 dpi, appVsyncOff 2000000, presDeadline 11666666, touch INTERNAL, rotation 0, type BUILT_IN, state UNKNOWN, FLAG_DEFAULT_DISPLAY, FLAG_ROTATES_WITH_CONTENT, FLAG_SECURE, FLAG_SUPPORTS_PROTECTED_BUFFERS, FLAG_ROUND}
01-04 18:53:14.060   514   514 D SurfaceFlinger: Set power mode=2, type=0 flinger=0x7a2b858000
01-04 18:53:14.063   634   634 D SystemServerTiming: WaitForDisplay took to complete: 25ms
01-04 18:53:14.063   634   948 I DisplayManagerService: Display device changed state: "Built-in Screen", ON
01-04 18:53:14.064   634   634 I SystemServer: StartPackageManagerService
01-04 18:53:14.122   692   869 D PerMgrLib: QCRIL voting for modem
01-04 18:53:14.122   508   688 D PerMgrSrv: QCRIL voting for modem
01-04 18:53:14.123   508   688 D PerMgrSrv: modem num voters is 3
01-04 18:53:14.124   692   869 E QMI_FW  : QMUXD: WARNING qmi_qmux_if_pwr_up_init failed! rc=-6
01-04 18:53:14.134   765   796 E LocSvc_LocIpc: sendData:206] cannot send to socket. reason:No such file or directory
01-04 18:53:14.135   634   634 D SELinuxMMAC: Using policy file /system/etc/selinux/plat_mac_permissions.xml
01-04 18:53:14.137   634   634 D SELinuxMMAC: Using policy file /vendor/etc/selinux/vendor_mac_permissions.xml
01-04 18:53:14.142   634   634 D FallbackCategoryProvider: Found 1 fallback categories
01-04 18:53:14.331   634   634 W PackageManager: Wiping cache directory because the system partition changed.
01-04 18:53:14.357   634   634 D PackageManager: No files in app dir /vendor/overlay
01-04 18:53:14.357   634   634 D PackageManager: No files in app dir /product/overlay
01-04 18:53:14.361   634   634 W PackageManager: Failed to parse /system/framework/oat: Missing base APK in /system/framework/oat
01-04 18:53:14.361   634   634 W PackageManager: Failed to parse /system/framework/arm: Missing base APK in /system/framework/arm
01-04 18:53:14.362   634   634 W PackageManager: Failed to parse /system/framework/arm64: Missing base APK in /system/framework/arm64
01-04 18:53:14.398   634   634 W PackageManager: Failed to parse /system/priv-app/atfwd: No packages found in split
01-04 18:53:14.475   634   634 D PackageManager: No files in app dir /system/vendor/priv-app
01-04 18:53:14.479   634   634 D PackageManager: No files in app dir /odm/priv-app
01-04 18:53:14.479   634   634 D PackageManager: No files in app dir /odm/app
01-04 18:53:14.479   634   634 D PackageManager: No files in app dir /oem/app
01-04 18:53:14.480   634   634 D PackageManager: No files in app dir /system/product/priv-app
01-04 18:53:14.480   634   634 D PackageManager: No files in app dir /system/product/app
01-04 18:53:14.481   634   634 I PackageManager: Finished scanning system apps. Time: 151 ms, packageCount: 135 , timePerPackage: 1 , cached: 135
01-04 18:53:14.481   634   634 D PackageManager: No files in app dir /data/app
01-04 18:53:14.481   634   634 D PackageManager: No files in app dir /data/app-private
01-04 18:53:14.481   634   634 I PackageManager: Finished scanning non-system apps. Time: 1 ms, packageCount: 0 , timePerPackage: 0 , cached: 0
01-04 18:53:14.484   634   634 E PackageManager: updateAllSharedLibrariesLPw failed: Package com.qualcomm.qcrilmsgtunnel requires unavailable shared library android.hidl.manager@1.0-java; failing!
01-04 18:53:14.486   634   634 I PackageManager: Time to scan packages: 0.156 seconds
01-04 18:53:14.492   634   634 V PackageManager: reconcileAppsData for null u0 0x3 migrateAppData=true
01-04 18:53:14.493   634   634 W PackageManager: Destroying /data/user/0/media due to: com.android.server.pm.PackageManagerException: Package media is unknown
01-04 18:53:14.503   703   821 I SELinux : SELinux: Loaded file_contexts
01-04 18:53:14.543   726   726 E mm-camera: <SENSOR><ERROR> 270: sensor_probe: [mot_s5k2l7]CFG_SINIT_PROBE failed
01-04 18:53:14.543   726   726 E mm-camera: <SENSOR><ERROR> 456: sensor_init_xml_probe: failed: to probe mot_s5k2l7
01-04 18:53:14.584   717   794 I ServiceManager: Waiting for service package_native...
01-04 18:53:14.684   697   697 W ServiceManagement: Waited one second for android.hardware.camera.provider@2.4::ICameraProvider/legacy/0. Waiting another...
01-04 18:53:14.731   634   634 V PackageManager: reconcileAppsData finished 23 packages
01-04 18:53:14.733   634  1026 D SystemServerInitThreadPool: Started executing prepareAppData
01-04 18:53:14.768   703   821 W installd: Ignoring /data/data/org.chromium.chrome/lib with unexpected GID 0 instead of 10085
01-04 18:53:14.777   634   634 E PackageManager: There should probably be a verifier, but, none were found
01-04 18:53:14.780   634   634 D PackageManager: Ephemeral resolver NOT found; no matching intent filters
01-04 18:53:14.780   634   634 D PackageManager: Instant App installer not found with android.intent.action.INSTALL_INSTANT_APP_PACKAGE
01-04 18:53:14.780   634   634 D PackageManager: Clear ephemeral installer activity
01-04 18:53:14.793   471   662 I MDMCTBK : [0] - MdmCutbackQmiSarInit:mot_sar_qmi_open waiting for QMI service to startup,try 2...
01-04 18:53:14.793   471   662 I MDMCTBK : [0] - MdmCutbackQmiSarInit:qmi_client_get_service_list() returned -2, num_entries = 0, num_services = 0
01-04 18:53:14.793   471   662 E MDMCTBK : [0] - MdmCutbackQmiSarInit:mot_sar_qmi_open doesn't find QMI service
01-04 18:53:14.797   471   674 W ServiceManagement: Waited one second for android.frameworks.sensorservice@1.0::ISensorManager/default. Waiting another...
01-04 18:53:14.847   634   634 I system_server: Explicit concurrent copying GC freed 39183(1877KB) AllocSpace objects, 13(456KB) LOS objects, 42% free, 3MB/6MB, paused 105us total 60.228ms
01-04 18:53:14.850   634   634 D SystemServerTiming: StartPackageManagerService took to complete: 787ms
01-04 18:53:14.850   634   634 I SystemServer: StartOtaDexOptService
01-04 18:53:14.852   634   634 D OTADexopt: No upgrade, skipping A/B artifacts check.
01-04 18:53:14.852   634   634 D SystemServerTiming: StartOtaDexOptService took to complete: 1ms
01-04 18:53:14.852   634   634 I SystemServer: StartUserManagerService
01-04 18:53:14.852   634   634 I SystemServiceManager: Starting com.android.server.pm.UserManagerService$LifeCycle
01-04 18:53:14.853   634   634 D SystemServerTiming: StartUserManagerService took to complete: 1ms
01-04 18:53:14.853   634   634 I SystemServer: InitAttributerCache
01-04 18:53:14.853   634   634 D SystemServerTiming: InitAttributerCache took to complete: 1ms
01-04 18:53:14.854   634   634 I SystemServer: SetSystemProcess
01-04 18:53:14.863   513   513 I lowmemorykiller: lmkd data connection established
01-04 18:53:14.866   634   634 D SystemServerTiming: SetSystemProcess took to complete: 13ms
01-04 18:53:14.868   452   452 W hwservicemanager: getTransport: Cannot find entry android.hardware.soundtrigger@2.0::ISoundTriggerHw/default in either framework or device manifest.
01-04 18:53:14.869   512   512 E SoundTriggerHwService: could not read implementation properties
01-04 18:53:14.871   634   634 I SystemServer: StartOverlayManagerService
01-04 18:53:14.873   634   634 D SystemServerTiming: StartOverlayManagerService took to complete: 2ms
01-04 18:53:14.873   634  1031 D SystemServerInitThreadPool: Started executing Init OverlayManagerService
01-04 18:53:14.873   634   634 I SystemServer: StartBatteryService
01-04 18:53:14.873   634   634 I SystemServiceManager: Starting com.android.server.BatteryService
01-04 18:53:14.874   634  1032 D SystemServerInitThreadPool: Started executing StartSensorService
01-04 18:53:14.874   634  1032 D SensorService: nuSensorService starting...
01-04 18:53:14.876   452   452 W hwservicemanager: getTransport: Cannot find entry android.hardware.sensors@1.0::ISensors/default in either framework or device manifest.
01-04 18:53:14.877   634  1032 D vndksupport: Loading /vendor/lib64/hw/android.hardware.sensors@1.0-impl.so from current namespace instead of sphal namespace.
01-04 18:53:14.883   634  1032 D vndksupport: Loading /vendor/lib64/hw/sensors.msm8953.so from current namespace instead of sphal namespace.
01-04 18:53:14.886   634   634 I android_os_HwBinder: HwBinder: Starting thread pool for default::android.hardware.health@2.0::IHealth
01-04 18:53:14.889   717   794 I storaged: storaged: Start
01-04 18:53:14.890   717   794 E storaged: getDiskStats failed with result NOT_SUPPORTED and size 0
01-04 18:53:14.894   489   489 E QCOM PowerHAL: extract_stats: failed to open: /d/system_stats Error = No such file or directory
01-04 18:53:14.894   489   489 E QCOM PowerHAL: extract_stats: failed to open: /d/wlan0/power_stats Error = No such file or directory
01-04 18:53:14.895   489   489 E QCOM PowerHAL: extract_stats: failed to open: /d/system_stats Error = No such file or directory
01-04 18:53:14.895   489   489 E QCOM PowerHAL: extract_stats: failed to open: /d/wlan0/power_stats Error = No such file or directory
01-04 18:53:14.896   634   634 I android_os_HwBinder: HwBinder: Starting thread pool for default::android.hidl.manager@1.0::IServiceManager
01-04 18:53:14.898   634   634 I HealthServiceWrapper: health: HealthServiceWrapper listening to instance default
01-04 18:53:14.898   634   634 I BatteryService: health: Waited 0ms and received the update.
01-04 18:53:14.900   634  1039 I android_os_HwBinder: HwBinder: Starting thread pool for default::android.hardware.health@2.0::IHealth
01-04 18:53:14.902   634   634 D SystemServerTiming: StartBatteryService took to complete: 28ms
01-04 18:53:14.902   634   634 I SystemServer: StartUsageService
01-04 18:53:14.902   634   634 I SystemServiceManager: Starting com.android.server.usage.UsageStatsService
01-04 18:53:14.927   634   634 I UsageStatsService: User[0] Rollover scheduled @ 2019-01-05 14:12:00(1546697520926)
01-04 18:53:14.927   634   634 D SystemServerTiming: StartUsageService took to complete: 25ms
01-04 18:53:14.927   634   634 I SystemServer: StartWebViewUpdateService
01-04 18:53:14.927   634   634 I SystemServiceManager: Starting com.android.server.webkit.WebViewUpdateService
01-04 18:53:14.934   634   634 D SystemServerTiming: StartWebViewUpdateService took to complete: 6ms
01-04 18:53:14.934   634   634 I SystemServer: StartBinderCallsStatsService
01-04 18:53:14.935   634   634 D SystemServerTiming: StartBinderCallsStatsService took to complete: 1ms
01-04 18:53:14.936   634   634 I SystemServer: StartKeyAttestationApplicationIdProviderService
01-04 18:53:14.936   634   827 D SystemServerInitThreadPool: Started executing SecondaryZygotePreload
01-04 18:53:14.936   634   827 I SystemServer: SecondaryZygotePreload
01-04 18:53:14.938   634   634 D SystemServerTiming: StartKeyAttestationApplicationIdProviderService took to complete: 3ms
01-04 18:53:14.938   634   634 I SystemServer: StartKeyChainSystemService
01-04 18:53:14.938   634   634 I SystemServiceManager: Starting com.android.server.security.KeyChainSystemService
01-04 18:53:14.939   634   634 D SystemServerTiming: StartKeyChainSystemService took to complete: 1ms
01-04 18:53:14.939   634   634 I SystemServer: StartSchedulingPolicyService
01-04 18:53:14.941   634   634 D SystemServerTiming: StartSchedulingPolicyService took to complete: 2ms
01-04 18:53:14.941   634   634 I SystemServer: StartTelecomLoaderService
01-04 18:53:14.941   634   634 I SystemServiceManager: Starting com.android.server.telecom.TelecomLoaderService
01-04 18:53:14.942   634   634 D SystemServerTiming: StartTelecomLoaderService took to complete: 0ms
01-04 18:53:14.942   634   634 I SystemServer: StartTelephonyRegistry
01-04 18:53:14.944   634   634 D SystemServerTiming: StartTelephonyRegistry took to complete: 1ms
01-04 18:53:14.944   634   634 I SystemServer: StartEntropyMixer
01-04 18:53:14.947   634   634 I EntropyMixer: Added HW RNG output to entropy pool
01-04 18:53:14.947   634   634 I EntropyMixer: Writing entropy...
01-04 18:53:14.947   634   827 I Zygote  : Process: zygote socket RESERVED/zygote opened, supported ABIS: arm64-v8a
01-04 18:53:14.949   634   634 D SystemServerTiming: StartEntropyMixer took to complete: 5ms
01-04 18:53:14.949   634   634 I SystemServer: StartAccountManagerService
01-04 18:53:14.949   634   634 I SystemServiceManager: Starting com.android.server.accounts.AccountManagerService$Lifecycle
01-04 18:53:14.953   634   634 D SystemServerTiming: StartAccountManagerService took to complete: 5ms
01-04 18:53:14.953   634   634 I SystemServer: StartContentService
01-04 18:53:14.954   634   634 I SystemServiceManager: Starting com.android.server.content.ContentService$Lifecycle
01-04 18:53:14.958   634   634 D SystemServerTiming: StartContentService took to complete: 4ms
01-04 18:53:14.958   634   634 I SystemServer: InstallSystemProviders
01-04 18:53:14.969   634   827 I Zygote  : Process: zygote socket RESERVED/zygote_secondary opened, supported ABIS: armeabi-v7a,armeabi
01-04 18:53:14.972   634  1026 D SystemServerTimingAsync: AppDataFixup took to complete: 239ms
01-04 18:53:14.980   474   474 I Zygote  : Lazily preloading resources.
01-04 18:53:14.980   474   474 D Zygote  : begin preload
01-04 18:53:14.980   474   474 I Zygote  : Installing ICU cache reference pinning...
01-04 18:53:14.980   474   474 I Zygote  : Preloading ICU data...
01-04 18:53:14.985   695   695 E ADSPD   : AOV trigger node does not exist.
01-04 18:53:14.985   695   695 E ADSPD   : AOV register node does not exist.
01-04 18:53:14.985   695   695 D ADSPD   : node check try: 2
01-04 18:53:14.992   474   474 D ZygoteInitTiming_lazy: BeginIcuCachePinning took to complete: 13ms
01-04 18:53:14.992   474   474 I Zygote  : Preloading classes...
01-04 18:53:15.014   474   474 I PackageBackwardCompatibility: Loaded android.content.pm.OrgApacheHttpLegacyUpdater
01-04 18:53:15.014   474   474 I PackageBackwardCompatibility: Could not find android.content.pm.AndroidTestBaseUpdater, ignoring
01-04 18:53:15.023   725   760 E QC-time-services: Daemon:genoff_modem_qmi_service_request: qmi_client_get_service_list returned -2num_services 0
01-04 18:53:15.023   725   759 E QC-time-services: Daemon:genoff_wlan_qmi_service_request: qmi_client_get_service_list returned -2num_services 0
01-04 18:53:15.226   726   726 E mm-camera: <SENSOR><ERROR> 270: sensor_probe: [mot_s5k2l7sa]CFG_SINIT_PROBE failed
01-04 18:53:15.226   726   726 E mm-camera: <SENSOR><ERROR> 456: sensor_init_xml_probe: failed: to probe mot_s5k2l7sa
01-04 18:53:15.263   474   474 E ActivityRecognitionHardware: activity_recognition HAL is deprecated. class_init is effectively a no-op
01-04 18:53:15.294   471   666 E NetlinkEvent: NetlinkEvent::FindParam(): Parameter 'RearImagerActive' not found
01-04 18:53:15.299   507   507 I tftp_server: pid=507 tid=507 tftp-server : INF :[tftp_server.c, 524] rcvd request [1] [73] [2] [0] [4]
01-04 18:53:15.300   507  1049 I tftp_server: pid=507 tid=1049 tftp-server : INF :[tftp_server_utils.c, 113] file [readwrite/server_check.txt] : [/vendor/rfs/msm/mpss/readwrite/server_check.txt]
01-04 18:53:15.296   507   507 I tftp_server: type=1400 audit(0.0:99): avc: denied { search } for uid=2951 name="/" dev="mmcblk0p30" ino=2 scontext=u:r:rfs_access:s0 tcontext=u:object_r:persist_file:s0 tclass=dir permissive=1
01-04 18:53:15.301   507  1049 I tftp_server: pid=507 tid=1049 tftp-server : INF :[tftp_server.c, 1044] OACK options : [7680, 1500, 10, 0, 0, 0, 0, 0]
01-04 18:53:15.301   507  1049 I tftp_server: pid=507 tid=1049 tftp-server : INF :[tftp_os_la.c, 184] unlink failed: [2] [/vendor/rfs/msm/mpss/readwrite/server_check.txt.rfs_tmp] [No such file or directo
01-04 18:53:15.301   507  1049 I tftp_server: pid=507 tid=1049 tftp-server : INF :[tftp_server.c, 722] Using temp file[/vendor/rfs/msm/mpss/readwrite/server_check.txt.rfs_tmp] for atomic put
01-04 18:53:15.301   507  1049 I tftp_server: pid=507 tid=1049 tftp-server : INF :[tftp_os_la.c, 59] open : [-1] [-1] [384] [577] [/vendor/rfs/msm/mpss/readwrite/server_check.txt.rfs_tmp]
01-04 18:53:15.296   507   507 I tftp_server: type=1400 audit(0.0:100): avc: denied { write } for uid=2951 name="mpss" dev="mmcblk0p30" ino=47 scontext=u:r:rfs_access:s0 tcontext=u:object_r:persist_file:s0 tclass=dir permissive=1
01-04 18:53:15.296   507   507 I tftp_server: type=1400 audit(0.0:101): avc: denied { add_name } for uid=2951 name="server_check.txt.rfs_tmp" scontext=u:r:rfs_access:s0 tcontext=u:object_r:persist_file:s0 tclass=dir permissive=1
01-04 18:53:15.296   507   507 I tftp_server: type=1400 audit(0.0:102): avc: denied { create } for uid=2951 name="server_check.txt.rfs_tmp" scontext=u:r:rfs_access:s0 tcontext=u:object_r:persist_file:s0 tclass=file permissive=1
01-04 18:53:15.303   507   507 I tftp_server: type=1400 audit(0.0:103): avc: denied { remove_name } for uid=2951 name="server_check.txt.rfs_tmp" dev="mmcblk0p30" ino=119 scontext=u:r:rfs_access:s0 tcontext=u:object_r:persist_file:s0 tclass=dir permissive=1
01-04 18:53:15.307   507  1049 I tftp_server: pid=507 tid=1049 tftp-server : INF :[tftp_server.c, 1315] WRQ stats : total-blocks = 1 : total-bytes = 5 : 5 timedout-pkts = 0, wrong-pkts = 0
01-04 18:53:15.307   507  1049 I tftp_server: pid=507 tid=1049 tftp-server : INF :[tftp_server.c, 1319] WRQ time stats : Total : [TX, RX] = [120, 265, 0]
01-04 18:53:15.307   507  1049 I tftp_server: pid=507 tid=1049 tftp-server : INF :[tftp_server.c, 1323] WRQ time stats : Tx [Min, Max] = [50, 70]
01-04 18:53:15.307   507  1049 I tftp_server: pid=507 tid=1049 tftp-server : INF :[tftp_server.c, 1327] WRQ time stats : Rx [Min, Max] = [265, 265]
01-04 18:53:15.308   507   507 I tftp_server: pid=507 tid=507 tftp-server : INF :[tftp_server.c, 524] rcvd request [1] [73] [1] [0] [17]
01-04 18:53:15.308   507  1050 I tftp_server: pid=507 tid=1050 tftp-server : INF :[tftp_server_utils.c, 113] file [readwrite/shob.bin] : [/vendor/rfs/msm/mpss/readwrite/shob.bin]
01-04 18:53:15.308   507  1050 I tftp_server: pid=507 tid=1050 tftp-server : INF :[tftp_server.c, 1044] OACK options : [7680, 1500, 44379, 10, 0, 0, 0, 0]
01-04 18:53:15.308   507  1050 I tftp_server: pid=507 tid=1050 tftp-server : INF :[tftp_os_la.c, 59] open : [-1] [-1] [384] [0] [/vendor/rfs/msm/mpss/readwrite/shob.bin]
01-04 18:53:15.309   507  1050 I tftp_server: pid=507 tid=1050 tftp-server : INF :[tftp_protocol.c, 703] Recd END OF TRANSFER pkt. Code = 9, Msg = End of Transfer
01-04 18:53:15.309   507  1050 I tftp_server: pid=507 tid=1050 tftp-server : INF :[tftp_server.c, 1152] RRQ stats : sent_size = 0 total-blocks = 0 total-bytes = 0 timedout-pkts = 0, wrong-pkts = 0
01-04 18:53:15.309   507  1050 I tftp_server: pid=507 tid=1050 tftp-server : INF :[tftp_server.c, 1156] RRQ time stats : Total : [TX, RX] = [94, 315]
01-04 18:53:15.309   507  1050 I tftp_server: pid=507 tid=1050 tftp-server : INF :[tftp_server.c, 1162] RRQ time stats : Tx/Rx [Min, Max] = [94, 94, 315, 315]
01-04 18:53:15.309   507  1050 I tftp_server: pid=507 tid=1050 tftp-server : INF :[tftp_server.c, 1178] RRQ was successfully processed.
01-04 18:53:15.309   507   507 I tftp_server: pid=507 tid=507 tftp-server : INF :[tftp_server.c, 524] rcvd request [1] [73] [1] [0] [18]
01-04 18:53:15.310   507  1051 I tftp_server: pid=507 tid=1051 tftp-server : INF :[tftp_server_utils.c, 113] file [readwrite/shob.bin] : [/vendor/rfs/msm/mpss/readwrite/shob.bin]
01-04 18:53:15.310   507  1051 I tftp_server: pid=507 tid=1051 tftp-server : INF :[tftp_server.c, 1044] OACK options : [7680, 1500, 44379, 10, 0, 0, 0, 0]
01-04 18:53:15.310   507  1051 I tftp_server: pid=507 tid=1051 tftp-server : INF :[tftp_os_la.c, 59] open : [-1] [-1] [384] [0] [/vendor/rfs/msm/mpss/readwrite/shob.bin]
01-04 18:53:15.310   507  1051 I tftp_server: pid=507 tid=1051 tftp-server : INF :[tftp_protocol.c, 703] Recd END OF TRANSFER pkt. Code = 9, Msg = End of Transfer
01-04 18:53:15.310   507  1051 I tftp_server: pid=507 tid=1051 tftp-server : INF :[tftp_server.c, 1152] RRQ stats : sent_size = 0 total-blocks = 0 total-bytes = 0 timedout-pkts = 0, wrong-pkts = 0
01-04 18:53:15.310   507  1051 I tftp_server: pid=507 tid=1051 tftp-server : INF :[tftp_server.c, 1156] RRQ time stats : Total : [TX, RX] = [75, 246]
01-04 18:53:15.310   507  1051 I tftp_server: pid=507 tid=1051 tftp-server : INF :[tftp_server.c, 1162] RRQ time stats : Tx/Rx [Min, Max] = [75, 75, 246, 246]
01-04 18:53:15.310   507  1051 I tftp_server: pid=507 tid=1051 tftp-server : INF :[tftp_server.c, 1178] RRQ was successfully processed.
01-04 18:53:15.311   507   507 I tftp_server: pid=507 tid=507 tftp-server : INF :[tftp_server.c, 524] rcvd request [1] [84] [1] [0] [19]
01-04 18:53:15.311   507  1052 I tftp_server: pid=507 tid=1052 tftp-server : INF :[tftp_server_utils.c, 113] file [readwrite/shob.bin] : [/vendor/rfs/msm/mpss/readwrite/shob.bin]
01-04 18:53:15.311   507  1052 I tftp_server: pid=507 tid=1052 tftp-server : INF :[tftp_server.c, 1044] OACK options : [7680, 1500, 0, 10, 44379, 0, 0, 0]
01-04 18:53:15.311   507  1052 I tftp_server: pid=507 tid=1052 tftp-server : INF :[tftp_os_la.c, 59] open : [-1] [-1] [384] [0] [/vendor/rfs/msm/mpss/readwrite/shob.bin]
01-04 18:53:15.317   726   726 E mm-camera: <SENSOR><ERROR> 7777: module_sensor_find_other_subdev: failed rc -1
01-04 18:53:15.317   507  1052 I tftp_server: pid=507 tid=1052 tftp-server : INF :[tftp_server.c, 1152] RRQ stats : sent_size = 44379 total-blocks = 6 total-bytes = 44379 timedout-pkts = 0, wrong-pkts = 
01-04 18:53:15.317   507  1052 I tftp_server: pid=507 tid=1052 tftp-server : INF :[tftp_server.c, 1156] RRQ time stats : Total : [TX, RX] = [1132, 1066]
01-04 18:53:15.317   507  1052 I tftp_server: pid=507 tid=1052 tftp-server : INF :[tftp_server.c, 1162] RRQ time stats : Tx/Rx [Min, Max] = [73, 249, 247, 819]
01-04 18:53:15.317   507  1052 I tftp_server: pid=507 tid=1052 tftp-server : INF :[tftp_server.c, 1178] RRQ was successfully processed.
01-04 18:53:15.322   507   507 I tftp_server: pid=507 tid=507 tftp-server : INF :[tftp_server.c, 524] rcvd request [1] [73] [1] [0] [20]
01-04 18:53:15.323   507  1053 I tftp_server: pid=507 tid=1053 tftp-server : INF :[tftp_server_utils.c, 113] file [readwrite/dhob.bin] : [/vendor/rfs/msm/mpss/readwrite/dhob.bin]
01-04 18:53:15.323   507  1053 I tftp_server: pid=507 tid=1053 tftp-server : INF :[tftp_server.c, 1044] OACK options : [7680, 1500, 16384, 10, 0, 0, 0, 0]
01-04 18:53:15.323   507  1053 I tftp_server: pid=507 tid=1053 tftp-server : INF :[tftp_os_la.c, 59] open : [-1] [-1] [384] [0] [/vendor/rfs/msm/mpss/readwrite/dhob.bin]
01-04 18:53:15.323   507  1053 I tftp_server: pid=507 tid=1053 tftp-server : INF :[tftp_protocol.c, 703] Recd END OF TRANSFER pkt. Code = 9, Msg = End of Transfer
01-04 18:53:15.323   507  1053 I tftp_server: pid=507 tid=1053 tftp-server : INF :[tftp_server.c, 1152] RRQ stats : sent_size = 0 total-blocks = 0 total-bytes = 0 timedout-pkts = 0, wrong-pkts = 0
01-04 18:53:15.323   507  1053 I tftp_server: pid=507 tid=1053 tftp-server : INF :[tftp_server.c, 1156] RRQ time stats : Total : [TX, RX] = [63, 182]
01-04 18:53:15.323   507  1053 I tftp_server: pid=507 tid=1053 tftp-server : INF :[tftp_server.c, 1162] RRQ time stats : Tx/Rx [Min, Max] = [63, 63, 182, 182]
01-04 18:53:15.323   507  1053 I tftp_server: pid=507 tid=1053 tftp-server : INF :[tftp_server.c, 1178] RRQ was successfully processed.
01-04 18:53:15.324   507   507 I tftp_server: pid=507 tid=507 tftp-server : INF :[tftp_server.c, 524] rcvd request [1] [73] [1] [0] [21]
01-04 18:53:15.324   507  1054 I tftp_server: pid=507 tid=1054 tftp-server : INF :[tftp_server_utils.c, 113] file [readwrite/dhob.bin] : [/vendor/rfs/msm/mpss/readwrite/dhob.bin]
01-04 18:53:15.324   507  1054 I tftp_server: pid=507 tid=1054 tftp-server : INF :[tftp_server.c, 1044] OACK options : [7680, 1500, 16384, 10, 0, 0, 0, 0]
01-04 18:53:15.324   507  1054 I tftp_server: pid=507 tid=1054 tftp-server : INF :[tftp_os_la.c, 59] open : [-1] [-1] [384] [0] [/vendor/rfs/msm/mpss/readwrite/dhob.bin]
01-04 18:53:15.325   507  1054 I tftp_server: pid=507 tid=1054 tftp-server : INF :[tftp_protocol.c, 703] Recd END OF TRANSFER pkt. Code = 9, Msg = End of Transfer
01-04 18:53:15.325   507  1054 I tftp_server: pid=507 tid=1054 tftp-server : INF :[tftp_server.c, 1152] RRQ stats : sent_size = 0 total-blocks = 0 total-bytes = 0 timedout-pkts = 0, wrong-pkts = 0
01-04 18:53:15.325   507  1054 I tftp_server: pid=507 tid=1054 tftp-server : INF :[tftp_server.c, 1156] RRQ time stats : Total : [TX, RX] = [80, 243]
01-04 18:53:15.325   507  1054 I tftp_server: pid=507 tid=1054 tftp-server : INF :[tftp_server.c, 1162] RRQ time stats : Tx/Rx [Min, Max] = [80, 80, 243, 243]
01-04 18:53:15.325   507  1054 I tftp_server: pid=507 tid=1054 tftp-server : INF :[tftp_server.c, 1178] RRQ was successfully processed.
01-04 18:53:15.326   507   507 I tftp_server: pid=507 tid=507 tftp-server : INF :[tftp_server.c, 524] rcvd request [1] [84] [1] [0] [22]
01-04 18:53:15.326   507  1055 I tftp_server: pid=507 tid=1055 tftp-server : INF :[tftp_server_utils.c, 113] file [readwrite/dhob.bin] : [/vendor/rfs/msm/mpss/readwrite/dhob.bin]
01-04 18:53:15.326   507  1055 I tftp_server: pid=507 tid=1055 tftp-server : INF :[tftp_server.c, 1044] OACK options : [7680, 1500, 0, 10, 16384, 0, 0, 0]
01-04 18:53:15.326   507  1055 I tftp_server: pid=507 tid=1055 tftp-server : INF :[tftp_os_la.c, 59] open : [-1] [-1] [384] [0] [/vendor/rfs/msm/mpss/readwrite/dhob.bin]
01-04 18:53:15.328   507  1055 I tftp_server: pid=507 tid=1055 tftp-server : INF :[tftp_server.c, 1152] RRQ stats : sent_size = 16384 total-blocks = 3 total-bytes = 16384 timedout-pkts = 0, wrong-pkts = 
01-04 18:53:15.328   507  1055 I tftp_server: pid=507 tid=1055 tftp-server : INF :[tftp_server.c, 1156] RRQ time stats : Total : [TX, RX] = [571, 611]
01-04 18:53:15.328   507  1055 I tftp_server: pid=507 tid=1055 tftp-server : INF :[tftp_server.c, 1162] RRQ time stats : Tx/Rx [Min, Max] = [94, 167, 196, 415]
01-04 18:53:15.328   507  1055 I tftp_server: pid=507 tid=1055 tftp-server : INF :[tftp_server.c, 1178] RRQ was successfully processed.
01-04 18:53:15.336   507   507 I tftp_server: pid=507 tid=507 tftp-server : INF :[tftp_server.c, 524] rcvd request [1] [80] [1] [0] [23]
01-04 18:53:15.336   507  1056 I tftp_server: pid=507 tid=1056 tftp-server : INF :[tftp_server_utils.c, 113] file [readwrite/datablock/id_00] : [/vendor/rfs/msm/mpss/readwrite/datablock/id_00]
01-04 18:53:15.336   507  1056 I tftp_server: pid=507 tid=1056 tftp-server : INF :[tftp_server.c, 1044] OACK options : [7680, 1500, 2600, 10, 0, 0, 0, 0]
01-04 18:53:15.336   507  1056 I tftp_server: pid=507 tid=1056 tftp-server : INF :[tftp_os_la.c, 59] open : [-1] [-1] [384] [0] [/vendor/rfs/msm/mpss/readwrite/datablock/id_00]
01-04 18:53:15.337   507  1056 I tftp_server: pid=507 tid=1056 tftp-server : INF :[tftp_protocol.c, 703] Recd END OF TRANSFER pkt. Code = 9, Msg = End of Transfer
01-04 18:53:15.337   507  1056 I tftp_server: pid=507 tid=1056 tftp-server : INF :[tftp_server.c, 1152] RRQ stats : sent_size = 0 total-blocks = 0 total-bytes = 0 timedout-pkts = 0, wrong-pkts = 0
01-04 18:53:15.337   507  1056 I tftp_server: pid=507 tid=1056 tftp-server : INF :[tftp_server.c, 1156] RRQ time stats : Total : [TX, RX] = [82, 234]
01-04 18:53:15.337   507  1056 I tftp_server: pid=507 tid=1056 tftp-server : INF :[tftp_server.c, 1162] RRQ time stats : Tx/Rx [Min, Max] = [82, 82, 234, 234]
01-04 18:53:15.337   507  1056 I tftp_server: pid=507 tid=1056 tftp-server : INF :[tftp_server.c, 1178] RRQ was successfully processed.
01-04 18:53:15.337   507   507 I tftp_server: pid=507 tid=507 tftp-server : INF :[tftp_server.c, 524] rcvd request [1] [80] [1] [0] [24]
01-04 18:53:15.337   507  1057 I tftp_server: pid=507 tid=1057 tftp-server : INF :[tftp_server_utils.c, 113] file [readwrite/datablock/id_00] : [/vendor/rfs/msm/mpss/readwrite/datablock/id_00]
01-04 18:53:15.338   507  1057 I tftp_server: pid=507 tid=1057 tftp-server : INF :[tftp_server.c, 1044] OACK options : [7680, 1500, 2600, 10, 0, 0, 0, 0]
01-04 18:53:15.338   507  1057 I tftp_server: pid=507 tid=1057 tftp-server : INF :[tftp_os_la.c, 59] open : [-1] [-1] [384] [0] [/vendor/rfs/msm/mpss/readwrite/datablock/id_00]
01-04 18:53:15.339   507  1057 I tftp_server: pid=507 tid=1057 tftp-server : INF :[tftp_protocol.c, 703] Recd END OF TRANSFER pkt. Code = 9, Msg = End of Transfer
01-04 18:53:15.339   507  1057 I tftp_server: pid=507 tid=1057 tftp-server : INF :[tftp_server.c, 1152] RRQ stats : sent_size = 0 total-blocks = 0 total-bytes = 0 timedout-pkts = 0, wrong-pkts = 0
01-04 18:53:15.339   507  1057 I tftp_server: pid=507 tid=1057 tftp-server : INF :[tftp_server.c, 1156] RRQ time stats : Total : [TX, RX] = [99, 721]
01-04 18:53:15.339   507  1057 I tftp_server: pid=507 tid=1057 tftp-server : INF :[tftp_server.c, 1162] RRQ time stats : Tx/Rx [Min, Max] = [99, 99, 721, 721]
01-04 18:53:15.339   507  1057 I tftp_server: pid=507 tid=1057 tftp-server : INF :[tftp_server.c, 1178] RRQ was successfully processed.
01-04 18:53:15.340   507   507 I tftp_server: pid=507 tid=507 tftp-server : INF :[tftp_server.c, 524] rcvd request [1] [90] [1] [0] [25]
01-04 18:53:15.341   507  1058 I tftp_server: pid=507 tid=1058 tftp-server : INF :[tftp_server_utils.c, 113] file [readwrite/datablock/id_00] : [/vendor/rfs/msm/mpss/readwrite/datablock/id_00]
01-04 18:53:15.341   507  1058 I tftp_server: pid=507 tid=1058 tftp-server : INF :[tftp_server.c, 1044] OACK options : [7680, 1500, 0, 10, 2600, 0, 0, 0]
01-04 18:53:15.341   507  1058 I tftp_server: pid=507 tid=1058 tftp-server : INF :[tftp_os_la.c, 59] open : [-1] [-1] [384] [0] [/vendor/rfs/msm/mpss/readwrite/datablock/id_00]
01-04 18:53:15.342   507  1058 I tftp_server: pid=507 tid=1058 tftp-server : INF :[tftp_server.c, 1152] RRQ stats : sent_size = 2600 total-blocks = 1 total-bytes = 2600 timedout-pkts = 0, wrong-pkts = 0
01-04 18:53:15.342   507  1058 I tftp_server: pid=507 tid=1058 tftp-server : INF :[tftp_server.c, 1156] RRQ time stats : Total : [TX, RX] = [126, 484]
01-04 18:53:15.342   507  1058 I tftp_server: pid=507 tid=1058 tftp-server : INF :[tftp_server.c, 1162] RRQ time stats : Tx/Rx [Min, Max] = [53, 73, 189, 295]
01-04 18:53:15.342   507  1058 I tftp_server: pid=507 tid=1058 tftp-server : INF :[tftp_server.c, 1178] RRQ was successfully processed.
01-04 18:53:15.365   474   474 I zygote  : Thread[1,tid=474,Native,Thread*=0xe3ec8000,peer=0x12e40088,"main"] recursive attempt to load library "/system/lib/libmedia_jni.so"
01-04 18:53:15.365   474   474 D MtpDeviceJNI: register_android_mtp_MtpDevice
01-04 18:53:15.365   474   474 I zygote  : Thread[1,tid=474,Native,Thread*=0xe3ec8000,peer=0x12e40088,"main"] recursive attempt to load library "/system/lib/libmedia_jni.so"
01-04 18:53:15.366   474   474 I zygote  : Thread[1,tid=474,Native,Thread*=0xe3ec8000,peer=0x12e40088,"main"] recursive attempt to load library "/system/lib/libmedia_jni.so"
01-04 18:53:15.425   507   507 I tftp_server: pid=507 tid=507 tftp-server : INF :[tftp_server.c, 524] rcvd request [1] [80] [1] [0] [26]
01-04 18:53:15.426   507  1061 I tftp_server: pid=507 tid=1061 tftp-server : INF :[tftp_server_utils.c, 113] file [readwrite/datablock/id_01] : [/vendor/rfs/msm/mpss/readwrite/datablock/id_01]
01-04 18:53:15.426   507  1061 I tftp_server: pid=507 tid=1061 tftp-server : INF :[tftp_server.c, 1044] OACK options : [7680, 1500, 2600, 10, 0, 0, 0, 0]
01-04 18:53:15.426   507  1061 I tftp_server: pid=507 tid=1061 tftp-server : INF :[tftp_os_la.c, 59] open : [-1] [-1] [384] [0] [/vendor/rfs/msm/mpss/readwrite/datablock/id_01]
01-04 18:53:15.427   507  1061 I tftp_server: pid=507 tid=1061 tftp-server : INF :[tftp_protocol.c, 703] Recd END OF TRANSFER pkt. Code = 9, Msg = End of Transfer
01-04 18:53:15.427   507  1061 I tftp_server: pid=507 tid=1061 tftp-server : INF :[tftp_server.c, 1152] RRQ stats : sent_size = 0 total-blocks = 0 total-bytes = 0 timedout-pkts = 0, wrong-pkts = 0
01-04 18:53:15.427   507  1061 I tftp_server: pid=507 tid=1061 tftp-server : INF :[tftp_server.c, 1156] RRQ time stats : Total : [TX, RX] = [91, 645]
01-04 18:53:15.427   507  1061 I tftp_server: pid=507 tid=1061 tftp-server : INF :[tftp_server.c, 1162] RRQ time stats : Tx/Rx [Min, Max] = [91, 91, 645, 645]
01-04 18:53:15.427   507  1061 I tftp_server: pid=507 tid=1061 tftp-server : INF :[tftp_server.c, 1178] RRQ was successfully processed.
01-04 18:53:15.427   507   507 I tftp_server: pid=507 tid=507 tftp-server : INF :[tftp_server.c, 524] rcvd request [1] [80] [1] [0] [27]
01-04 18:53:15.427   507  1062 I tftp_server: pid=507 tid=1062 tftp-server : INF :[tftp_server_utils.c, 113] file [readwrite/datablock/id_01] : [/vendor/rfs/msm/mpss/readwrite/datablock/id_01]
01-04 18:53:15.428   507  1062 I tftp_server: pid=507 tid=1062 tftp-server : INF :[tftp_server.c, 1044] OACK options : [7680, 1500, 2600, 10, 0, 0, 0, 0]
01-04 18:53:15.428   507  1062 I tftp_server: pid=507 tid=1062 tftp-server : INF :[tftp_os_la.c, 59] open : [-1] [-1] [384] [0] [/vendor/rfs/msm/mpss/readwrite/datablock/id_01]
01-04 18:53:15.428   507  1062 I tftp_server: pid=507 tid=1062 tftp-server : INF :[tftp_protocol.c, 703] Recd END OF TRANSFER pkt. Code = 9, Msg = End of Transfer
01-04 18:53:15.428   507  1062 I tftp_server: pid=507 tid=1062 tftp-server : INF :[tftp_server.c, 1152] RRQ stats : sent_size = 0 total-blocks = 0 total-bytes = 0 timedout-pkts = 0, wrong-pkts = 0
01-04 18:53:15.428   507  1062 I tftp_server: pid=507 tid=1062 tftp-server : INF :[tftp_server.c, 1156] RRQ time stats : Total : [TX, RX] = [73, 155]
01-04 18:53:15.428   507  1062 I tftp_server: pid=507 tid=1062 tftp-server : INF :[tftp_server.c, 1162] RRQ time stats : Tx/Rx [Min, Max] = [73, 73, 155, 155]
01-04 18:53:15.428   507  1062 I tftp_server: pid=507 tid=1062 tftp-server : INF :[tftp_server.c, 1178] RRQ was successfully processed.
01-04 18:53:15.428   507   507 I tftp_server: pid=507 tid=507 tftp-server : INF :[tftp_server.c, 524] rcvd request [1] [90] [1] [0] [28]
01-04 18:53:15.429   507  1063 I tftp_server: pid=507 tid=1063 tftp-server : INF :[tftp_server_utils.c, 113] file [readwrite/datablock/id_01] : [/vendor/rfs/msm/mpss/readwrite/datablock/id_01]
01-04 18:53:15.429   507  1063 I tftp_server: pid=507 tid=1063 tftp-server : INF :[tftp_server.c, 1044] OACK options : [7680, 1500, 0, 10, 2600, 0, 0, 0]
01-04 18:53:15.429   507  1063 I tftp_server: pid=507 tid=1063 tftp-server : INF :[tftp_os_la.c, 59] open : [-1] [-1] [384] [0] [/vendor/rfs/msm/mpss/readwrite/datablock/id_01]
01-04 18:53:15.430   507  1063 I tftp_server: pid=507 tid=1063 tftp-server : INF :[tftp_server.c, 1152] RRQ stats : sent_size = 2600 total-blocks = 1 total-bytes = 2600 timedout-pkts = 0, wrong-pkts = 0
01-04 18:53:15.430   507  1063 I tftp_server: pid=507 tid=1063 tftp-server : INF :[tftp_server.c, 1156] RRQ time stats : Total : [TX, RX] = [120, 275]
01-04 18:53:15.430   507  1063 I tftp_server: pid=507 tid=1063 tftp-server : INF :[tftp_server.c, 1162] RRQ time stats : Tx/Rx [Min, Max] = [47, 73, 127, 148]
01-04 18:53:15.430   507  1063 I tftp_server: pid=507 tid=1063 tftp-server : INF :[tftp_server.c, 1178] RRQ was successfully processed.
01-04 18:53:15.469   634  1032 E MotoSensors: rearprox opening enable_ps_sensor 0
01-04 18:53:15.470   634  1032 E MotoSensors: rearprox sensor_1 created
01-04 18:53:15.519   679   720 I ThermalEngine: MODEM thermal mitigation available.
01-04 18:53:15.519   679   720 I ThermalEngine: Mitigation:modem[MODEM]:0 pending QMI request succeded
01-04 18:53:15.519   679   720 I ThermalEngine: Mitigation:vdd_restriction[MODEM]:0 pending QMI request succeded
01-04 18:53:15.520   679   720 I ThermalEngine: Mitigation:modem_proc[MODEM]:0 pending QMI request succeded
01-04 18:53:15.520   679   720 I ThermalEngine: Mitigation:modem_proc_current[MODEM]:0 pending QMI request succeded
01-04 18:53:15.627   474   474 I Zygote  : ...preloaded 6535 classes in 634ms.
01-04 18:53:15.627   474   474 I zygote  : VMRuntime.preloadDexCaches starting
01-04 18:53:15.633   726   726 I         : calculate_rg_bg_calib_factors: Final calibration factor RG value: 1.050432 BG Value: 1.013880 GR/GB: 0.997358
01-04 18:53:15.684   697   697 W ServiceManagement: Waited one second for android.hardware.camera.provider@2.4::ICameraProvider/legacy/0. Waiting another...
01-04 18:53:15.689   474   474 I zygote  : VMRuntime.preloadDexCaches strings total=341791 before=12393 after=12393
01-04 18:53:15.689   474   474 I zygote  : VMRuntime.preloadDexCaches types total=31511 before=7866 after=7869
01-04 18:53:15.689   474   474 I zygote  : VMRuntime.preloadDexCaches fields total=141962 before=9157 after=9157
01-04 18:53:15.689   474   474 I zygote  : VMRuntime.preloadDexCaches methods total=249137 before=12834 after=12834
01-04 18:53:15.689   474   474 I zygote  : VMRuntime.preloadDexCaches finished
01-04 18:53:15.295   471   666 E NetlinkEvent: NetlinkEvent::FindParam(): Parameter 'RearImagerActive' not found
01-04 18:53:15.689   474   474 D ZygoteInitTiming_lazy: PreloadClasses took to complete: 697ms
01-04 18:53:15.726   474   474 I AssetManager: no overlays.list file found
01-04 18:53:15.731   726   726 E         : ov5695_eeprom_format_calibration_data: Total bytes in OTP buffer is: 16
01-04 18:53:15.731   726   726 D         : ov5695_check_awb_data: OTP group 0 selected
01-04 18:53:15.731   726   726 I         : calculate_rg_bg_calib_factors: Final calibration factor RG value: 0.989484 BG Value: 1.014764 GR/GB: 0.998632
01-04 18:53:15.733   474   474 I Zygote  : Preloading resources...
01-04 18:53:15.769   474   474 W Resources: Preloaded drawable resource #0x1080265 (android:drawable/dialog_background_material) that varies with configuration!!
01-04 18:53:15.797   471   674 W ServiceManagement: Waited one second for android.frameworks.sensorservice@1.0::ISensorManager/default. Waiting another...
01-04 18:53:15.805   474   474 I Zygote  : ...preloaded 64 resources in 73ms.
01-04 18:53:15.810   474   474 I Zygote  : ...preloaded 41 resources in 5ms.
01-04 18:53:15.811   474   474 D ZygoteInitTiming_lazy: PreloadResources took to complete: 121ms
01-04 18:53:15.811   474   474 D vndksupport: Loading /vendor/lib/hw/android.hardware.graphics.mapper@2.0-impl.so from current namespace instead of sphal namespace.
01-04 18:53:15.814   474   474 D vndksupport: Loading /vendor/lib/egl/libEGL_adreno.so from current namespace instead of sphal namespace.
01-04 18:53:15.819   474   474 D libEGL  : loaded /vendor/lib/egl/libEGL_adreno.so
01-04 18:53:15.823   726   726 I mm-camera: <MCT   >< INFO> 109: server_process_module_init: Begin init mods
01-04 18:53:15.832   726   726 I mm-camera: <ISP   >< INFO> 3967: isp_resource_get_isp_hw_limit: isp hw limit 0
01-04 18:53:15.854   474   474 D vndksupport: Loading /vendor/lib/egl/libGLESv1_CM_adreno.so from current namespace instead of sphal namespace.
01-04 18:53:15.856   474   474 D libEGL  : loaded /vendor/lib/egl/libGLESv1_CM_adreno.so
01-04 18:53:15.866   726   726 I mm-camera: <ISP   >< INFO> 105: module_color_correct40_init: name color_correct40
01-04 18:53:15.870   726   726 I mm-camera: <ISP   >< INFO> 97: module_luma_adaptation40_init: name luma_adaptation40
01-04 18:53:15.873  1073  1073 I motorola.hardware.camera.provider@2.4-service: Camera provider Service is starting.
01-04 18:53:15.875   452   452 W hwservicemanager: getTransport: Cannot find entry motorola.hardware.camera.provider@2.4::ICameraProvider/legacy/0 in either framework or device manifest.
01-04 18:53:15.876  1073  1073 D vndksupport: Loading /vendor/lib/hw/motorola.hardware.camera.provider@2.4-impl.so from current namespace instead of sphal namespace.
01-04 18:53:15.879   474   474 D vndksupport: Loading /vendor/lib/egl/libGLESv2_adreno.so from current namespace instead of sphal namespace.
01-04 18:53:15.880   474   474 D libEGL  : loaded /vendor/lib/egl/libGLESv2_adreno.so
01-04 18:53:15.898   726   726 I mm-camera: <ISP   >< INFO> 3967: isp_resource_get_isp_hw_limit: isp hw limit 0
01-04 18:53:15.905   726   726 I mm-camera: <ISP   >< INFO> 105: module_color_correct40_init: name color_correct40
01-04 18:53:15.905   726   726 I mm-camera: <ISP   >< INFO> 97: module_luma_adaptation40_init: name luma_adaptation40
01-04 18:53:15.906   474   474 I Zygote  : Preloading shared libraries...
01-04 18:53:15.909   726   726 I mm-camera: <ISP   >< INFO> 893: module_isp_init: module 0xe9bafae0
01-04 18:53:15.916   474   474 I Zygote  : Uninstalled ICU cache reference pinning...
01-04 18:53:15.917   474   474 I Zygote  : Installed AndroidKeyStoreProvider in 1ms.
01-04 18:53:15.923   726   726 I mm-camera: <CPP   >< INFO> 155: cpp_module_init: info: CPP module_init successful
01-04 18:53:15.930   474   474 I Zygote  : Warmed up JCA providers in 12ms.
01-04 18:53:15.930   474   474 D Zygote  : end preload
01-04 18:53:15.930   634   827 D SystemServerTimingAsync: SecondaryZygotePreload took to complete: 995ms
01-04 18:53:15.930   634   827 D SystemServerInitThreadPool: Finished executing SecondaryZygotePreload
01-04 18:53:15.930   634   827 D SystemServerInitThreadPool: Started executing SchedulingPolicyService.<init>
01-04 18:53:15.943   634   827 I SchedulingPolicyService: Moving 719 back to group default
01-04 18:53:15.944   634   827 D SystemServerInitThreadPool: Finished executing SchedulingPolicyService.<init>
01-04 18:53:15.952   726   726 E mm-camera: <IMGLIB><ERROR> 1168: frameproc_comp_reload_lib: frameproc_comp_reload_lib:1168] Error opening frameproc library libmmcamera_ppeiscore.so error dlopen failed: cannot locate symbol "_Z35eglQueryStringImplementationANDROIDPvi" referenced by "/system/vendor/lib/libguy.so"...
01-04 18:53:15.952   726   726 E mm-camera: <IMGLIB><ERROR> 1037: frameproc_comp_load: frameproc_comp_load:1037] cannot load libmmcamera_ppeiscore.so
01-04 18:53:15.952   726   726 E mm-camera: <IMGLIB><ERROR> 3132: module_imgbase_init: module_imgbase_init_ppeiscore:3132] Error rc -7
01-04 18:53:15.958   726   726 E mm-camera: <IMGLIB><ERROR> 957: frameproc_comp_load_fn_ptrs: img_algo_post_process can be NULL for few AOST features
01-04 18:53:15.973   726   726 I chatty  : uid=1006(camera) mm-qcamera-daem identical 2 lines
01-04 18:53:15.975   726   726 E mm-camera: <IMGLIB><ERROR> 957: frameproc_comp_load_fn_ptrs: img_algo_post_process can be NULL for few AOST features
01-04 18:53:15.977   726   726 E mm-camera: <IMGLIB><ERROR> 209: faceproc_hw_comp_get_fd_device_name: Can not discover face-detect device
01-04 18:53:15.977   726   726 E mm-camera: <IMGLIB><ERROR> 4710: faceproc_hw_comp_load: Can not find device name
01-04 18:53:16.000   726   726 E mm-camera: <IMGLIB><ERROR> 957: frameproc_comp_load_fn_ptrs: img_algo_post_process can be NULL for few AOST features
01-04 18:53:16.011   726   726 E mm-camera: <IMGLIB><ERROR> 957: frameproc_comp_load_fn_ptrs: img_algo_post_process can be NULL for few AOST features
01-04 18:53:16.023   725   760 E QC-time-services: Daemon:genoff_modem_qmi_service_request: qmi_client_get_service_list returned 0num_services 1
01-04 18:53:16.025   725   760 D QC-time-services: Daemon:genoff_modem_qmi_service_request: Initial transaction successfull
01-04 18:53:16.044   726   726 E mm-camera: <IMGLIB><ERROR> 957: frameproc_comp_load_fn_ptrs: img_algo_post_process can be NULL for few AOST features
01-04 18:53:16.047   726   726 E mm-camera: <IMGLIB><ERROR> 957: frameproc_comp_load_fn_ptrs: img_algo_post_process can be NULL for few AOST features
01-04 18:53:16.047   726   726 E mm-camera: <IMGLIB><ERROR> 744: module_imglib_create_topology: module_imglib_create_topology:744] Can not init the module imglib_oem1
01-04 18:53:16.047   726   726 E mm-camera: <IMGLIB><ERROR> 1503: module_drsd_init: module_drsd_init:1503] 
01-04 18:53:16.047   726   726 I mm-camera: <MCT   >< INFO> 146: server_process_module_init: CAMERA_DAEMON: init mods done
01-04 18:53:16.254  1073  1073 I mm-camera: < INFO> 420: init: memleak lib init.
01-04 18:53:16.254  1073  1073 I mm-camera: < INFO> 439: init: memleak tracer not attached
01-04 18:53:16.303  1073  1073 I motorola.hardwa: type=1400 audit(0.0:109): avc: denied { getattr } for uid=1047 path="/sys/devices/soc/1b00000.qcom,msm-cam/media0/model" dev="sysfs" ino=27180 scontext=u:r:hal_camera_default:s0 tcontext=u:object_r:sysfs:s0 tclass=file permissive=1
01-04 18:53:16.303  1073  1073 I motorola.hardwa: type=1400 audit(0.0:110): avc: denied { read } for uid=1047 name="model" dev="sysfs" ino=27180 scontext=u:r:hal_camera_default:s0 tcontext=u:object_r:sysfs:s0 tclass=file permissive=1
01-04 18:53:16.303  1073  1073 I motorola.hardwa: type=1400 audit(0.0:111): avc: denied { open } for uid=1047 path="/sys/devices/soc/1b00000.qcom,msm-cam/media0/model" dev="sysfs" ino=27180 scontext=u:r:hal_camera_default:s0 tcontext=u:object_r:sysfs:s0 tclass=file permissive=1
01-04 18:53:16.308  1073  1073 I QCamera : <MCI><INFO> get_num_of_cameras: 2001: dev_info[id=0,name='video1']
01-04 18:53:16.308  1073  1073 I QCamera : <MCI><INFO> get_num_of_cameras: 2001: dev_info[id=1,name='video2']
01-04 18:53:16.308  1073  1073 I QCamera : <MCI><INFO> sort_camera_info: 1722: YUV Aux camera exposed 0
01-04 18:53:16.308  1073  1073 I QCamera : <MCI><INFO> sort_camera_info: 1799: Camera id: 0 facing: 0, type: 1 is_yuv: 0
01-04 18:53:16.308  1073  1073 I QCamera : <MCI><INFO> sort_camera_info: 1799: Camera id: 1 facing: 1, type: 0 is_yuv: 0
01-04 18:53:16.308  1073  1073 I QCamera : <MCI><INFO> sort_camera_info: 1802: Number of cameras 2 sorted 2
01-04 18:53:16.308  1073  1073 I QCamera : <MCI><INFO> get_num_of_cameras: 2026: num_cameras=2
01-04 18:53:16.309  1073  1073 I MOTCamProvider@2.4-impl: Loaded "QCamera Module" camera module
01-04 18:53:16.311  1073  1073 I QCamera : <HAL><INFO> getCameraInfo: 361: Camera id 0 API version 768
01-04 18:53:16.311  1073  1073 I QCameraHalWatchdog: Starting Watchdog Thread...
01-04 18:53:16.312   726   726 I mm-camera: < INFO> 395: enable_memleak_trace: start memleak tracking.
01-04 18:53:16.315   726   726 I mm-camera: <MCT   >< INFO> 63: mct_controller_new: Creating new mct_controller with session-id 1
01-04 18:53:16.316   726  1145 I mm-camera: <MCT   >< INFO> 6235: mct_pipeline_start_session_thread: E sensor
01-04 18:53:16.316   726  1145 I mm-camera: <MCT   >< INFO> 6242: mct_pipeline_start_session_thread: Calling start_session on Module sensor
01-04 18:53:16.316   726  1146 I mm-camera: <MCT   >< INFO> 6235: mct_pipeline_start_session_thread: E iface
01-04 18:53:16.316   726  1146 I mm-camera: <MCT   >< INFO> 6242: mct_pipeline_start_session_thread: Calling start_session on Module iface
01-04 18:53:16.316   726  1148 I mm-camera: <MCT   >< INFO> 6235: mct_pipeline_start_session_thread: E isp
01-04 18:53:16.316   726  1148 I mm-camera: <MCT   >< INFO> 6242: mct_pipeline_start_session_thread: Calling start_session on Module isp
01-04 18:53:16.316   726  1148 I mm-camera: <ISP   >< INFO> 201: isp_module_start_session: session id 1
01-04 18:53:16.317   726  1150 I mm-camera: <MCT   >< INFO> 6235: mct_pipeline_start_session_thread: E stats
01-04 18:53:16.317   726  1150 I mm-camera: <MCT   >< INFO> 6242: mct_pipeline_start_session_thread: Calling start_session on Module stats
01-04 18:53:16.317   726  1146 I mm-camera: <MCT   >< INFO> 6245: mct_pipeline_start_session_thread: Module iface start_session rc = 1
01-04 18:53:16.318   726  1146 I mm-camera: <MCT   >< INFO> 6253: mct_pipeline_start_session_thread: started_num = 1, success = 1
01-04 18:53:16.318   726  1146 I mm-camera: <MCT   >< INFO> 6260: mct_pipeline_start_session_thread: X iface
01-04 18:53:16.318   726  1151 I mm-camera: <MCT   >< INFO> 6235: mct_pipeline_start_session_thread: E pproc
01-04 18:53:16.318   726  1151 I mm-camera: <MCT   >< INFO> 6242: mct_pipeline_start_session_thread: Calling start_session on Module pproc
01-04 18:53:16.319   726  1152 I mm-camera: <MCT   >< INFO> 6235: mct_pipeline_start_session_thread: E imglib
01-04 18:53:16.319   726  1152 I mm-camera: <MCT   >< INFO> 6242: mct_pipeline_start_session_thread: Calling start_session on Module imglib
01-04 18:53:16.319   726  1154 I mm-camera: <MCT   >< INFO> 6235: mct_pipeline_start_session_thread: E drsd
01-04 18:53:16.319   726  1154 I mm-camera: <MCT   >< INFO> 6242: mct_pipeline_start_session_thread: Calling start_session on Module drsd
01-04 18:53:16.320   726  1154 E mm-camera: <IMGLIB><ERROR> 1180: module_drsd_start_session: module_drsd_start_session:1180] E
01-04 18:53:16.320   726  1154 I mm-camera: <MCT   >< INFO> 6245: mct_pipeline_start_session_thread: Module drsd start_session rc = 1
01-04 18:53:16.320   726  1154 I mm-camera: <MCT   >< INFO> 6253: mct_pipeline_start_session_thread: started_num = 2, success = 2
01-04 18:53:16.320   726  1154 I mm-camera: <MCT   >< INFO> 6260: mct_pipeline_start_session_thread: X drsd
01-04 18:53:16.320   726  1152 I mm-camera: <MCT   >< INFO> 6245: mct_pipeline_start_session_thread: Module imglib start_session rc = 1
01-04 18:53:16.320   726  1152 I mm-camera: <MCT   >< INFO> 6253: mct_pipeline_start_session_thread: started_num = 3, success = 3
01-04 18:53:16.320   726  1152 I mm-camera: <MCT   >< INFO> 6260: mct_pipeline_start_session_thread: X imglib
01-04 18:53:16.321   726  1151 I mm-camera: <MCT   >< INFO> 6245: mct_pipeline_start_session_thread: Module pproc start_session rc = 1
01-04 18:53:16.321   726  1151 I mm-camera: <MCT   >< INFO> 6253: mct_pipeline_start_session_thread: started_num = 4, success = 4
