01-04 18:53:17.145   726  1370 I mm-camera: <MCT   >< INFO> 6245: mct_pipeline_start_session_thread: Module drsd start_session rc = 1
01-04 18:53:17.145   726  1370 I mm-camera: <MCT   >< INFO> 6253: mct_pipeline_start_session_thread: started_num = 4, success = 4
01-04 18:53:17.145   726  1370 I mm-camera: <MCT   >< INFO> 6260: mct_pipeline_start_session_thread: X drsd
01-04 18:53:17.147   726  1362 I mm-camera: <MCT   >< INFO> 6245: mct_pipeline_start_session_thread: Module isp start_session rc = 1
01-04 18:53:17.147   726  1362 I mm-camera: <MCT   >< INFO> 6253: mct_pipeline_start_session_thread: started_num = 5, success = 5
01-04 18:53:17.147   726  1362 I mm-camera: <MCT   >< INFO> 6260: mct_pipeline_start_session_thread: X isp
01-04 18:53:17.147   726  1363 I mm-camera: <MCT   >< INFO> 6245: mct_pipeline_start_session_thread: Module stats start_session rc = 1
01-04 18:53:17.148   726  1363 I mm-camera: <MCT   >< INFO> 6253: mct_pipeline_start_session_thread: started_num = 6, success = 6
01-04 18:53:17.148   726  1363 I mm-camera: <MCT   >< INFO> 6260: mct_pipeline_start_session_thread: X stats
01-04 18:53:17.149   726  1359 I mm-camera: <MCT   >< INFO> 6245: mct_pipeline_start_session_thread: Module sensor start_session rc = 1
01-04 18:53:17.149   726  1359 I mm-camera: <MCT   >< INFO> 6253: mct_pipeline_start_session_thread: started_num = 7, success = 7
01-04 18:53:17.149   726  1359 I mm-camera: <MCT   >< INFO> 6260: mct_pipeline_start_session_thread: X sensor
01-04 18:53:17.157   726   726 I ZAF     : zaf_init:57: log_level:INFO 
01-04 18:53:17.160   726   726 D MotSensorListener: enableSensor: SensorEventQueue enableSensor(SENSOR_GYROSCOPE)
01-04 18:53:17.161   634  1174 I MotoSensors: Sensorhub hal setDelay: 2 - 5
01-04 18:53:17.161   634  1174 I MotoSensors: Sensorhub hal setdelay: 2 - 5
01-04 18:53:17.161   634  1174 I MotoSensors: HubSensors::updateGyroRate 200
01-04 18:53:17.161   634  1174 I MotoSensors: Sensorhub hal enable: 2 - 1
01-04 18:53:17.161   634  1174 I MotoSensors: HubSensors::updateGyroRate 5
01-04 18:53:17.161   634  1174 D MotoSensors: GameRotationVector: freefall
01-04 18:53:17.161   726   726 I mm-camera: <MCT   >< INFO> 6156: mct_pipeline_start_stream_internal: Adding session stream streamid= 0xf for session=2
01-04 18:53:17.162   726   726 I mm-camera: <MCT   >< INFO> 6204: mct_pipeline_start_stream_internal: Linking session stream for session 2
01-04 18:53:17.162   726   726 I mm-camera: <MCT   >< INFO> 558: mct_stream_start_link: Start linking Session-stream 0x2000f
01-04 18:53:17.162   726   726 I mm-camera: <IFACE >< INFO> 338: iface_util_find_primary_cid: iface_util_find_primary_cid:338 error cannot find primary sensor format cids 1
01-04 18:53:17.162   726   726 I mm-camera: <ISP   >< INFO> 872: isp_port_check_caps_reserve: port 0xe8cf1640 ide 2000f type 10 dim 0 0
01-04 18:53:17.162   726   726 I mm-camera: <PPROC >< INFO> 446: pproc_port_add_modules_to_stream: in identity 2000f stream 10 int_link = 0xe8cf7dc0
01-04 18:53:17.162   726   726 I mm-camera: <PPROC >< INFO> 458: pproc_port_add_modules_to_stream: :LINK linking mods tmod and paaf for identity 2000f
01-04 18:53:17.162   726   726 I mm-camera: <PPROC >< INFO> 458: pproc_port_add_modules_to_stream: :LINK linking mods paaf and mot_vstab for identity 2000f
01-04 18:53:17.162   726   726 D MotISP_VSTAB: created
01-04 18:53:17.163   726   726 D         : VSTAB sink port width is 0x0 for stream 10
01-04 18:53:17.163   726   726 I mm-camera: <PPROC >< INFO> 458: pproc_port_add_modules_to_stream: :LINK linking mods mot_vstab and c2d for identity 2000f
01-04 18:53:17.163   726   726 I mm-camera: <C2D   >< INFO> 1490: c2d_module_notify_add_stream: width 0, height 0, stride 0, scanline 0, is_type 0
01-04 18:53:17.163   726   726 I mm-camera: <PPROC >< INFO> 458: pproc_port_add_modules_to_stream: :LINK linking mods c2d and cpp for identity 2000f
01-04 18:53:17.163   726   726 I mm-camera: <CPP   >< INFO> 2202: cpp_module_notify_add_stream: :width 0, height 0, stride 0, scanline 0, framelen 0
01-04 18:53:17.163   726   726 I mm-camera: <CPP   >< INFO> 2367: cpp_module_notify_add_stream: : stream 10, fmt 1, asf_mode 0, sharpness_level 0.000000,asf mask 0, denoise 0, denoise_mask 0, dsdn mask 0,dsdn enable 0, tnr mask 0, tnr enable 0, ds_mask 0
01-04 18:53:17.163   726   726 I mm-camera: <PPROC >< INFO> 458: pproc_port_add_modules_to_stream: :LINK linking mods cpp and sw_tnr for identity 2000f
01-04 18:53:17.163   726   726 I mm-camera: <PPROC >< INFO> 458: pproc_port_add_modules_to_stream: :LINK linking mods sw_tnr and llvd for identity 2000f
01-04 18:53:17.164   726   726 I mm-camera: <PPROC >< INFO> 458: pproc_port_add_modules_to_stream: :LINK linking mods llvd and ezt for identity 2000f
01-04 18:53:17.164   726   726 I mm-camera: <PPROC >< INFO> 458: pproc_port_add_modules_to_stream: :LINK linking mods ezt and quadracfa for identity 2000f
01-04 18:53:17.166   726   726 D MotSensorListener: enableSensor: SensorEventQueue enableSensor(SENSOR_ORIENTATION)
01-04 18:53:17.167   634  1174 I MotoSensors: Sensorhub hal setDelay: 9 - 10000
01-04 18:53:17.167   634  1174 I MotoSensors: Sensorhub hal setdelay: 9 - 0
01-04 18:53:17.167   634  1174 I MotoSensors: Sensorhub hal enable: 9 - 1
01-04 18:53:17.167   634  1174 D MotoSensors: GameRotationVector: freefall
01-04 18:53:17.167   726   726 E mm-camera: <STATS ><ERROR> 3270: stats_port_check_caps_reserve: Invalid Port capability type!
01-04 18:53:17.167   726   726 I chatty  : uid=1006(camera) mm-qcamera-daem identical 3 lines
01-04 18:53:17.167   726   726 E mm-camera: <STATS ><ERROR> 3270: stats_port_check_caps_reserve: Invalid Port capability type!
01-04 18:53:17.168   726   726 I mm-camera: <MCT   >< INFO> 6213: mct_pipeline_start_stream_internal: Session stream linked successfully session 2
01-04 18:53:17.219   726  1361 E mm-camera: <SENSOR><ERROR> 1096: sensor_init: sensor_init: LRC gain table is missing!
01-04 18:53:17.219   726  1361 I mm-3a-core: moto_led_calibration_init:520 Enter: cam_id:1 status:0
01-04 18:53:17.219   726  1361 I mm-3a-core: moto_led_calibration_init_attenuation using camera mot_ov5695
01-04 18:53:17.219   726  1361 I mm-3a-core: moto_led_calibration_get_mod_serial_num: sn=4ccf25e5
01-04 18:53:17.219   726  1361 E mm-3a-core: moto_led_calibration_read_write_led_cal:377 open /persist/camera/ledcal/front failed (No such file or directory)
01-04 18:53:17.219   726  1385 I mm-camera: <IMGLIB>< INFO> 2062: module_faceproc_query_mod: Caps ROI 32 scene_mode_cnt 1 HW analysis supported 0
01-04 18:53:17.220   726  1385 E mm-camera: <MCT   ><ERROR> 5797: mct_pipeline_process_get: NULL ptr detected! query_buf = [0x0] module list = [0xe9baea00]
01-04 18:53:17.220   697  1358 E CamPvdr@2.4-external: deviceAdded v4l2 QUERYCAP /dev/video2 failed
01-04 18:53:17.220   726   726 I mm-camera: <MCT   >< INFO> 216: mct_controller_destroy: Initiating destroy sequence for session = 2
01-04 18:53:17.220   726   726 I mm-camera: <MCT   >< INFO> 234: mct_controller_destroy: serv_thread closed
01-04 18:53:17.220   726   726 I mm-camera: <MCT   >< INFO> 249: mct_controller_destroy: bus_handler thread closed
01-04 18:53:17.220   726   726 I mm-camera: <MCT   >< INFO> 6313: mct_pipeline_stop_session: Initiating stop_session on session 2
01-04 18:53:17.221   726   726 I mm-camera: <MCT   >< INFO> 5572: mct_pipeline_process_set: Issuing DEL_STREAM on stream 0x2000f and stream type=10
01-04 18:53:17.221   726   726 I mm-camera: <IFACE >< INFO> 671: iface_unreserve_sink_port: stream_id f mode 0 
01-04 18:53:17.221   726   726 I mm-camera: <ISP   >< INFO> 961: isp_port_check_caps_unreserve: ide 2000f port 0xe8cf1640
01-04 18:53:17.221   726   726 D MotISP_VSTAB: destroyed
01-04 18:53:17.221   726   726 D MotSensorListener: disableSensor: SensorEventQueue disableSensor(SENSOR_ORIENTATION)
01-04 18:53:17.222   634  1174 I MotoSensors: Sensorhub hal enable: 9 - 0
01-04 18:53:17.222   634  1174 D MotoSensors: GameRotationVector: freefall
01-04 18:53:17.222   726   726 D MotSensorListener: disableSensor: SensorEventQueue disableSensor(SENSOR_GYROSCOPE)
01-04 18:53:17.223   634  1174 I MotoSensors: Sensorhub hal enable: 2 - 0
01-04 18:53:17.223   634  1174 D MotoSensors: GameRotationVector: freefall
01-04 18:53:17.223   726   726 I mm-camera: <STATS_Q3A >< INFO> 574: q3a_thread_aecawb_stop: q3a MSG_STOP_THREAD
01-04 18:53:17.223   726   726 I mm-camera: <STATS_Q3A >< INFO> 584: q3a_thread_aecawb_stop: q3a pthread_join
01-04 18:53:17.223   726   726 I mm-camera: <STATS_Q3A >< INFO> 589: q3a_thread_aecawb_stop: q3a stop thread rc 1
01-04 18:53:17.223   726   726 I mm-camera: <STATS_AFD >< INFO> 331: afd_thread_stop: AFD MSG_STOP_AFD_THREAD
01-04 18:53:17.224   726   726 I mm-camera: <STATS_AFD >< INFO> 337: afd_thread_stop: AFD pthread_join
01-04 18:53:17.224   726   726 I mm-camera: <STATS_AFD >< INFO> 342: afd_thread_stop: AFD stop thread 1
01-04 18:53:17.224   726   726 I mm-camera: <STATS_ASD >< INFO> 420: asd_thread_stop: asd MSG_STOP_ASD_THREAD
01-04 18:53:17.224   726   726 I mm-camera: <STATS_ASD >< INFO> 426: asd_thread_stop: asd pthread_join
01-04 18:53:17.224   726   726 I mm-camera: <STATS_ASD >< INFO> 431: asd_thread_stop: asd stop thread rc 1
01-04 18:53:17.224   726   726 I mm-camera: <STATS_AIS >< INFO> 212: is_thread_stop: is thread stop! 
01-04 18:53:17.224   726   726 I mm-camera: <STATS_AIS >< INFO> 225: is_thread_stop: is thread stop! 1
01-04 18:53:17.224   726   726 I mm-camera: <MCT   >< INFO> 5583: mct_pipeline_process_set: Stream 0x2000f and stream type=10, successfully deleted
01-04 18:53:17.224   726  1410 I mm-camera: <MCT   >< INFO> 6047: mct_pipeline_stop_session_thread: Stop module name: sensor - E
01-04 18:53:17.228   726  1411 I mm-camera: <MCT   >< INFO> 6047: mct_pipeline_stop_session_thread: Stop module name: iface - E
01-04 18:53:17.228   726  1412 I mm-camera: <MCT   >< INFO> 6047: mct_pipeline_stop_session_thread: Stop module name: isp - E
01-04 18:53:17.228   726  1412 I mm-camera: <ISP   >< INFO> 487: isp_module_stop_session: session id 2
01-04 18:53:17.228   634  1031 D SystemServerInitThreadPool: Finished executing Init OverlayManagerService
01-04 18:53:17.228   634   634 W SystemServiceManager: Service com.android.server.om.OverlayManagerService took 102 ms in onBootPhase
01-04 18:53:17.229   726  1411 I mm-camera: <MCT   >< INFO> 6055: mct_pipeline_stop_session_thread: Stop module name: iface - X
01-04 18:53:17.229   726  1413 I mm-camera: <MCT   >< INFO> 6047: mct_pipeline_stop_session_thread: Stop module name: stats - E
01-04 18:53:17.229   726  1413 I mm-camera: <STATS >< INFO> 125: stats_module_sub_mod_stop_session: q3a stop session
01-04 18:53:17.229   726  1414 I mm-camera: <MCT   >< INFO> 6047: mct_pipeline_stop_session_thread: Stop module name: pproc - E
01-04 18:53:17.229   726  1415 I mm-camera: <MCT   >< INFO> 6047: mct_pipeline_stop_session_thread: Stop module name: imglib - E
01-04 18:53:17.229   634   634 D AppStandbyController: Setting app idle enabled state
01-04 18:53:17.229   726  1415 I mm-camera: <MCT   >< INFO> 6055: mct_pipeline_stop_session_thread: Stop module name: imglib - X
01-04 18:53:17.230   726  1414 I mm-camera: <MCT   >< INFO> 6055: mct_pipeline_stop_session_thread: Stop module name: pproc - X
01-04 18:53:17.231   726  1412 I mm-camera: <MCT   >< INFO> 6055: mct_pipeline_stop_session_thread: Stop module name: isp - X
01-04 18:53:17.235   634   634 I VrManagerService: No default vr listener service found.
01-04 18:53:17.237   726   726 I mm-camera: <MCT   >< INFO> 6335: mct_pipeline_stop_session: Modules left: 6
01-04 18:53:17.237   726  1416 I mm-camera: <MCT   >< INFO> 6047: mct_pipeline_stop_session_thread: Stop module name: drsd - E
01-04 18:53:17.237   726   726 I mm-camera: <MCT   >< INFO> 6335: mct_pipeline_stop_session: Modules left: 5
01-04 18:53:17.237   726   726 I mm-camera: <MCT   >< INFO> 6335: mct_pipeline_stop_session: Modules left: 4
01-04 18:53:17.237   726   726 I mm-camera: <MCT   >< INFO> 6335: mct_pipeline_stop_session: Modules left: 3
01-04 18:53:17.238   726  1416 I mm-camera: <MCT   >< INFO> 6055: mct_pipeline_stop_session_thread: Stop module name: drsd - X
01-04 18:53:17.238   726   726 I mm-camera: <MCT   >< INFO> 6335: mct_pipeline_stop_session: Modules left: 2
01-04 18:53:17.242   726  1413 I mm-camera: <STATS >< INFO> 129: stats_module_sub_mod_stop_session: q3a stop session done
01-04 18:53:17.242   726  1413 I mm-camera: <STATS >< INFO> 125: stats_module_sub_mod_stop_session: afd stop session
01-04 18:53:17.242   726  1413 I mm-camera: <STATS >< INFO> 129: stats_module_sub_mod_stop_session: afd stop session done
01-04 18:53:17.242   726  1413 I mm-camera: <STATS >< INFO> 125: stats_module_sub_mod_stop_session: asd stop session
01-04 18:53:17.242   726  1413 I mm-camera: <STATS >< INFO> 129: stats_module_sub_mod_stop_session: asd stop session done
01-04 18:53:17.242   726  1413 I mm-camera: <STATS >< INFO> 125: stats_module_sub_mod_stop_session: is stop session
01-04 18:53:17.242   726  1413 I mm-camera: <STATS >< INFO> 129: stats_module_sub_mod_stop_session: is stop session done
01-04 18:53:17.242   726  1413 I mm-camera: <STATS >< INFO> 355: stats_module_stop_session: X
01-04 18:53:17.242   726  1413 I mm-camera: <MCT   >< INFO> 6055: mct_pipeline_stop_session_thread: Stop module name: stats - X
01-04 18:53:17.242   726   726 I mm-camera: <MCT   >< INFO> 6335: mct_pipeline_stop_session: Modules left: 1
01-04 18:53:17.245   726  1410 I mm-camera: <MCT   >< INFO> 6055: mct_pipeline_stop_session_thread: Stop module name: sensor - X
01-04 18:53:17.245   726   726 I mm-camera: <MCT   >< INFO> 6335: mct_pipeline_stop_session: Modules left: 0
01-04 18:53:17.245   726   726 I mm-camera: <MCT   >< INFO> 6344: mct_pipeline_stop_session: Stopped session 2 successfully
01-04 18:53:17.245   726   726 I mm-camera: <MCT   >< INFO> 6620: mct_pipeline_destroy: E: session:2
01-04 18:53:17.245   726   726 I mm-camera: <MCT   >< INFO> 6693: mct_pipeline_destroy: X: Pipeline destroyed successfully session =2
01-04 18:53:17.245   726   726 I mm-camera: <MCT   >< INFO> 282: mct_controller_destroy: X Successfully closed mct_controller session 2
01-04 18:53:17.246   726   726 I mm-camera: < INFO> 395: enable_memleak_trace: start memleak tracking.
01-04 18:53:17.247   634   634 I WifiService: WifiService starting up with Wi-Fi disabled
01-04 18:53:17.248   726   726 I mm-camera: <MCT   >< INFO> 63: mct_controller_new: Creating new mct_controller with session-id 1
01-04 18:53:17.248   726  1423 I mm-camera: <MCT   >< INFO> 6235: mct_pipeline_start_session_thread: E sensor
01-04 18:53:17.248   726  1423 I mm-camera: <MCT   >< INFO> 6242: mct_pipeline_start_session_thread: Calling start_session on Module sensor
01-04 18:53:17.248   726  1424 I mm-camera: <MCT   >< INFO> 6235: mct_pipeline_start_session_thread: E iface
01-04 18:53:17.248   726  1424 I mm-camera: <MCT   >< INFO> 6242: mct_pipeline_start_session_thread: Calling start_session on Module iface
01-04 18:53:17.248   726  1426 I mm-camera: <MCT   >< INFO> 6235: mct_pipeline_start_session_thread: E isp
01-04 18:53:17.248   726  1426 I mm-camera: <MCT   >< INFO> 6242: mct_pipeline_start_session_thread: Calling start_session on Module isp
01-04 18:53:17.248   726  1426 I mm-camera: <ISP   >< INFO> 201: isp_module_start_session: session id 1
01-04 18:53:17.249   726  1427 I mm-camera: <MCT   >< INFO> 6235: mct_pipeline_start_session_thread: E stats
01-04 18:53:17.249   726  1427 I mm-camera: <MCT   >< INFO> 6242: mct_pipeline_start_session_thread: Calling start_session on Module stats
01-04 18:53:17.253   634  1266 I android_os_HwBinder: HwBinder: Starting thread pool for default::android.hidl.manager@1.0::IServiceManager
01-04 18:53:17.255   634  1174 D HalDevMgr: IWifi registration notification: fqName=android.hardware.wifi@1.0::IWifi, name=default, preexisting=true
01-04 18:53:17.257   634  1266 I android_os_HwBinder: HwBinder: Starting thread pool for default::android.hardware.wifi@1.0::IWifi
01-04 18:53:17.257   726  1424 I mm-camera: <MCT   >< INFO> 6245: mct_pipeline_start_session_thread: Module iface start_session rc = 1
01-04 18:53:17.258   726  1424 I mm-camera: <MCT   >< INFO> 6253: mct_pipeline_start_session_thread: started_num = 1, success = 1
01-04 18:53:17.258   726  1424 I mm-camera: <MCT   >< INFO> 6260: mct_pipeline_start_session_thread: X iface
01-04 18:53:17.260   726  1430 I mm-camera: <MCT   >< INFO> 6235: mct_pipeline_start_session_thread: E pproc
01-04 18:53:17.260   726  1430 I mm-camera: <MCT   >< INFO> 6242: mct_pipeline_start_session_thread: Calling start_session on Module pproc
01-04 18:53:17.261   726  1431 I mm-camera: <MCT   >< INFO> 6235: mct_pipeline_start_session_thread: E imglib
01-04 18:53:17.261   726  1431 I mm-camera: <MCT   >< INFO> 6242: mct_pipeline_start_session_thread: Calling start_session on Module imglib
01-04 18:53:17.262   634  1266 D WificondControl: tearing down interfaces in wificond
01-04 18:53:17.263   767   767 E QMI_FW  : xport_reg Failed for service_id=0x302 version=0x1 on 14
01-04 18:53:17.264   767   767 E Diag_Lib: [IMS_DataD] imsdatad.c | 3728 | | 767 |ims-dcm-daemon Failed to register dcm service
01-04 18:53:17.265   726  1431 I mm-camera: <MCT   >< INFO> 6245: mct_pipeline_start_session_thread: Module imglib start_session rc = 1
01-04 18:53:17.265   726  1431 I mm-camera: <MCT   >< INFO> 6253: mct_pipeline_start_session_thread: started_num = 2, success = 2
01-04 18:53:17.265   726  1431 I mm-camera: <MCT   >< INFO> 6260: mct_pipeline_start_session_thread: X imglib
01-04 18:53:17.266   726  1437 I mm-camera: <MCT   >< INFO> 6235: mct_pipeline_start_session_thread: E drsd
01-04 18:53:17.267   726  1427 I mm-camera: <MCT   >< INFO> 6245: mct_pipeline_start_session_thread: Module stats start_session rc = 1
01-04 18:53:17.267   726  1427 I mm-camera: <MCT   >< INFO> 6253: mct_pipeline_start_session_thread: started_num = 3, success = 3
01-04 18:53:17.267   726  1427 I mm-camera: <MCT   >< INFO> 6260: mct_pipeline_start_session_thread: X stats
01-04 18:53:17.269   726  1423 I mm-camera: <MCT   >< INFO> 6245: mct_pipeline_start_session_thread: Module sensor start_session rc = 1
01-04 18:53:17.269   726  1423 I mm-camera: <MCT   >< INFO> 6253: mct_pipeline_start_session_thread: started_num = 4, success = 4
01-04 18:53:17.269   726  1423 I mm-camera: <MCT   >< INFO> 6260: mct_pipeline_start_session_thread: X sensor
01-04 18:53:17.269   726  1437 I mm-camera: <MCT   >< INFO> 6242: mct_pipeline_start_session_thread: Calling start_session on Module drsd
01-04 18:53:17.269   726  1437 E mm-camera: <IMGLIB><ERROR> 1180: module_drsd_start_session: module_drsd_start_session:1180] E
01-04 18:53:17.270   726  1437 I mm-camera: <MCT   >< INFO> 6245: mct_pipeline_start_session_thread: Module drsd start_session rc = 1
01-04 18:53:17.270   726  1437 I mm-camera: <MCT   >< INFO> 6253: mct_pipeline_start_session_thread: started_num = 5, success = 5
01-04 18:53:17.270   726  1437 I mm-camera: <MCT   >< INFO> 6260: mct_pipeline_start_session_thread: X drsd
01-04 18:53:17.270   726  1430 I mm-camera: <MCT   >< INFO> 6245: mct_pipeline_start_session_thread: Module pproc start_session rc = 1
01-04 18:53:17.270   726  1430 I mm-camera: <MCT   >< INFO> 6253: mct_pipeline_start_session_thread: started_num = 6, success = 6
01-04 18:53:17.270   726  1430 I mm-camera: <MCT   >< INFO> 6260: mct_pipeline_start_session_thread: X pproc
01-04 18:53:17.270   726  1426 I mm-camera: <MCT   >< INFO> 6245: mct_pipeline_start_session_thread: Module isp start_session rc = 1
01-04 18:53:17.270   726  1426 I mm-camera: <MCT   >< INFO> 6253: mct_pipeline_start_session_thread: started_num = 7, success = 7
01-04 18:53:17.270   726  1426 I mm-camera: <MCT   >< INFO> 6260: mct_pipeline_start_session_thread: X isp
01-04 18:53:17.275   634   634 I WifiScanningService: Starting wifiscanner
01-04 18:53:17.280   765   781 E LocSvc_ApiV02: open:413:2]: Failed to get features supported from QMI_LOC_GET_SUPPORTED_FEATURE_REQ_V02. 
01-04 18:53:17.280   765  1432 E QMI_FW  : QCCI qmi_cci_xport_recv: txn not found. svc_id: 16
01-04 18:53:17.281   726   726 I ZAF     : zaf_init:57: log_level:INFO 
01-04 18:53:17.286   765  1432 E QMI_FW  : QCCI qmi_cci_xport_recv: txn not found. svc_id: 16
01-04 18:53:17.286   765   781 E LocSvc_LBSApiV02: injectFeatureConfig:910]: Error : st = 3, ind.status = 0
01-04 18:53:17.286   726   726 D MotSensorListener: enableSensor: SensorEventQueue enableSensor(SENSOR_GYROSCOPE)
01-04 18:53:17.287   634  1174 I MotoSensors: Sensorhub hal setDelay: 2 - 5
01-04 18:53:17.287   634  1174 I MotoSensors: Sensorhub hal setdelay: 2 - 5
01-04 18:53:17.287   634  1174 I MotoSensors: HubSensors::updateGyroRate 200
01-04 18:53:17.287   634  1174 I MotoSensors: Sensorhub hal enable: 2 - 1
01-04 18:53:17.287   634  1174 I MotoSensors: HubSensors::updateGyroRate 5
01-04 18:53:17.287   634  1174 D MotoSensors: GameRotationVector: freefall
01-04 18:53:17.288   726   726 I mm-camera: <MCT   >< INFO> 6156: mct_pipeline_start_stream_internal: Adding session stream streamid= 0xf for session=1
01-04 18:53:17.288   726   726 I mm-camera: <MCT   >< INFO> 6204: mct_pipeline_start_stream_internal: Linking session stream for session 1
01-04 18:53:17.288   726   726 I mm-camera: <MCT   >< INFO> 558: mct_stream_start_link: Start linking Session-stream 0x1000f
01-04 18:53:17.288   634   634 I EthernetServiceImpl: Starting Ethernet service
01-04 18:53:17.288   726   726 I mm-camera: <ISP   >< INFO> 872: isp_port_check_caps_reserve: port 0xe8cf1640 ide 1000f type 10 dim 0 0
01-04 18:53:17.288   726   726 I mm-camera: <PPROC >< INFO> 446: pproc_port_add_modules_to_stream: in identity 1000f stream 10 int_link = 0xe8cf7dc0
01-04 18:53:17.288   726   726 I mm-camera: <PPROC >< INFO> 458: pproc_port_add_modules_to_stream: :LINK linking mods tmod and paaf for identity 1000f
01-04 18:53:17.288   726   726 I mm-camera: <PPROC >< INFO> 458: pproc_port_add_modules_to_stream: :LINK linking mods paaf and mot_vstab for identity 1000f
01-04 18:53:17.288   726   726 D MotISP_VSTAB: created
01-04 18:53:17.289   726   726 D         : VSTAB sink port width is 0x0 for stream 10
01-04 18:53:17.289   726   726 I mm-camera: <PPROC >< INFO> 458: pproc_port_add_modules_to_stream: :LINK linking mods mot_vstab and c2d for identity 1000f
01-04 18:53:17.289   726   726 I mm-camera: <C2D   >< INFO> 1490: c2d_module_notify_add_stream: width 0, height 0, stride 0, scanline 0, is_type 0
01-04 18:53:17.289   726   726 I mm-camera: <PPROC >< INFO> 458: pproc_port_add_modules_to_stream: :LINK linking mods c2d and cpp for identity 1000f
01-04 18:53:17.289   726   726 I mm-camera: <CPP   >< INFO> 2202: cpp_module_notify_add_stream: :width 0, height 0, stride 0, scanline 0, framelen 0
01-04 18:53:17.289   726   726 I mm-camera: <CPP   >< INFO> 2367: cpp_module_notify_add_stream: : stream 10, fmt 1, asf_mode 0, sharpness_level 0.000000,asf mask 0, denoise 0, denoise_mask 0, dsdn mask 0,dsdn enable 0, tnr mask 0, tnr enable 0, ds_mask 0
01-04 18:53:17.289   726   726 I mm-camera: <PPROC >< INFO> 458: pproc_port_add_modules_to_stream: :LINK linking mods cpp and sw_tnr for identity 1000f
01-04 18:53:17.290   726   726 I mm-camera: <PPROC >< INFO> 458: pproc_port_add_modules_to_stream: :LINK linking mods sw_tnr and llvd for identity 1000f
01-04 18:53:17.290   726   726 I mm-camera: <PPROC >< INFO> 458: pproc_port_add_modules_to_stream: :LINK linking mods llvd and ezt for identity 1000f
01-04 18:53:17.290   726   726 I mm-camera: <PPROC >< INFO> 458: pproc_port_add_modules_to_stream: :LINK linking mods ezt and quadracfa for identity 1000f
01-04 18:53:17.291   726   726 D MotSensorListener: enableSensor: SensorEventQueue enableSensor(SENSOR_ORIENTATION)
01-04 18:53:17.292   634  1174 I MotoSensors: Sensorhub hal setDelay: 9 - 10000
01-04 18:53:17.292   634  1174 I MotoSensors: Sensorhub hal setdelay: 9 - 0
01-04 18:53:17.292   634  1174 I MotoSensors: Sensorhub hal enable: 9 - 1
01-04 18:53:17.292   634  1174 D MotoSensors: GameRotationVector: freefall
01-04 18:53:17.292   726   726 E mm-camera: <STATS ><ERROR> 3270: stats_port_check_caps_reserve: Invalid Port capability type!
01-04 18:53:17.292   726   726 I chatty  : uid=1006(camera) mm-qcamera-daem identical 3 lines
01-04 18:53:17.292   726   726 E mm-camera: <STATS ><ERROR> 3270: stats_port_check_caps_reserve: Invalid Port capability type!
01-04 18:53:17.293   726   726 I mm-camera: <MCT   >< INFO> 6213: mct_pipeline_start_stream_internal: Session stream linked successfully session 1
01-04 18:53:17.294   634   634 D Ethernet: Registering NetworkFactory
01-04 18:53:17.294   634  1285 D ConnectivityService: Got NetworkFactory Messenger for Ethernet
01-04 18:53:17.295   634  1461 D Ethernet: got request NetworkRequest [ REQUEST id=1, [ Capabilities: INTERNET&NOT_RESTRICTED&TRUSTED&NOT_VPN Unwanted: ] ] with score 0
01-04 18:53:17.296   634   634 E IpConfigStore: Error opening configuration file: java.io.FileNotFoundException: /data/misc/ethernet/ipconfig.txt (No such file or directory)
01-04 18:53:17.299   634  1461 I EthernetTracker: maybeTrackInterface dummy0
01-04 18:53:17.300   634  1461 I EthernetTracker: maybeTrackInterface lo
01-04 18:53:17.300   634  1461 I EthernetTracker: maybeTrackInterface r_rmnet_data0
01-04 18:53:17.300   634  1461 I EthernetTracker: maybeTrackInterface r_rmnet_data1
01-04 18:53:17.300   634  1461 I EthernetTracker: maybeTrackInterface r_rmnet_data2
01-04 18:53:17.300   634  1461 I EthernetTracker: maybeTrackInterface r_rmnet_data3
01-04 18:53:17.300   634  1461 I EthernetTracker: maybeTrackInterface r_rmnet_data4
01-04 18:53:17.300   634  1461 I EthernetTracker: maybeTrackInterface r_rmnet_data5
01-04 18:53:17.300   634  1461 I EthernetTracker: maybeTrackInterface r_rmnet_data6
01-04 18:53:17.300   634  1461 I EthernetTracker: maybeTrackInterface r_rmnet_data7
01-04 18:53:17.300   634  1461 I EthernetTracker: maybeTrackInterface r_rmnet_data8
01-04 18:53:17.300   634  1461 I EthernetTracker: maybeTrackInterface rmnet_data0
01-04 18:53:17.300   634  1461 I EthernetTracker: maybeTrackInterface rmnet_data1
01-04 18:53:17.300   634  1461 I EthernetTracker: maybeTrackInterface rmnet_data2
01-04 18:53:17.300   634  1461 I EthernetTracker: maybeTrackInterface rmnet_data3
01-04 18:53:17.300   634  1461 I EthernetTracker: maybeTrackInterface rmnet_data4
01-04 18:53:17.300   634  1461 I EthernetTracker: maybeTrackInterface rmnet_data5
01-04 18:53:17.300   634  1461 I EthernetTracker: maybeTrackInterface rmnet_data6
01-04 18:53:17.300   634  1461 I EthernetTracker: maybeTrackInterface rmnet_data7
01-04 18:53:17.300   634  1461 I EthernetTracker: maybeTrackInterface rmnet_ipa0
01-04 18:53:17.300   634  1461 I EthernetTracker: maybeTrackInterface sit0
01-04 18:53:17.300   634  1461 I EthernetTracker: maybeTrackInterface usb0
01-04 18:53:17.304   512   600 D PermissionCache: checking android.permission.CAPTURE_AUDIO_HOTWORD for uid=1000 => granted (123 us)
01-04 18:53:17.305   634   634 W SoundTriggerHelper: listModules status=0, # of modules=0
01-04 18:53:17.306   634   634 D ContextHubSystemService: onBootPhase: PHASE_SYSTEM_SERVICES_READY
01-04 18:53:17.307   634   634 D SystemServerTiming: StartBootPhaseSystemServicesReady took to complete: 181ms
01-04 18:53:17.307   634   634 I SystemServer: MakeWindowManagerServiceReady
01-04 18:53:17.310   634   634 I android_os_HwBinder: HwBinder: Starting thread pool for default::android.hardware.configstore@1.0::ISurfaceFlingerConfigs
01-04 18:53:17.311   634   634 D SystemServerTiming: MakeWindowManagerServiceReady took to complete: 3ms
01-04 18:53:17.311   634   634 I SystemServer: MakePowerManagerServiceReady
01-04 18:53:17.321   634   962 W KeyguardServiceDelegate: onScreenTurningOn(): no keyguard service!
01-04 18:53:17.322   634  1266 D WifiStateMachinePrime: received a message in WifiDisabledState: { when=0 what=3 target=com.android.internal.util.StateMachine$SmHandler }
01-04 18:53:17.322   634  1266 D WifiStateMachinePrime: Switching from WifiDisabledState to WifiDisabled
01-04 18:53:17.322   634  1266 D WifiStateMachinePrime: Entering WifiDisabledState
01-04 18:53:17.322   634  1266 D ActiveModeManager: sending scan available broadcast: false
01-04 18:53:17.327   634   634 D SystemServerTiming: MakePowerManagerServiceReady took to complete: 15ms
01-04 18:53:17.327   634   634 I SystemServer: MakePackageManagerServiceReady
01-04 18:53:17.331   634   642 W System  : A resource was acquired at attached stack trace but never released. See java.io.Closeable for information on avoiding resource leaks.
01-04 18:53:17.331   634   642 W System  : java.lang.Throwable: Explicit termination method 'close' not called
01-04 18:53:17.331   634   642 W System  : 	at dalvik.system.CloseGuard.open(CloseGuard.java:221)
01-04 18:53:17.331   634   642 W System  : 	at java.io.FileInputStream.<init>(FileInputStream.java:168)
01-04 18:53:17.331   634   642 W System  : 	at com.android.internal.os.AtomicFile.openRead(AtomicFile.java:147)
01-04 18:53:17.331   634   642 W System  : 	at com.android.server.storage.CacheQuotaStrategy.setupQuotasFromFile(CacheQuotaStrategy.java:301)
01-04 18:53:17.331   634   642 W System  : 	at com.android.server.usage.StorageStatsService$H.handleMessage(StorageStatsService.java:508)
01-04 18:53:17.331   634   642 W System  : 	at android.os.Handler.dispatchMessage(Handler.java:106)
01-04 18:53:17.331   634   642 W System  : 	at android.os.Looper.loop(Looper.java:193)
01-04 18:53:17.331   634   642 W System  : 	at android.os.HandlerThread.run(HandlerThread.java:65)
01-04 18:53:17.331   634   642 W System  : 	at com.android.server.ServiceThread.run(ServiceThread.java:44)
01-04 18:53:17.338   634   634 V UserDataPreparer: Found /data/user_de/0 with serial number 0
01-04 18:53:17.338   634   634 V UserDataPreparer: Found /data/user/0 with serial number 0
01-04 18:53:17.338   634   634 V UserDataPreparer: Found /data/system_de/0 with serial number 0
01-04 18:53:17.338   634   634 V UserDataPreparer: Found /data/system_ce/0 with serial number 0
01-04 18:53:17.338   634   634 V UserDataPreparer: Found /data/misc_ce/0 with serial number 0
01-04 18:53:17.339   634   634 D SystemServerTiming: MakePackageManagerServiceReady took to complete: 11ms
01-04 18:53:17.339   634   634 I SystemServer: MakeDisplayManagerServiceReady
01-04 18:53:17.339   634   634 D SystemServerTiming: MakeDisplayManagerServiceReady took to complete: 0ms
01-04 18:53:17.339   634   634 I SystemServer: StartDeviceSpecificServices
01-04 18:53:17.339   634   634 D SystemServerTiming: StartDeviceSpecificServices took to complete: 0ms
01-04 18:53:17.339   634   634 I SystemServer: StartBootPhaseDeviceSpecificServicesReady
01-04 18:53:17.339   634   634 I SystemServiceManager: Starting phase 520
01-04 18:53:17.339   634   634 D SystemServerTiming: StartBootPhaseDeviceSpecificServicesReady took to complete: 0ms
01-04 18:53:17.340   634   634 W UsageStatsService: Event reported without a package name
01-04 18:53:17.344   634   634 I AppOps  : Pruning old package system/com.android.server.AppOpsService$UidState@8b5bdd2: new uid=-1
01-04 18:53:17.345   634   634 I ActivityManager: System now ready
01-04 18:53:17.348   634   634 I SystemServer: Making services ready
01-04 18:53:17.348   634   634 I SystemServer: StartActivityManagerReadyPhase
01-04 18:53:17.348   634   634 I SystemServiceManager: Starting phase 550
01-04 18:53:17.350   634   634 W ActivityManager: Too early to start/bind service in system_server: Phase=550 ComponentInfo{com.android.server.telecom/com.android.server.telecom.components.TelecomService}
01-04 18:53:17.350   634   634 W ActivityManager: Too early to start/bind service in system_server: Phase=550 ComponentInfo{com.android.server.telecom/com.android.server.telecom.components.TelecomService}
01-04 18:53:17.361   634   634 D BluetoothManagerService: Bluetooth boot completed
01-04 18:53:17.439   726  1425 I mm-3a-core: moto_led_calibration_init:520 Enter: cam_id:0 status:0
01-04 18:53:17.439   726  1425 I mm-3a-core: moto_led_calibration_init_attenuation using camera mot_imx362
01-04 18:53:17.439   726  1425 I mm-3a-core: moto_led_calibration_get_mod_serial_num: sn=4ccf25e5
01-04 18:53:17.439   726  1425 I mm-3a-core: moto_led_calibration_set_mix_led_table: Using factory LED Calibration!
01-04 18:53:17.445   726  1467 I mm-camera: <IMGLIB>< INFO> 2062: module_faceproc_query_mod: Caps ROI 32 scene_mode_cnt 1 HW analysis supported 0
01-04 18:53:17.445   726  1467 E mm-camera: <MCT   ><ERROR> 5797: mct_pipeline_process_get: NULL ptr detected! query_buf = [0x0] module list = [0xe9baea00]
01-04 18:53:17.445   697  1358 E CamPvdr@2.4-external: deviceAdded v4l2 QUERYCAP /dev/video1 failed
01-04 18:53:17.445   726   726 I mm-camera: <MCT   >< INFO> 216: mct_controller_destroy: Initiating destroy sequence for session = 1
01-04 18:53:17.446   726   726 I mm-camera: <MCT   >< INFO> 234: mct_controller_destroy: serv_thread closed
01-04 18:53:17.446   726   726 I mm-camera: <MCT   >< INFO> 249: mct_controller_destroy: bus_handler thread closed
01-04 18:53:17.446   726   726 I mm-camera: <MCT   >< INFO> 6313: mct_pipeline_stop_session: Initiating stop_session on session 1
01-04 18:53:17.446   726   726 I mm-camera: <MCT   >< INFO> 5572: mct_pipeline_process_set: Issuing DEL_STREAM on stream 0x1000f and stream type=10
01-04 18:53:17.446   726   726 I mm-camera: <IFACE >< INFO> 671: iface_unreserve_sink_port: stream_id f mode 0 
01-04 18:53:17.446   726   726 I mm-camera: <ISP   >< INFO> 961: isp_port_check_caps_unreserve: ide 1000f port 0xe8cf1640
01-04 18:53:17.446   726   726 D MotISP_VSTAB: destroyed
01-04 18:53:17.447   726   726 D MotSensorListener: disableSensor: SensorEventQueue disableSensor(SENSOR_ORIENTATION)
01-04 18:53:17.447   634  1174 I MotoSensors: Sensorhub hal enable: 9 - 0
01-04 18:53:17.447   634  1174 D MotoSensors: GameRotationVector: freefall
01-04 18:53:17.447   726   726 D MotSensorListener: disableSensor: SensorEventQueue disableSensor(SENSOR_GYROSCOPE)
01-04 18:53:17.447   634  1174 I MotoSensors: Sensorhub hal enable: 2 - 0
01-04 18:53:17.447   634  1174 D MotoSensors: GameRotationVector: freefall
01-04 18:53:17.448   726   726 I mm-camera: <STATS_Q3A >< INFO> 574: q3a_thread_aecawb_stop: q3a MSG_STOP_THREAD
01-04 18:53:17.448   726   726 I mm-camera: <STATS_Q3A >< INFO> 584: q3a_thread_aecawb_stop: q3a pthread_join
01-04 18:53:17.448   726   726 I mm-camera: <STATS_Q3A >< INFO> 589: q3a_thread_aecawb_stop: q3a stop thread rc 1
01-04 18:53:17.448   726   726 I mm-camera: <STATS_AFD >< INFO> 331: afd_thread_stop: AFD MSG_STOP_AFD_THREAD
01-04 18:53:17.448   726   726 I mm-camera: <STATS_AFD >< INFO> 337: afd_thread_stop: AFD pthread_join
01-04 18:53:17.448   726   726 I mm-camera: <STATS_AFD >< INFO> 342: afd_thread_stop: AFD stop thread 1
01-04 18:53:17.448   726   726 I mm-camera: <STATS_ASD >< INFO> 420: asd_thread_stop: asd MSG_STOP_ASD_THREAD
01-04 18:53:17.448   726   726 I mm-camera: <STATS_ASD >< INFO> 426: asd_thread_stop: asd pthread_join
01-04 18:53:17.448   726   726 I mm-camera: <STATS_ASD >< INFO> 431: asd_thread_stop: asd stop thread rc 1
01-04 18:53:17.448   726   726 I mm-camera: <STATS_AIS >< INFO> 212: is_thread_stop: is thread stop! 
01-04 18:53:17.448   726   726 I mm-camera: <STATS_AIS >< INFO> 225: is_thread_stop: is thread stop! 1
01-04 18:53:17.449   726   726 I mm-camera: <MCT   >< INFO> 5583: mct_pipeline_process_set: Stream 0x1000f and stream type=10, successfully deleted
01-04 18:53:17.449   726  1474 I mm-camera: <MCT   >< INFO> 6047: mct_pipeline_stop_session_thread: Stop module name: sensor - E
01-04 18:53:17.449   726  1475 I mm-camera: <MCT   >< INFO> 6047: mct_pipeline_stop_session_thread: Stop module name: iface - E
01-04 18:53:17.449   726  1476 I mm-camera: <MCT   >< INFO> 6047: mct_pipeline_stop_session_thread: Stop module name: isp - E
01-04 18:53:17.449   726  1475 I mm-camera: <MCT   >< INFO> 6055: mct_pipeline_stop_session_thread: Stop module name: iface - X
01-04 18:53:17.449   726  1476 I mm-camera: <ISP   >< INFO> 487: isp_module_stop_session: session id 1
01-04 18:53:17.450   726  1477 I mm-camera: <MCT   >< INFO> 6047: mct_pipeline_stop_session_thread: Stop module name: stats - E
01-04 18:53:17.450   726  1477 I mm-camera: <STATS >< INFO> 125: stats_module_sub_mod_stop_session: q3a stop session
01-04 18:53:17.450   726  1478 I mm-camera: <MCT   >< INFO> 6047: mct_pipeline_stop_session_thread: Stop module name: pproc - E
01-04 18:53:17.451   726  1476 I mm-camera: <MCT   >< INFO> 6055: mct_pipeline_stop_session_thread: Stop module name: isp - X
01-04 18:53:17.452   726  1478 I mm-camera: <MCT   >< INFO> 6055: mct_pipeline_stop_session_thread: Stop module name: pproc - X
01-04 18:53:17.452   726  1479 I mm-camera: <MCT   >< INFO> 6047: mct_pipeline_stop_session_thread: Stop module name: imglib - E
01-04 18:53:17.453   726  1479 I mm-camera: <MCT   >< INFO> 6055: mct_pipeline_stop_session_thread: Stop module name: imglib - X
01-04 18:53:17.453   726  1480 I mm-camera: <MCT   >< INFO> 6047: mct_pipeline_stop_session_thread: Stop module name: drsd - E
01-04 18:53:17.453   726   726 I mm-camera: <MCT   >< INFO> 6335: mct_pipeline_stop_session: Modules left: 6
01-04 18:53:17.453   726   726 I mm-camera: <MCT   >< INFO> 6335: mct_pipeline_stop_session: Modules left: 5
01-04 18:53:17.453   726   726 I mm-camera: <MCT   >< INFO> 6335: mct_pipeline_stop_session: Modules left: 4
01-04 18:53:17.453   726   726 I mm-camera: <MCT   >< INFO> 6335: mct_pipeline_stop_session: Modules left: 3
01-04 18:53:17.453   726  1480 I mm-camera: <MCT   >< INFO> 6055: mct_pipeline_stop_session_thread: Stop module name: drsd - X
01-04 18:53:17.453   726   726 I mm-camera: <MCT   >< INFO> 6335: mct_pipeline_stop_session: Modules left: 2
01-04 18:53:17.455   726  1477 I mm-camera: <STATS >< INFO> 129: stats_module_sub_mod_stop_session: q3a stop session done
01-04 18:53:17.455   726  1477 I mm-camera: <STATS >< INFO> 125: stats_module_sub_mod_stop_session: afd stop session
01-04 18:53:17.455   726  1477 I mm-camera: <STATS >< INFO> 129: stats_module_sub_mod_stop_session: afd stop session done
01-04 18:53:17.455   726  1477 I mm-camera: <STATS >< INFO> 125: stats_module_sub_mod_stop_session: asd stop session
01-04 18:53:17.456   726  1477 I mm-camera: <STATS >< INFO> 129: stats_module_sub_mod_stop_session: asd stop session done
01-04 18:53:17.456   726  1477 I mm-camera: <STATS >< INFO> 125: stats_module_sub_mod_stop_session: is stop session
01-04 18:53:17.456   726  1477 I mm-camera: <STATS >< INFO> 129: stats_module_sub_mod_stop_session: is stop session done
01-04 18:53:17.456   726  1477 I mm-camera: <STATS >< INFO> 355: stats_module_stop_session: X
01-04 18:53:17.456   726  1477 I mm-camera: <MCT   >< INFO> 6055: mct_pipeline_stop_session_thread: Stop module name: stats - X
01-04 18:53:17.456   726   726 I mm-camera: <MCT   >< INFO> 6335: mct_pipeline_stop_session: Modules left: 1
01-04 18:53:17.459   634   634 W SystemServiceManager: Service com.android.server.InputMethodManagerService$Lifecycle took 98 ms in onBootPhase
01-04 18:53:17.459   634  1212 D StorageManagerService: Thinking about init, mSystemReady=true, mDaemonConnected=true
01-04 18:53:17.459   634  1212 D StorageManagerService: Setting up emulation state, initlocked=false
01-04 18:53:17.460   463   467 D vold    : e4crypt_unlock_user_key 0 serial=0 token_present=0
01-04 18:53:17.460   634  1212 D StorageManagerService: Thinking about reset, mSystemReady=true, mDaemonConnected=true
01-04 18:53:17.461   634   855 I ActivityManager: Force stopping com.android.providers.media appid=10053 user=-1: vold reset
01-04 18:53:17.462   634  1303 V StorageManagerService: Found primary storage at VolumeInfo{emulated}:
01-04 18:53:17.462   634  1303 V StorageManagerService:     type=EMULATED diskId=null partGuid= mountFlags=0 mountUserId=-1 
01-04 18:53:17.462   634  1303 V StorageManagerService:     state=UNMOUNTED 
01-04 18:53:17.462   634  1303 V StorageManagerService:     fsType=null fsUuid=null fsLabel=null 
01-04 18:53:17.462   634  1303 V StorageManagerService:     path=null internalPath=null 
01-04 18:53:17.463   634   634 I WallpaperManagerService: No static wallpaper imagery; defaults will be shown
01-04 18:53:17.464   634   634 E BitmapFactory: Unable to decode stream: java.io.FileNotFoundException: /data/system/users/0/wallpaper_orig (No such file or directory)
01-04 18:53:17.464   634   634 W WallpaperManagerService: Invalid wallpaper data
01-04 18:53:17.464   634   634 E WallpaperManagerService: Unable to apply new wallpaper
01-04 18:53:17.465   463   467 V vold    : Waiting for FUSE to spin up...
01-04 18:53:17.466   512   600 D audio_hw_primary: adev_set_parameters: enter: A2dpSuspended=false
01-04 18:53:17.466   512   600 D audio_hw_extn: audio_extn_set_anc_parameters: anc_enabled:0
01-04 18:53:17.466   634  1300 I AudioService: setBluetoothScoOnInt: false resetBluetoothSco
01-04 18:53:17.466   512   600 D audio_hw_primary: adev_set_parameters: enter: BT_SCO=off
01-04 18:53:17.466   512   600 D audio_hw_extn: audio_extn_set_anc_parameters: anc_enabled:0
01-04 18:53:17.467   634  1300 D BluetoothManagerService: Trying to bind to profile: 1, while Bluetooth was disabled
01-04 18:53:17.468  1484  1484 I Zygote  : seccomp disabled by setenforce 0
01-04 18:53:17.469   634  1300 E BluetoothHearingAid: Could not bind to Bluetooth Hearing Aid Service with Intent { act=android.bluetooth.IBluetoothHearingAid }
01-04 18:53:17.471   512   600 I AudioFlinger: systemReady
01-04 18:53:17.471   634   634 D SystemServerTiming: StartActivityManagerReadyPhase took to complete: 123ms
01-04 18:53:17.471   634   634 I SystemServer: StartObservingNativeCrashes
01-04 18:53:17.472   634   634 D SystemServerTiming: StartObservingNativeCrashes took to complete: 0ms
01-04 18:53:17.472   634   634 I SystemServer: StartSystemUI
01-04 18:53:17.472   634  1032 D SystemServerInitThreadPool: Started executing WebViewFactoryPreparation
01-04 18:53:17.472   634  1032 I SystemServer: WebViewFactoryPreparation
01-04 18:53:17.475   634   634 D SystemServerTiming: StartSystemUI took to complete: 3ms
01-04 18:53:17.475   634   634 I SystemServer: MakeNetworkManagementServiceReady
01-04 18:53:17.475   634   634 D NetworkManagement: enabling bandwidth control
01-04 18:53:17.479   634   857 I ActivityManager: Start proc 1484:com.android.inputmethod.latin/u0a81 for service com.android.inputmethod.latin/.LatinIME
01-04 18:53:17.482  1482  1482 W sdcard  : Device explicitly enabled sdcardfs
01-04 18:53:17.486   634  1032 D WebViewLibraryLoader: Setting new address space to 140101808
01-04 18:53:17.490   634  1032 D SystemServerTimingAsync: WebViewFactoryPreparation took to complete: 19ms
01-04 18:53:17.491   634  1032 D SystemServerInitThreadPool: Finished executing WebViewFactoryPreparation
01-04 18:53:17.493  1502  1502 I Zygote  : seccomp disabled by setenforce 0
01-04 18:53:17.499   634   857 I ActivityManager: Start proc 1502:com.android.systemui/u0a54 for service com.android.systemui/.SystemUIService
01-04 18:53:17.500   726  1474 I mm-camera: <MCT   >< INFO> 6055: mct_pipeline_stop_session_thread: Stop module name: sensor - X
01-04 18:53:17.500   726   726 I mm-camera: <MCT   >< INFO> 6335: mct_pipeline_stop_session: Modules left: 0
01-04 18:53:17.500   726   726 I mm-camera: <MCT   >< INFO> 6344: mct_pipeline_stop_session: Stopped session 1 successfully
01-04 18:53:17.500   726   726 I mm-camera: <MCT   >< INFO> 6620: mct_pipeline_destroy: E: session:1
01-04 18:53:17.500   726   726 I mm-camera: <MCT   >< INFO> 6693: mct_pipeline_destroy: X: Pipeline destroyed successfully session =1
01-04 18:53:17.500   726   726 I mm-camera: <MCT   >< INFO> 282: mct_controller_destroy: X Successfully closed mct_controller session 1
01-04 18:53:17.503   634   634 W NetworkManagement: setDataSaverMode(): already false
01-04 18:53:17.505   634   634 D SystemServerTiming: MakeNetworkManagementServiceReady took to complete: 31ms
01-04 18:53:17.506   634   634 I SystemServer: MakeIpSecServiceReady
01-04 18:53:17.508   634   870 E BatteryExternalStatsWorker: no controller energy info supplied for wifi
01-04 18:53:17.508   634   870 E BatteryExternalStatsWorker: no controller energy info supplied for telephony
01-04 18:53:17.508   634   634 D IpSecService: IpSecService is ready
01-04 18:53:17.508   634   634 D SystemServerTiming: MakeIpSecServiceReady took to complete: 3ms
01-04 18:53:17.508   634   634 I SystemServer: MakeNetworkStatsServiceReady
01-04 18:53:17.511   634  1237 W NetworkPolicy: setRestrictBackgroundUL: already false
01-04 18:53:17.512   634   634 W BestClock: java.time.DateTimeException: Missing NTP fix
01-04 18:53:17.513   634   634 I pool-2-thread-1: type=1400 audit(0.0:121): avc: denied { read } for uid=1000 name="u:object_r:vendor_camera_prop:s0" dev="tmpfs" ino=6318 scontext=u:r:system_server:s0 tcontext=u:object_r:vendor_camera_prop:s0 tclass=file permissive=1
01-04 18:53:17.514   634  1173 I CameraManagerGlobal: Connecting to camera service
01-04 18:53:17.532   708   840 W MediaExtractorFactory: couldn't dlopen(/system/lib64/extractors/libmmparser.so) No such file or directory
01-04 18:53:17.533   634   634 D SystemServerTiming: MakeNetworkStatsServiceReady took to complete: 24ms
01-04 18:53:17.533   634   634 I SystemServer: MakeConnectivityServiceReady
01-04 18:53:17.535   708   840 W MediaExtractorFactory: couldn't dlopen(/system/lib64/extractors/..) Is a directory
01-04 18:53:17.535  1484  1484 I putmethod.lati: The ClassLoaderContext is a special shared library.
01-04 18:53:17.535   634   634 D PermissionMonitor: Monitoring
01-04 18:53:17.535   708   840 W MediaExtractorFactory: couldn't dlopen(/system/lib64/extractors/.) Is a directory
01-04 18:53:17.537   634  1461 D Ethernet: got request NetworkRequest [ BACKGROUND_REQUEST id=2, [ Transports: CELLULAR Capabilities: INTERNET&NOT_RESTRICTED&TRUSTED&NOT_VPN Unwanted: ] ] with score 0
01-04 18:53:17.542  1484  1484 I putmethod.lati: The ClassLoaderContext is a special shared library.
01-04 18:53:17.542   634   634 D PermissionMonitor: Users: 1, Apps: 110
01-04 18:53:17.544   708   840 E MediaExtractorFactory: couldn't opendir(/vendor/lib64/extractors)
01-04 18:53:17.546   634  1237 W BestClock: java.time.DateTimeException: Missing NTP fix
01-04 18:53:17.547  1502  1502 I ndroid.systemu: The ClassLoaderContext is a special shared library.
01-04 18:53:17.558   634   634 D SystemServerTiming: MakeConnectivityServiceReady took to complete: 25ms
01-04 18:53:17.558   634   634 I SystemServer: MakeNetworkPolicyServiceReady
01-04 18:53:17.558   713   842 D StagefrightPluginLoader: Failed to load library: libstagefright_ccodec.so (dlopen failed: library "libstagefright_ccodec.so" not found)
01-04 18:53:17.558   713   842 D StagefrightPluginLoader: Handle or CreateInputSurface symbol is null
01-04 18:53:17.558   713   842 D StagefrightPluginLoader: Handle or CreateBuilder symbol is null
01-04 18:53:17.565   713   842 I OMXClient: IOmx service obtained
01-04 18:53:17.565   719   719 I OMXMaster: makeComponentInstance(OMX.google.aac.decoder) in omx@1.0-service process
01-04 18:53:17.577   713   842 I OMXClient: IOmx service obtained
01-04 18:53:17.578  1533  1533 I Zygote  : seccomp disabled by setenforce 0
01-04 18:53:17.578   719   719 I OMXMaster: makeComponentInstance(OMX.google.amrnb.decoder) in omx@1.0-service process
01-04 18:53:17.579   634  1503 W ZygoteProcess: Got error connecting to zygote, retrying. msg= Connection refused
01-04 18:53:17.584  1484  1484 E JniUtils: Could not load native library jni_latinimegoogle
01-04 18:53:17.584  1484  1484 E JniUtils: java.lang.UnsatisfiedLinkError: dalvik.system.PathClassLoader[DexPathList[[zip file "/system/framework/org.apache.http.legacy.boot.jar", zip file "/system/app/LatinIME/LatinIME.apk"],nativeLibraryDirectories=[/system/app/LatinIME/lib/arm64, /system/fake-libs64, /system/app/LatinIME/LatinIME.apk!/lib/arm64-v8a, /system/lib64, /system/vendor/lib64, /system/lib64, /system/vendor/lib64]]] couldn't find "libjni_latinimegoogle.so"
01-04 18:53:17.584  1484  1484 E JniUtils: 	at java.lang.Runtime.loadLibrary0(Runtime.java:1012)
01-04 18:53:17.584  1484  1484 E JniUtils: 	at java.lang.System.loadLibrary(System.java:1669)
01-04 18:53:17.584  1484  1484 E JniUtils: 	at com.android.inputmethod.latin.utils.JniUtils.<clinit>(JniUtils.java:29)
01-04 18:53:17.584  1484  1484 E JniUtils: 	at com.android.inputmethod.latin.utils.JniUtils.loadNativeLibrary(JniUtils.java:47)
01-04 18:53:17.584  1484  1484 E JniUtils: 	at com.android.inputmethod.latin.LatinIME.<clinit>(LatinIME.java:577)
01-04 18:53:17.584  1484  1484 E JniUtils: 	at java.lang.Class.newInstance(Native Method)
01-04 18:53:17.584  1484  1484 E JniUtils: 	at android.app.AppComponentFactory.instantiateService(AppComponentFactory.java:103)
01-04 18:53:17.584  1484  1484 E JniUtils: 	at android.app.ActivityThread.handleCreateService(ActivityThread.java:3552)
01-04 18:53:17.584  1484  1484 E JniUtils: 	at android.app.ActivityThread.access$1300(ActivityThread.java:200)
01-04 18:53:17.584  1484  1484 E JniUtils: 	at android.app.ActivityThread$H.handleMessage(ActivityThread.java:1672)
01-04 18:53:17.584  1484  1484 E JniUtils: 	at android.os.Handler.dispatchMessage(Handler.java:106)
01-04 18:53:17.584  1484  1484 E JniUtils: 	at android.os.Looper.loop(Looper.java:193)
01-04 18:53:17.584  1484  1484 E JniUtils: 	at android.app.ActivityThread.main(ActivityThread.java:6718)
01-04 18:53:17.584  1484  1484 E JniUtils: 	at java.lang.reflect.Method.invoke(Native Method)
01-04 18:53:17.584  1484  1484 E JniUtils: 	at com.android.internal.os.RuntimeInit$MethodAndArgsCaller.run(RuntimeInit.java:493)
01-04 18:53:17.584  1484  1484 E JniUtils: 	at com.android.internal.os.ZygoteInit.main(ZygoteInit.java:858)
