01-04 18:53:16.963   634   634 I SystemServer: StartUsbService
01-04 18:53:16.963   634   634 I SystemServiceManager: Starting com.android.server.usb.UsbService$Lifecycle
01-04 18:53:16.965   452   452 W hwservicemanager: getTransport: Cannot find entry android.hardware.usb.gadget@1.0::IUsbGadget/default in either framework or device manifest.
01-04 18:53:16.966   634   634 I UsbDeviceManager: USB GADGET HAL not present in the device
01-04 18:53:16.966   634   634 I UsbDeviceManager: java.util.NoSuchElementException
01-04 18:53:16.966   634   634 I UsbDeviceManager: 	at android.os.HwBinder.getService(Native Method)
01-04 18:53:16.966   634   634 I UsbDeviceManager: 	at android.hardware.usb.gadget.V1_0.IUsbGadget.getService(IUsbGadget.java:40)
01-04 18:53:16.966   634   634 I UsbDeviceManager: 	at android.hardware.usb.gadget.V1_0.IUsbGadget.getService(IUsbGadget.java:44)
01-04 18:53:16.966   634   634 I UsbDeviceManager: 	at com.android.server.usb.UsbDeviceManager.<init>(UsbDeviceManager.java:267)
01-04 18:53:16.966   634   634 I UsbDeviceManager: 	at com.android.server.usb.UsbService.<init>(UsbService.java:139)
01-04 18:53:16.966   634   634 I UsbDeviceManager: 	at com.android.server.usb.UsbService$Lifecycle.onStart(UsbService.java:73)
01-04 18:53:16.966   634   634 I UsbDeviceManager: 	at com.android.server.SystemServiceManager.startService(SystemServiceManager.java:126)
01-04 18:53:16.966   634   634 I UsbDeviceManager: 	at com.android.server.SystemServiceManager.startService(SystemServiceManager.java:113)
01-04 18:53:16.966   634   634 I UsbDeviceManager: 	at com.android.server.SystemServiceManager.startService(SystemServiceManager.java:72)
01-04 18:53:16.966   634   634 I UsbDeviceManager: 	at com.android.server.SystemServer.startOtherServices(SystemServer.java:1333)
01-04 18:53:16.966   634   634 I UsbDeviceManager: 	at com.android.server.SystemServer.run(SystemServer.java:456)
01-04 18:53:16.966   634   634 I UsbDeviceManager: 	at com.android.server.SystemServer.main(SystemServer.java:315)
01-04 18:53:16.966   634   634 I UsbDeviceManager: 	at java.lang.reflect.Method.invoke(Native Method)
01-04 18:53:16.966   634   634 I UsbDeviceManager: 	at com.android.internal.os.RuntimeInit$MethodAndArgsCaller.run(RuntimeInit.java:493)
01-04 18:53:16.966   634   634 I UsbDeviceManager: 	at com.android.internal.os.ZygoteInit.main(ZygoteInit.java:838)
01-04 18:53:16.966   634   634 E UsbDeviceManagerJNI: could not open control for mtp Permission denied
01-04 18:53:16.966   634   634 E UsbDeviceManager: Failed to open control for mtp
01-04 18:53:16.966   634   634 E UsbDeviceManagerJNI: could not open control for ptp Permission denied
01-04 18:53:16.966   634   634 E UsbDeviceManager: Failed to open control for ptp
01-04 18:53:16.974   634   634 W StorageManagerService: No primary storage defined yet; hacking together a stub
01-04 18:53:16.975   726  1293 I mm-camera: <MCT   >< INFO> 6055: mct_pipeline_stop_session_thread: Stop module name: sensor - X
01-04 18:53:16.975   726   726 I mm-camera: <MCT   >< INFO> 6335: mct_pipeline_stop_session: Modules left: 0
01-04 18:53:16.975   726   726 I mm-camera: <MCT   >< INFO> 6344: mct_pipeline_stop_session: Stopped session 1 successfully
01-04 18:53:16.975   726   726 I mm-camera: <MCT   >< INFO> 6620: mct_pipeline_destroy: E: session:1
01-04 18:53:16.975   726   726 I mm-camera: <MCT   >< INFO> 6693: mct_pipeline_destroy: X: Pipeline destroyed successfully session =1
01-04 18:53:16.975   726   726 I mm-camera: <MCT   >< INFO> 282: mct_controller_destroy: X Successfully closed mct_controller session 1
01-04 18:53:16.975   697   697 W CameraProviderManager: Camera provider legacy/0 says an unknown camera device@1.0/legacy/0 now has torch status 1. Curious.
01-04 18:53:16.975   697   697 W CameraProviderManager: Camera provider legacy/0 says an unknown camera device@3.2/legacy/0 now has torch status 1. Curious.
01-04 18:53:16.975  1073  1244 I QCamera : <HAL><INFO> closeCamera: 2881: [KPI Perf]: X PROFILE_CLOSE_CAMERA camera id 0, rc: 0
01-04 18:53:16.976  1073  1244 I QCamera : <HAL><INFO> close_camera_device: 1870: [KPI Perf]: X
01-04 18:53:16.976  1073  1244 I QCameraHalWatchdog: Stopped Watchdog Thread (200ms)[close_camera_device]
01-04 18:53:16.976   697   697 I CameraProviderManager: Enumerating new camera device: device@3.2/legacy/0
01-04 18:53:16.977   697   697 I CameraProviderManager: Enumerating new camera device: device@1.0/legacy/1
01-04 18:53:16.978   634   634 I android_os_HwBinder: HwBinder: Starting thread pool for default::android.hidl.manager@1.0::IServiceManager
01-04 18:53:16.978  1073  1244 I MOTCamDev@1.0-impl: Opening camera 1
01-04 18:53:16.978  1073  1244 I QCamera : <HAL><INFO> openLegacy: 525: openLegacy halVersion: 256
01-04 18:53:16.979   634  1174 I UsbPortManager: Usb hal service started android.hardware.usb@1.0::IUsb default
01-04 18:53:16.979  1073  1244 D vndksupport: Loading /vendor/lib/hw/power.default.so from current namespace instead of sphal namespace.
01-04 18:53:16.980   634   634 I android_os_HwBinder: HwBinder: Starting thread pool for default::android.hardware.usb@1.0::IUsb
01-04 18:53:16.980   492   492 I android.hardware.usb@1.0-service: registering callback
01-04 18:53:16.981   492  1309 E android.hardware.usb@1.0-service: creating thread
01-04 18:53:16.982  1073  1244 I QCamera : <HAL><INFO> openCamera: 2349: [KPI Perf]: E PROFILE_OPEN_CAMERA camera id 1
01-04 18:53:16.983  1073  1244 E QCamera : <HAL><ERROR> lock_acq_timed: 318: failed to acquire lock
01-04 18:53:16.983  1073  1244 I QCameraHalWatchdog: Starting Watchdog Thread...
01-04 18:53:16.983   697   697 I CameraProviderManager: Camera device device@1.0/legacy/0 torch status is now NOT_AVAILABLE
01-04 18:53:16.983   634   634 D SystemServerTiming: StartUsbService took to complete: 21ms
01-04 18:53:16.983   697   697 I CameraService: onTorchStatusChangedLocked: Torch status changed for cameraId=0, newStatus=0
01-04 18:53:16.983   697   697 E CameraService: onTorchStatusChangedLocked: cannot get torch status of camera 0: No such file or directory (-2)
01-04 18:53:16.983   634   634 I SystemServer: StartSerialService
01-04 18:53:16.983   697   697 I CameraProviderManager: Camera device device@3.2/legacy/0 torch status is now NOT_AVAILABLE
01-04 18:53:16.983   697   697 I CameraService: onTorchStatusChangedLocked: Torch status changed for cameraId=0, newStatus=0
01-04 18:53:16.983   697   697 E CameraService: onTorchStatusChangedLocked: cannot get torch status of camera 0: No such file or directory (-2)
01-04 18:53:16.984   726   726 I mm-camera: < INFO> 395: enable_memleak_trace: start memleak tracking.
01-04 18:53:16.985   695   695 E ADSPD   : AOV trigger node does not exist.
01-04 18:53:16.986   695   695 E ADSPD   : AOV register node does not exist.
01-04 18:53:16.986   695   695 D ADSPD   : node check try: 3
01-04 18:53:16.986   634   634 D SystemServerTiming: StartSerialService took to complete: 3ms
01-04 18:53:16.986   634   634 I SystemServer: StartHardwarePropertiesManagerService
01-04 18:53:16.987   726   726 I mm-camera: <MCT   >< INFO> 63: mct_controller_new: Creating new mct_controller with session-id 2
01-04 18:53:16.987   726  1311 I mm-camera: <MCT   >< INFO> 6235: mct_pipeline_start_session_thread: E sensor
01-04 18:53:16.988   726  1311 I mm-camera: <MCT   >< INFO> 6242: mct_pipeline_start_session_thread: Calling start_session on Module sensor
01-04 18:53:16.988   726  1312 I mm-camera: <MCT   >< INFO> 6235: mct_pipeline_start_session_thread: E iface
01-04 18:53:16.988   726  1312 I mm-camera: <MCT   >< INFO> 6242: mct_pipeline_start_session_thread: Calling start_session on Module iface
01-04 18:53:16.988   726  1314 I mm-camera: <MCT   >< INFO> 6235: mct_pipeline_start_session_thread: E isp
01-04 18:53:16.988   726  1314 I mm-camera: <MCT   >< INFO> 6242: mct_pipeline_start_session_thread: Calling start_session on Module isp
01-04 18:53:16.988   726  1314 I mm-camera: <ISP   >< INFO> 201: isp_module_start_session: session id 2
01-04 18:53:16.989   726  1315 I mm-camera: <MCT   >< INFO> 6235: mct_pipeline_start_session_thread: E stats
01-04 18:53:16.989   726  1315 I mm-camera: <MCT   >< INFO> 6242: mct_pipeline_start_session_thread: Calling start_session on Module stats
01-04 18:53:16.989   634   634 D HardwarePropertiesManagerService-JNI: Link to death notification successful
01-04 18:53:16.989   726  1312 I mm-camera: <MCT   >< INFO> 6245: mct_pipeline_start_session_thread: Module iface start_session rc = 1
01-04 18:53:16.989   726  1312 I mm-camera: <MCT   >< INFO> 6253: mct_pipeline_start_session_thread: started_num = 1, success = 1
01-04 18:53:16.989   726  1312 I mm-camera: <MCT   >< INFO> 6260: mct_pipeline_start_session_thread: X iface
01-04 18:53:16.990   634   634 D SystemServerTiming: StartHardwarePropertiesManagerService took to complete: 4ms
01-04 18:53:16.990   634   634 I SystemServer: StartTwilightService
01-04 18:53:16.990   726  1317 I mm-camera: <MCT   >< INFO> 6235: mct_pipeline_start_session_thread: E pproc
01-04 18:53:16.990   634   634 I SystemServiceManager: Starting com.android.server.twilight.TwilightService
01-04 18:53:16.990   726  1317 I mm-camera: <MCT   >< INFO> 6242: mct_pipeline_start_session_thread: Calling start_session on Module pproc
01-04 18:53:16.990   634   634 D SystemServerTiming: StartTwilightService took to complete: 0ms
01-04 18:53:16.991   634   634 I SystemServer: StartNightDisplay
01-04 18:53:16.991   634   634 I SystemServiceManager: Starting com.android.server.display.ColorDisplayService
01-04 18:53:16.991   634   634 D SystemServerTiming: StartNightDisplay took to complete: 0ms
01-04 18:53:16.991   634   634 I SystemServer: StartJobScheduler
01-04 18:53:16.991   634   634 I SystemServiceManager: Starting com.android.server.job.JobSchedulerService
01-04 18:53:16.991   726  1318 I mm-camera: <MCT   >< INFO> 6235: mct_pipeline_start_session_thread: E imglib
01-04 18:53:16.991   726  1318 I mm-camera: <MCT   >< INFO> 6242: mct_pipeline_start_session_thread: Calling start_session on Module imglib
01-04 18:53:16.992   726  1320 I mm-camera: <MCT   >< INFO> 6235: mct_pipeline_start_session_thread: E drsd
01-04 18:53:16.992   726  1320 I mm-camera: <MCT   >< INFO> 6242: mct_pipeline_start_session_thread: Calling start_session on Module drsd
01-04 18:53:16.992   726  1320 E mm-camera: <IMGLIB><ERROR> 1180: module_drsd_start_session: module_drsd_start_session:1180] E
01-04 18:53:16.992   726  1318 I mm-camera: <MCT   >< INFO> 6245: mct_pipeline_start_session_thread: Module imglib start_session rc = 1
01-04 18:53:16.992   726  1318 I mm-camera: <MCT   >< INFO> 6253: mct_pipeline_start_session_thread: started_num = 2, success = 2
01-04 18:53:16.992   726  1318 I mm-camera: <MCT   >< INFO> 6260: mct_pipeline_start_session_thread: X imglib
01-04 18:53:16.992   726  1320 I mm-camera: <MCT   >< INFO> 6245: mct_pipeline_start_session_thread: Module drsd start_session rc = 1
01-04 18:53:16.992   726  1320 I mm-camera: <MCT   >< INFO> 6253: mct_pipeline_start_session_thread: started_num = 3, success = 3
01-04 18:53:16.992   726  1320 I mm-camera: <MCT   >< INFO> 6260: mct_pipeline_start_session_thread: X drsd
01-04 18:53:16.993   726  1317 I mm-camera: <MCT   >< INFO> 6245: mct_pipeline_start_session_thread: Module pproc start_session rc = 1
01-04 18:53:16.993   726  1317 I mm-camera: <MCT   >< INFO> 6253: mct_pipeline_start_session_thread: started_num = 4, success = 4
01-04 18:53:16.993   726  1317 I mm-camera: <MCT   >< INFO> 6260: mct_pipeline_start_session_thread: X pproc
01-04 18:53:16.995   634   634 D JobStore: Start tag: job-info
01-04 18:53:16.996   726  1314 I mm-camera: <MCT   >< INFO> 6245: mct_pipeline_start_session_thread: Module isp start_session rc = 1
01-04 18:53:16.996   726  1314 I mm-camera: <MCT   >< INFO> 6253: mct_pipeline_start_session_thread: started_num = 5, success = 5
01-04 18:53:16.996   726  1314 I mm-camera: <MCT   >< INFO> 6260: mct_pipeline_start_session_thread: X isp
01-04 18:53:16.996   634   634 I JobStore: Read 2 jobs
01-04 18:53:16.996   726  1311 I mm-camera: <MCT   >< INFO> 6245: mct_pipeline_start_session_thread: Module sensor start_session rc = 1
01-04 18:53:16.996   726  1311 I mm-camera: <MCT   >< INFO> 6253: mct_pipeline_start_session_thread: started_num = 6, success = 6
01-04 18:53:16.996   726  1311 I mm-camera: <MCT   >< INFO> 6260: mct_pipeline_start_session_thread: X sensor
01-04 18:53:16.997   726  1315 I mm-camera: <MCT   >< INFO> 6245: mct_pipeline_start_session_thread: Module stats start_session rc = 1
01-04 18:53:16.997   726  1315 I mm-camera: <MCT   >< INFO> 6253: mct_pipeline_start_session_thread: started_num = 7, success = 7
01-04 18:53:16.997   726  1315 I mm-camera: <MCT   >< INFO> 6260: mct_pipeline_start_session_thread: X stats
01-04 18:53:17.003   634   634 D SystemServerTiming: StartJobScheduler took to complete: 11ms
01-04 18:53:17.003   634   634 I SystemServer: StartSoundTrigger
01-04 18:53:17.003   634   634 I SystemServiceManager: Starting com.android.server.soundtrigger.SoundTriggerService
01-04 18:53:17.005   634   634 D SystemServerTiming: StartSoundTrigger took to complete: 1ms
01-04 18:53:17.005   634   634 I SystemServer: StartTrustManager
01-04 18:53:17.005   634   634 I SystemServiceManager: Starting com.android.server.trust.TrustManagerService
01-04 18:53:17.007   634   634 D SystemServerTiming: StartTrustManager took to complete: 2ms
01-04 18:53:17.007   726   726 I ZAF     : zaf_init:57: log_level:INFO 
01-04 18:53:17.007   634   634 I SystemServer: StartBackupManager
01-04 18:53:17.007   634   634 I SystemServiceManager: Starting com.android.server.backup.BackupManagerService$Lifecycle
01-04 18:53:17.009   634   634 D SystemServerTiming: StartBackupManager took to complete: 3ms
01-04 18:53:17.010   634   634 I SystemServer: StartAppWidgerService
01-04 18:53:17.010   634   634 I SystemServiceManager: Starting com.android.server.appwidget.AppWidgetService
01-04 18:53:17.010   726   726 D MotSensorListener: enableSensor: SensorEventQueue enableSensor(SENSOR_GYROSCOPE)
01-04 18:53:17.011   634  1174 I MotoSensors: Sensorhub hal setDelay: 2 - 5
01-04 18:53:17.011   634  1174 I MotoSensors: Sensorhub hal setdelay: 2 - 5
01-04 18:53:17.011   634  1174 I MotoSensors: HubSensors::updateGyroRate 200
01-04 18:53:17.011   634  1174 I MotoSensors: Sensorhub hal enable: 2 - 1
01-04 18:53:17.011   634  1174 I MotoSensors: HubSensors::updateGyroRate 5
01-04 18:53:17.011   634  1174 D MotoSensors: GameRotationVector: freefall
01-04 18:53:17.011   726   726 I mm-camera: <MCT   >< INFO> 6156: mct_pipeline_start_stream_internal: Adding session stream streamid= 0xf for session=2
01-04 18:53:17.011   726   726 I mm-camera: <MCT   >< INFO> 6204: mct_pipeline_start_stream_internal: Linking session stream for session 2
01-04 18:53:17.011   726   726 I mm-camera: <MCT   >< INFO> 558: mct_stream_start_link: Start linking Session-stream 0x2000f
01-04 18:53:17.011   726   726 I mm-camera: <IFACE >< INFO> 338: iface_util_find_primary_cid: iface_util_find_primary_cid:338 error cannot find primary sensor format cids 1
01-04 18:53:17.012   726   726 I mm-camera: <ISP   >< INFO> 872: isp_port_check_caps_reserve: port 0xe8cf1640 ide 2000f type 10 dim 0 0
01-04 18:53:17.012   726   726 I mm-camera: <PPROC >< INFO> 446: pproc_port_add_modules_to_stream: in identity 2000f stream 10 int_link = 0xe8cf7dc0
01-04 18:53:17.012   726   726 I mm-camera: <PPROC >< INFO> 458: pproc_port_add_modules_to_stream: :LINK linking mods tmod and paaf for identity 2000f
01-04 18:53:17.012   726   726 I mm-camera: <PPROC >< INFO> 458: pproc_port_add_modules_to_stream: :LINK linking mods paaf and mot_vstab for identity 2000f
01-04 18:53:17.012   726   726 D MotISP_VSTAB: created
01-04 18:53:17.012   726   726 D         : VSTAB sink port width is 0x0 for stream 10
01-04 18:53:17.012   726   726 I mm-camera: <PPROC >< INFO> 458: pproc_port_add_modules_to_stream: :LINK linking mods mot_vstab and c2d for identity 2000f
01-04 18:53:17.012   726   726 I mm-camera: <C2D   >< INFO> 1490: c2d_module_notify_add_stream: width 0, height 0, stride 0, scanline 0, is_type 0
01-04 18:53:17.012   726   726 I mm-camera: <PPROC >< INFO> 458: pproc_port_add_modules_to_stream: :LINK linking mods c2d and cpp for identity 2000f
01-04 18:53:17.012   726   726 I mm-camera: <CPP   >< INFO> 2202: cpp_module_notify_add_stream: :width 0, height 0, stride 0, scanline 0, framelen 0
01-04 18:53:17.012   726   726 I mm-camera: <CPP   >< INFO> 2367: cpp_module_notify_add_stream: : stream 10, fmt 1, asf_mode 0, sharpness_level 0.000000,asf mask 0, denoise 0, denoise_mask 0, dsdn mask 0,dsdn enable 0, tnr mask 0, tnr enable 0, ds_mask 0
01-04 18:53:17.012   726   726 I mm-camera: <PPROC >< INFO> 458: pproc_port_add_modules_to_stream: :LINK linking mods cpp and sw_tnr for identity 2000f
01-04 18:53:17.013   726   726 I mm-camera: <PPROC >< INFO> 458: pproc_port_add_modules_to_stream: :LINK linking mods sw_tnr and llvd for identity 2000f
01-04 18:53:17.013   726   726 I mm-camera: <PPROC >< INFO> 458: pproc_port_add_modules_to_stream: :LINK linking mods llvd and ezt for identity 2000f
01-04 18:53:17.013   726   726 I mm-camera: <PPROC >< INFO> 458: pproc_port_add_modules_to_stream: :LINK linking mods ezt and quadracfa for identity 2000f
01-04 18:53:17.014   634   634 D OpenGLRenderer: Skia GL Pipeline
01-04 18:53:17.015   726   726 D MotSensorListener: enableSensor: SensorEventQueue enableSensor(SENSOR_ORIENTATION)
01-04 18:53:17.015   634  1174 I MotoSensors: Sensorhub hal setDelay: 9 - 10000
01-04 18:53:17.015   634  1174 I MotoSensors: Sensorhub hal setdelay: 9 - 0
01-04 18:53:17.015   634  1174 I MotoSensors: Sensorhub hal enable: 9 - 1
01-04 18:53:17.015   634  1174 D MotoSensors: GameRotationVector: freefall
01-04 18:53:17.016   726   726 E mm-camera: <STATS ><ERROR> 3270: stats_port_check_caps_reserve: Invalid Port capability type!
01-04 18:53:17.016   726   726 I chatty  : uid=1006(camera) mm-qcamera-daem identical 3 lines
01-04 18:53:17.016   726   726 E mm-camera: <STATS ><ERROR> 3270: stats_port_check_caps_reserve: Invalid Port capability type!
01-04 18:53:17.016   726   726 I mm-camera: <MCT   >< INFO> 6213: mct_pipeline_start_stream_internal: Session stream linked successfully session 2
01-04 18:53:17.019  1073  1244 I QCameraHalWatchdog: Stopped Watchdog Thread (35ms)[openCamera]
01-04 18:53:17.020   679   737 I ThermalEngine: Thermal-Server: Adding thermal event listener on fd 21
01-04 18:53:17.020  1073  1244 I Thermal-Lib: Thermal-Lib-Client: Registration successful for camera with handle:1
01-04 18:53:17.020  1073  1244 I QCamera : <HAL><INFO> openCamera: 2383: [KPI Perf]: X PROFILE_OPEN_CAMERA camera id 1, rc: 0
01-04 18:53:17.020  1073  1339 I Thermal-Lib: Thermal-Lib-Client: Client received msg camera 0
01-04 18:53:17.020  1073  1339 I Thermal-Lib: Thermal-Lib-Client: Client received msg camcorder 0
01-04 18:53:17.020  1073  1339 E Thermal-Lib: Thermal-Lib-Client: No Callback registered for camcorder
01-04 18:53:17.021   634   634 D SystemServerTiming: StartAppWidgerService took to complete: 11ms
01-04 18:53:17.021  1073  1308 D MotCameraParameters: setBurstStatus: set Mot Burst Status=off (0)
01-04 18:53:17.021   634   634 I SystemServer: StartVoiceRecognitionManager
01-04 18:53:17.021  1073  1308 I QCamera2HWI: calcThermalLevel: Thermal level 0, FPS [min=15.00, max=30.00, vid_min=15.00, vis_max=30.00], frameskip 0
01-04 18:53:17.021   634   634 I SystemServiceManager: Starting com.android.server.voiceinteraction.VoiceInteractionManagerService
01-04 18:53:17.022  1073  1308 D QCameraParameters: initDefaultParameters: Supported WNR:ON/OFF default:ON
01-04 18:53:17.022  1073  1308 D QCameraParameters: initDefaultParameters: Supported TINTLESS:ON/OFF default:ON
01-04 18:53:17.022  1073  1308 D MotCameraParameters: initLog3A: m_MotLog3ACtrl=0
01-04 18:53:17.023   634   634 D SystemServerTiming: StartVoiceRecognitionManager took to complete: 2ms
01-04 18:53:17.023   634   634 I SystemServer: StartGestureLauncher
01-04 18:53:17.023   634   634 I SystemServiceManager: Starting com.android.server.GestureLauncherService
01-04 18:53:17.023   634   634 D SystemServerTiming: StartGestureLauncher took to complete: 0ms
01-04 18:53:17.023   726  1334 E mm-camera: <MCT   ><ERROR> 1258: mct_pipeline_decide_hw_wakeup: Couldn't find meta stream
01-04 18:53:17.023   634   634 I SystemServer: StartSensorNotification
01-04 18:53:17.023   634   634 I SystemServiceManager: Starting com.android.server.SensorNotificationService
01-04 18:53:17.023   634   634 D SystemServerTiming: StartSensorNotification took to complete: 0ms
01-04 18:53:17.024   634   634 I SystemServer: StartContextHubSystemService
01-04 18:53:17.024   634   634 I SystemServiceManager: Starting com.android.server.ContextHubSystemService
01-04 18:53:17.024   634   634 D SystemServerTiming: StartContextHubSystemService took to complete: 0ms
01-04 18:53:17.024   634   634 I SystemServer: StartDiskStatsService
01-04 18:53:17.024  1073  1308 I MotCameraParameters: setReprocCount: -1
01-04 18:53:17.024  1073  1308 E MotCameraParameters: setReprocCount: dual-pass zoom disabled
01-04 18:53:17.024   634   827 D SystemServerInitThreadPool: Started executing Init ContextHubSystemService
01-04 18:53:17.024   726  1334 E mm-camera: <MCT   ><ERROR> 1258: mct_pipeline_decide_hw_wakeup: Couldn't find meta stream
01-04 18:53:17.024   725   759 E QC-time-services: Daemon:genoff_wlan_qmi_service_request: qmi_client_get_service_list returned -2num_services 0
01-04 18:53:17.024  1073  1308 D MotCameraParameters: setAFRoiEnabled: AFRoiEnabled mAfRoiEnabled=false
01-04 18:53:17.025   726  1334 E mm-camera: <MCT   ><ERROR> 1258: mct_pipeline_decide_hw_wakeup: Couldn't find meta stream
01-04 18:53:17.025  1073  1306 I QCamera2HWI: calcThermalLevel: Thermal level 0, FPS [min=15.00, max=30.00, vid_min=15.00, vis_max=30.00], frameskip 0
01-04 18:53:17.025   452   452 W hwservicemanager: getTransport: Cannot find entry android.hardware.contexthub@1.0::IContexthub/default in either framework or device manifest.
01-04 18:53:17.025   726  1334 E mm-camera: <MCT   ><ERROR> 1258: mct_pipeline_decide_hw_wakeup: Couldn't find meta stream
01-04 18:53:17.026  1073  1306 D MotCameraParameters: therm: calling update for level 0
01-04 18:53:17.026   726  1334 E mm-camera: <MCT   ><ERROR> 1258: mct_pipeline_decide_hw_wakeup: Couldn't find meta stream
01-04 18:53:17.026   634   827 I ContextHubService: Context Hub HAL service not found
01-04 18:53:17.027   634   827 D SystemServerInitThreadPool: Finished executing Init ContextHubSystemService
01-04 18:53:17.028  1073  1244 I MOTCamDev@1.0-impl: Closing camera 1
01-04 18:53:17.028  1073  1244 I QCameraHalWatchdog: Starting Watchdog Thread...
01-04 18:53:17.028  1073  1244 I QCamera : <HAL><INFO> close_camera_device: 1868: [KPI Perf]: E camera id 1
01-04 18:53:17.028   634   634 D SystemServerTiming: StartDiskStatsService took to complete: 4ms
01-04 18:53:17.028   634   634 I SystemServer: StartNetworkTimeUpdateService
01-04 18:53:17.029  1073  1244 E QCamera : <HAL><ERROR> lock_acq: 367: failed to acquire lock
01-04 18:53:17.029  1073  1244 I QCamera : <HAL><INFO> closeCamera: 2763: E
01-04 18:53:17.030   634   634 D SystemServerTiming: StartNetworkTimeUpdateService took to complete: 1ms
01-04 18:53:17.030  1073  1244 I QCamera : <HAL><INFO> closeCamera: 2773: [KPI Perf]: E PROFILE_CLOSE_CAMERA camera id 1
01-04 18:53:17.030   634   634 I SystemServer: StartCommonTimeManagementService
01-04 18:53:17.030   726  1097 E mm-camera: <IMGLIB><ERROR> 303: static int32_t QCameraPAAF::AllocateBuffers(img_base_ops_t *, bool): Invalid dimensions 0x0
01-04 18:53:17.030   726  1097 E mm-camera: <IMGLIB><ERROR> 203: int img_algo_preload(img_base_ops_t *): Preload: Failed to allocate buffer, rc -4
01-04 18:53:17.030   726  1097 E mm-camera: <IMGLIB><ERROR> 117: module_imgbase_client_preload_exec: IMG_CORE_PRELOAD failed -4
01-04 18:53:17.030   726  1334 I mm-camera: <ISP   >< INFO> 6561: isp_util_print_meta_stream_info: Deallocate resources
01-04 18:53:17.031   634   634 D SystemServerTiming: StartCommonTimeManagementService took to complete: 2ms
01-04 18:53:17.031   634   634 I SystemServer: CertBlacklister
01-04 18:53:17.032   726  1334 I mm-camera: <ISP   >< INFO> 2534: isp_resource_allocate: INFO: ISP resource acquired: session 2 num_isp 1
01-04 18:53:17.032   726  1334 I mm-camera: <ISP   >< INFO> 2536: isp_resource_allocate: INFO: ISP resource acquired: hw_id 1
01-04 18:53:17.032   726  1334 I mm-camera: <ISP   >< INFO> 6484: isp_util_decide_stream_mapping: stream_port_map num streams 0
01-04 18:53:17.032   634   634 D SystemServerTiming: CertBlacklister took to complete: 1ms
01-04 18:53:17.032   634   634 I SystemServer: StartEmergencyAffordanceService
01-04 18:53:17.033   634   634 I SystemServiceManager: Starting com.android.server.emergency.EmergencyAffordanceService
01-04 18:53:17.033   634   634 D SystemServerTiming: StartEmergencyAffordanceService took to complete: 0ms
01-04 18:53:17.033   634   634 I SystemServer: StartDreamManager
01-04 18:53:17.033   634   634 I SystemServiceManager: Starting com.android.server.dreams.DreamManagerService
01-04 18:53:17.033   726  1334 E mm-camera: <MCT   ><ERROR> 1258: mct_pipeline_decide_hw_wakeup: Couldn't find meta stream
01-04 18:53:17.036   634   634 D SystemServerTiming: StartDreamManager took to complete: 3ms
01-04 18:53:17.036   634   634 I SystemServer: AddGraphicsStatsService
01-04 18:53:17.036   679   737 I ThermalEngine: Thermal-Server: removing client on fd 21
01-04 18:53:17.036  1073  1244 I Thermal-Lib: Thermal-Lib-Client: Unregisteration is successfull for handle:1
01-04 18:53:17.037   726   726 I mm-camera: <MCT   >< INFO> 216: mct_controller_destroy: Initiating destroy sequence for session = 2
01-04 18:53:17.038   726   726 I mm-camera: <MCT   >< INFO> 234: mct_controller_destroy: serv_thread closed
01-04 18:53:17.038   726   726 I mm-camera: <MCT   >< INFO> 249: mct_controller_destroy: bus_handler thread closed
01-04 18:53:17.038   726   726 I mm-camera: <MCT   >< INFO> 6313: mct_pipeline_stop_session: Initiating stop_session on session 2
01-04 18:53:17.038   726   726 I mm-camera: <MCT   >< INFO> 5572: mct_pipeline_process_set: Issuing DEL_STREAM on stream 0x2000f and stream type=10
01-04 18:53:17.040   634   634 D SystemServerTiming: AddGraphicsStatsService took to complete: 3ms
01-04 18:53:17.040   634   634 I SystemServer: StartPrintManager
01-04 18:53:17.041   634   634 I SystemServiceManager: Starting com.android.server.print.PrintManagerService
01-04 18:53:17.042   634   634 D SystemServerTiming: StartPrintManager took to complete: 2ms
01-04 18:53:17.042   634   634 I SystemServer: StartCompanionDeviceManager
01-04 18:53:17.042   634   634 I SystemServiceManager: Starting com.android.server.companion.CompanionDeviceManagerService
01-04 18:53:17.044   634   634 D SystemServerTiming: StartCompanionDeviceManager took to complete: 2ms
01-04 18:53:17.044   634   634 I SystemServer: StartRestrictionManager
01-04 18:53:17.044   634   634 I SystemServiceManager: Starting com.android.server.restrictions.RestrictionsManagerService
01-04 18:53:17.045   634   634 D SystemServerTiming: StartRestrictionManager took to complete: 1ms
01-04 18:53:17.045   634   634 I SystemServer: StartMediaSessionService
01-04 18:53:17.045   634   634 I SystemServiceManager: Starting com.android.server.media.MediaSessionService
01-04 18:53:17.047   634   634 D SystemServerTiming: StartMediaSessionService took to complete: 2ms
01-04 18:53:17.048   634   634 I SystemServer: StartMediaUpdateService
01-04 18:53:17.048   634   634 I SystemServiceManager: Starting com.android.server.media.MediaUpdateService
01-04 18:53:17.048   634   634 D SystemServerTiming: StartMediaUpdateService took to complete: 0ms
01-04 18:53:17.048   634   634 I SystemServer: StartMediaResourceMonitor
01-04 18:53:17.048   634   634 I SystemServiceManager: Starting com.android.server.media.MediaResourceMonitorService
01-04 18:53:17.048   634   634 D SystemServerTiming: StartMediaResourceMonitor took to complete: 1ms
01-04 18:53:17.048   634   634 I SystemServer: StartMediaRouterService
01-04 18:53:17.050   634   634 D SystemServerTiming: StartMediaRouterService took to complete: 1ms
01-04 18:53:17.050   634   634 I SystemServer: StartFingerprintSensor
01-04 18:53:17.050   634   634 I SystemServiceManager: Starting com.android.server.fingerprint.FingerprintService
01-04 18:53:17.052   634  1032 D SystemServerInitThreadPool: Started executing FingerprintService.onStart
01-04 18:53:17.052   634  1032 V FingerprintService: mDaemon was null, reconnect to fingerprint
01-04 18:53:17.052   634   634 D SystemServerTiming: StartFingerprintSensor took to complete: 3ms
01-04 18:53:17.052   634   634 I SystemServer: StartBackgroundDexOptService
01-04 18:53:17.052   634   634 W BackgroundDexOptService: SysProp pm.dexopt.downgrade_after_inactive_days not set
01-04 18:53:17.053   634   634 D SystemServerTiming: StartBackgroundDexOptService took to complete: 1ms
01-04 18:53:17.053   634   634 I SystemServer: StartPruneInstantAppsJobService
01-04 18:53:17.053   452   452 W hwservicemanager: getTransport: Cannot find entry android.hardware.biometrics.fingerprint@2.1::IBiometricsFingerprint/default in either framework or device manifest.
01-04 18:53:17.053   634   634 D SystemServerTiming: StartPruneInstantAppsJobService took to complete: 0ms
01-04 18:53:17.053   634   634 I SystemServer: StartShortcutServiceLifecycle
01-04 18:53:17.053   634   634 I SystemServiceManager: Starting com.android.server.pm.ShortcutService$Lifecycle
01-04 18:53:17.054   634  1032 I android_os_HwBinder: HwBinder: Starting thread pool for default::android.hardware.biometrics.fingerprint@2.1::IBiometricsFingerprint
01-04 18:53:17.055   634  1032 V FingerprintService: Fingerprint HAL id: 4122579376
01-04 18:53:17.055   634  1032 E FingerprintService: First SDK version 0 is invalid; must be at least VERSION_CODES.BASE
01-04 18:53:17.056   634   634 D SystemServerTiming: StartShortcutServiceLifecycle took to complete: 3ms
01-04 18:53:17.056   634   634 I SystemServer: StartLauncherAppsService
01-04 18:53:17.056   634   634 I SystemServiceManager: Starting com.android.server.pm.LauncherAppsService
01-04 18:53:17.053   750   750 I fingerprint@2.1: type=1400 audit(0.0:113): avc: denied { write } for uid=1000 name="fpdata" dev="mmcblk0p54" ino=2567 scontext=u:r:hal_fingerprint_default:s0 tcontext=u:object_r:fingerprintd_data_file:s0 tclass=dir permissive=1
01-04 18:53:17.057   634   634 D SystemServerTiming: StartLauncherAppsService took to complete: 1ms
01-04 18:53:17.058   634   634 I SystemServer: StartCrossProfileAppsService
01-04 18:53:17.058   634   634 I SystemServiceManager: Starting com.android.server.pm.CrossProfileAppsService
01-04 18:53:17.058   634   634 D SystemServerTiming: StartCrossProfileAppsService took to complete: 1ms
01-04 18:53:17.058   634   634 I SystemServer: StartMediaProjectionManager
01-04 18:53:17.058   634   634 I SystemServiceManager: Starting com.android.server.media.projection.MediaProjectionManagerService
01-04 18:53:17.062   634   634 V MediaRouter: Adding route: RouteInfo{ name=Phone, description=null, status=null, category=RouteCategory{ name=System types=ROUTE_TYPE_LIVE_AUDIO ROUTE_TYPE_LIVE_VIDEO  groupable=false }, supportedTypes=ROUTE_TYPE_LIVE_AUDIO ROUTE_TYPE_LIVE_VIDEO , presentationDisplay=null }
01-04 18:53:17.064   634   634 V MediaRouter: Selecting route: RouteInfo{ name=Phone, description=null, status=null, category=RouteCategory{ name=System types=ROUTE_TYPE_LIVE_AUDIO ROUTE_TYPE_LIVE_VIDEO  groupable=false }, supportedTypes=ROUTE_TYPE_LIVE_AUDIO ROUTE_TYPE_LIVE_VIDEO , presentationDisplay=null }
01-04 18:53:17.065   634   634 D SystemServerTiming: StartMediaProjectionManager took to complete: 6ms
01-04 18:53:17.065   634   634 I SystemServer: StartSliceManagerService
01-04 18:53:17.065   634   634 I SystemServiceManager: Starting com.android.server.slice.SliceManagerService$Lifecycle
01-04 18:53:17.068   634   634 D SystemServerTiming: StartSliceManagerService took to complete: 4ms
01-04 18:53:17.068   634   634 I SystemServer: StartCameraServiceProxy
01-04 18:53:17.068   634   634 I SystemServiceManager: Starting com.android.server.camera.CameraServiceProxy
01-04 18:53:17.070   634  1032 V FingerprintService: Enumerating user(0)
01-04 18:53:17.070   634  1032 V FingerprintService: starting client InternalEnumerateClient(android), initiatedByClient = true
01-04 18:53:17.071   634   634 D SystemServerTiming: StartCameraServiceProxy took to complete: 3ms
01-04 18:53:17.072   634   634 I SystemServer: StartStatsCompanionService
01-04 18:53:17.072   634   634 I SystemServiceManager: Starting com.android.server.stats.StatsCompanionService$Lifecycle
01-04 18:53:17.072   726  1313 E mm-camera: <SENSOR><ERROR> 1096: sensor_init: sensor_init: LRC gain table is missing!
01-04 18:53:17.072   726  1313 I mm-3a-core: moto_led_calibration_init:520 Enter: cam_id:1 status:1
01-04 18:53:17.072   726  1313 I mm-3a-core: moto_led_calibration_init_attenuation using camera mot_ov5695
01-04 18:53:17.072   726  1313 I mm-3a-core: moto_led_calibration_get_mod_serial_num: sn=4ccf25e5
01-04 18:53:17.072   726  1313 E mm-3a-core: moto_led_calibration_read_write_led_cal:377 open /persist/camera/ledcal/front failed (No such file or directory)
01-04 18:53:17.072   726   726 I mm-camera: <IFACE >< INFO> 671: iface_unreserve_sink_port: stream_id f mode 0 
01-04 18:53:17.072   726   726 I mm-camera: <ISP   >< INFO> 961: isp_port_check_caps_unreserve: ide 2000f port 0xe8cf1640
01-04 18:53:17.073   726   726 D MotISP_VSTAB: destroyed
01-04 18:53:17.074   726   726 D MotSensorListener: disableSensor: SensorEventQueue disableSensor(SENSOR_ORIENTATION)
01-04 18:53:17.074   634  1174 I MotoSensors: Sensorhub hal enable: 9 - 0
01-04 18:53:17.074   634  1174 D MotoSensors: GameRotationVector: freefall
01-04 18:53:17.074   726   726 D MotSensorListener: disableSensor: SensorEventQueue disableSensor(SENSOR_GYROSCOPE)
01-04 18:53:17.074   634  1174 I MotoSensors: Sensorhub hal enable: 2 - 0
01-04 18:53:17.074   634  1174 D MotoSensors: GameRotationVector: freefall
01-04 18:53:17.074   634   634 I KernelUidCpuFreqTimeReader: mPerClusterTimesAvailable=false
01-04 18:53:17.074   726   726 I mm-camera: <STATS_Q3A >< INFO> 574: q3a_thread_aecawb_stop: q3a MSG_STOP_THREAD
01-04 18:53:17.075   726   726 I mm-camera: <STATS_Q3A >< INFO> 584: q3a_thread_aecawb_stop: q3a pthread_join
01-04 18:53:17.075   726   726 I mm-camera: <STATS_Q3A >< INFO> 589: q3a_thread_aecawb_stop: q3a stop thread rc 1
01-04 18:53:17.075   726   726 I mm-camera: <STATS_AFD >< INFO> 331: afd_thread_stop: AFD MSG_STOP_AFD_THREAD
01-04 18:53:17.075   726   726 I mm-camera: <STATS_AFD >< INFO> 337: afd_thread_stop: AFD pthread_join
01-04 18:53:17.075   726   726 I mm-camera: <STATS_AFD >< INFO> 342: afd_thread_stop: AFD stop thread 1
01-04 18:53:17.075   726   726 I mm-camera: <STATS_ASD >< INFO> 420: asd_thread_stop: asd MSG_STOP_ASD_THREAD
01-04 18:53:17.075   726   726 I mm-camera: <STATS_ASD >< INFO> 426: asd_thread_stop: asd pthread_join
01-04 18:53:17.075   726   726 I mm-camera: <STATS_ASD >< INFO> 431: asd_thread_stop: asd stop thread rc 1
01-04 18:53:17.075   726   726 I mm-camera: <STATS_AIS >< INFO> 212: is_thread_stop: is thread stop! 
01-04 18:53:17.075   726   726 I mm-camera: <STATS_AIS >< INFO> 225: is_thread_stop: is thread stop! 1
01-04 18:53:17.076   726   726 I mm-camera: <MCT   >< INFO> 5583: mct_pipeline_process_set: Stream 0x2000f and stream type=10, successfully deleted
01-04 18:53:17.076   726  1347 I mm-camera: <MCT   >< INFO> 6047: mct_pipeline_stop_session_thread: Stop module name: sensor - E
01-04 18:53:17.076   634   634 D SystemServerTiming: StartStatsCompanionService took to complete: 4ms
01-04 18:53:17.076   726  1348 I mm-camera: <MCT   >< INFO> 6047: mct_pipeline_stop_session_thread: Stop module name: iface - E
01-04 18:53:17.076   726  1348 I mm-camera: <MCT   >< INFO> 6055: mct_pipeline_stop_session_thread: Stop module name: iface - X
01-04 18:53:17.077   634   634 I WindowManager: SAFE MODE not enabled
01-04 18:53:17.077   634   634 I SystemServer: StartJitCompilation
01-04 18:53:17.077   634   634 D SystemServerTiming: StartJitCompilation took to complete: 0ms
01-04 18:53:17.077   634   634 I SystemServer: StartMmsService
01-04 18:53:17.077   634   634 I SystemServiceManager: Starting com.android.server.MmsServiceBroker
01-04 18:53:17.078   726  1349 I mm-camera: <MCT   >< INFO> 6047: mct_pipeline_stop_session_thread: Stop module name: isp - E
01-04 18:53:17.078   726  1349 I mm-camera: <ISP   >< INFO> 487: isp_module_stop_session: session id 2
01-04 18:53:17.078   726  1349 I mm-camera: <ISP   >< INFO> 528: isp_module_stop_session: warning: ISP resource is not freed on time!
01-04 18:53:17.078   726  1350 I mm-camera: <MCT   >< INFO> 6047: mct_pipeline_stop_session_thread: Stop module name: stats - E
01-04 18:53:17.078   726  1351 I mm-camera: <MCT   >< INFO> 6047: mct_pipeline_stop_session_thread: Stop module name: pproc - E
01-04 18:53:17.078   726  1350 I mm-camera: <STATS >< INFO> 125: stats_module_sub_mod_stop_session: q3a stop session
01-04 18:53:17.079   726  1352 I mm-camera: <MCT   >< INFO> 6047: mct_pipeline_stop_session_thread: Stop module name: imglib - E
01-04 18:53:17.079   726  1351 I mm-camera: <MCT   >< INFO> 6055: mct_pipeline_stop_session_thread: Stop module name: pproc - X
01-04 18:53:17.079   726  1353 I mm-camera: <MCT   >< INFO> 6047: mct_pipeline_stop_session_thread: Stop module name: drsd - E
01-04 18:53:17.079   726   726 I mm-camera: <MCT   >< INFO> 6335: mct_pipeline_stop_session: Modules left: 6
01-04 18:53:17.080   726   726 I mm-camera: <MCT   >< INFO> 6335: mct_pipeline_stop_session: Modules left: 5
01-04 18:53:17.080   726  1353 I mm-camera: <MCT   >< INFO> 6055: mct_pipeline_stop_session_thread: Stop module name: drsd - X
01-04 18:53:17.080   726   726 I mm-camera: <MCT   >< INFO> 6335: mct_pipeline_stop_session: Modules left: 4
01-04 18:53:17.080   726  1352 I mm-camera: <MCT   >< INFO> 6055: mct_pipeline_stop_session_thread: Stop module name: imglib - X
01-04 18:53:17.080   634   634 D SystemServerTiming: StartMmsService took to complete: 2ms
01-04 18:53:17.080   726   726 I mm-camera: <MCT   >< INFO> 6335: mct_pipeline_stop_session: Modules left: 3
01-04 18:53:17.080   634   634 I SystemServer: StartAutoFillService
01-04 18:53:17.080   634   634 I SystemServiceManager: Starting com.android.server.autofill.AutofillManagerService
01-04 18:53:17.081   726  1349 I mm-camera: <MCT   >< INFO> 6055: mct_pipeline_stop_session_thread: Stop module name: isp - X
01-04 18:53:17.081   726   726 I mm-camera: <MCT   >< INFO> 6335: mct_pipeline_stop_session: Modules left: 2
01-04 18:53:17.081   634   634 I AutofillManagerService: Setting debug to true
01-04 18:53:17.081   634  1032 D SystemServerInitThreadPool: Finished executing FingerprintService.onStart
01-04 18:53:17.083   750   975 D fpc_hidl: onEnumerate(fid=0, gid=0, rem=0)
01-04 18:53:17.083   726  1350 I mm-camera: <STATS >< INFO> 129: stats_module_sub_mod_stop_session: q3a stop session done
01-04 18:53:17.083   726  1350 I mm-camera: <STATS >< INFO> 125: stats_module_sub_mod_stop_session: afd stop session
01-04 18:53:17.083   726  1350 I mm-camera: <STATS >< INFO> 129: stats_module_sub_mod_stop_session: afd stop session done
01-04 18:53:17.083   726  1350 I mm-camera: <STATS >< INFO> 125: stats_module_sub_mod_stop_session: asd stop session
01-04 18:53:17.083   726  1350 I mm-camera: <STATS >< INFO> 129: stats_module_sub_mod_stop_session: asd stop session done
01-04 18:53:17.083   726  1350 I mm-camera: <STATS >< INFO> 125: stats_module_sub_mod_stop_session: is stop session
01-04 18:53:17.084   726  1350 I mm-camera: <STATS >< INFO> 129: stats_module_sub_mod_stop_session: is stop session done
01-04 18:53:17.084   726  1350 I mm-camera: <STATS >< INFO> 355: stats_module_stop_session: X
01-04 18:53:17.084   726  1350 I mm-camera: <MCT   >< INFO> 6055: mct_pipeline_stop_session_thread: Stop module name: stats - X
01-04 18:53:17.084   726   726 I mm-camera: <MCT   >< INFO> 6335: mct_pipeline_stop_session: Modules left: 1
01-04 18:53:17.084   634   634 D SystemServerTiming: StartAutoFillService took to complete: 5ms
01-04 18:53:17.084   634   634 I SystemServer: MakeVibratorServiceReady
01-04 18:53:17.087   634   634 D SystemServerTiming: MakeVibratorServiceReady took to complete: 3ms
01-04 18:53:17.087   634   634 I SystemServer: MakeLockSettingsServiceReady
01-04 18:53:17.094   726  1347 I mm-camera: <MCT   >< INFO> 6055: mct_pipeline_stop_session_thread: Stop module name: sensor - X
01-04 18:53:17.095   726   726 I mm-camera: <MCT   >< INFO> 6335: mct_pipeline_stop_session: Modules left: 0
01-04 18:53:17.095   726   726 I mm-camera: <MCT   >< INFO> 6344: mct_pipeline_stop_session: Stopped session 2 successfully
01-04 18:53:17.095   726   726 I mm-camera: <MCT   >< INFO> 6620: mct_pipeline_destroy: E: session:2
01-04 18:53:17.095   726   726 I mm-camera: <MCT   >< INFO> 6693: mct_pipeline_destroy: X: Pipeline destroyed successfully session =2
01-04 18:53:17.095   726   726 I mm-camera: <MCT   >< INFO> 282: mct_controller_destroy: X Successfully closed mct_controller session 2
01-04 18:53:17.095   697   697 I CameraProviderManager: Camera device device@1.0/legacy/0 torch status is now AVAILABLE_OFF
01-04 18:53:17.095   697   697 I CameraService: onTorchStatusChangedLocked: Torch status changed for cameraId=0, newStatus=1
01-04 18:53:17.095   697   697 E CameraService: onTorchStatusChangedLocked: cannot get torch status of camera 0: No such file or directory (-2)
01-04 18:53:17.095   697   697 I CameraProviderManager: Camera device device@3.2/legacy/0 torch status is now AVAILABLE_OFF
01-04 18:53:17.095   697   697 I CameraService: onTorchStatusChangedLocked: Torch status changed for cameraId=0, newStatus=1
01-04 18:53:17.095   697   697 E CameraService: onTorchStatusChangedLocked: cannot get torch status of camera 0: No such file or directory (-2)
01-04 18:53:17.096  1073  1244 I QCamera : <HAL><INFO> closeCamera: 2881: [KPI Perf]: X PROFILE_CLOSE_CAMERA camera id 1, rc: 0
01-04 18:53:17.096  1073  1244 I QCamera : <HAL><INFO> close_camera_device: 1870: [KPI Perf]: X
01-04 18:53:17.096  1073  1244 I QCameraHalWatchdog: Stopped Watchdog Thread (68ms)[close_camera_device]
01-04 18:53:17.096   697   697 I CameraProviderManager: Enumerating new camera device: device@3.2/legacy/1
01-04 18:53:17.097   697   697 I CameraProviderManager: Camera provider legacy/0 ready with 4 camera devices
01-04 18:53:17.098   452   452 W hwservicemanager: getTransport: Cannot find entry android.hardware.camera.provider@2.4::ICameraProvider/external/0 in either framework or device manifest.
01-04 18:53:17.099   697   697 D vndksupport: Loading /vendor/lib/hw/android.hardware.camera.provider@2.4-impl.so from current namespace instead of sphal namespace.
01-04 18:53:17.108   452   452 W hwservicemanager: getTransport: Cannot find entry android.hardware.weaver@1.0::IWeaver/default in either framework or device manifest.
01-04 18:53:17.110   634   634 I SyntheticPasswordManager: Device does not support weaver
01-04 18:53:17.111   452   452 W hwservicemanager: getTransport: Cannot find entry android.hardware.authsecret@1.0::IAuthSecret/default in either framework or device manifest.
01-04 18:53:17.112   634   634 I LockSettingsService: Device doesn't implement AuthSecret HAL
01-04 18:53:17.114   634   634 E LockSettingsStorage: Cannot read file java.io.FileNotFoundException: /data/system/gatekeeper.password.key: open failed: ENOENT (No such file or directory)
01-04 18:53:17.114   634   634 E LockSettingsStorage: Cannot read file java.io.FileNotFoundException: /data/system/password.key: open failed: ENOENT (No such file or directory)
01-04 18:53:17.115   634   634 E LockSettingsStorage: Cannot read file java.io.FileNotFoundException: /data/system/gatekeeper.pattern.key: open failed: ENOENT (No such file or directory)
01-04 18:53:17.115   634   634 E LockSettingsStorage: Cannot read file java.io.FileNotFoundException: /data/system/gatekeeper.gesture.key: open failed: ENOENT (No such file or directory)
01-04 18:53:17.115   634   634 E LockSettingsStorage: Cannot read file java.io.FileNotFoundException: /data/system/gesture.key: open failed: ENOENT (No such file or directory)
01-04 18:53:17.116   634   634 D SystemServerTiming: MakeLockSettingsServiceReady took to complete: 28ms
01-04 18:53:17.117   634   634 I SystemServer: StartBootPhaseLockSettingsReady
01-04 18:53:17.117   634   634 I SystemServiceManager: Starting phase 480
01-04 18:53:17.122   634   634 I DevicePolicyManager: Set ro.device_owner property to false
01-04 18:53:17.124   634   827 D SystemServerInitThreadPool: Started executing DevicePolicyManager
01-04 18:53:17.124   634   827 D SystemServerInitThreadPool: Finished executing DevicePolicyManager
01-04 18:53:17.126   634   634 D SystemServerTiming: StartBootPhaseLockSettingsReady took to complete: 9ms
01-04 18:53:17.126   634   634 I SystemServer: StartBootPhaseSystemServicesReady
01-04 18:53:17.126   634   634 I SystemServiceManager: Starting phase 500
01-04 18:53:17.135   697   697 E ExtCamUtils@3.4: loadFromCfg: Unable to load external camera config file '/vendor/etc/external_camera_config.xml'. Error: XML_ERROR_FILE_NOT_FOUND
01-04 18:53:17.136   726   726 I mm-camera: < INFO> 395: enable_memleak_trace: start memleak tracking.
01-04 18:53:17.136   697   697 I CameraProviderManager: Connecting to new camera provider: external/0, isRemote? 0
01-04 18:53:17.136   697   697 I CameraProviderManager: Camera provider external/0 ready with 0 camera devices
01-04 18:53:17.136   697   841 W CameraProviderManager: addProviderLocked: Camera provider HAL with name 'legacy/0' already registered
01-04 18:53:17.138   697   697 I CameraService: onDeviceStatusChanged: Status changed for cameraId=1, newStatus=1
01-04 18:53:17.138   697   697 I CameraService: onDeviceStatusChanged: Unknown camera ID 1, a new camera is added
01-04 18:53:17.138   697   841 I CameraService: onDeviceStatusChanged: Status changed for cameraId=1, newStatus=1
01-04 18:53:17.139   726   726 I mm-camera: <MCT   >< INFO> 63: mct_controller_new: Creating new mct_controller with session-id 2
01-04 18:53:17.139   726  1359 I mm-camera: <MCT   >< INFO> 6235: mct_pipeline_start_session_thread: E sensor
01-04 18:53:17.139   726  1359 I mm-camera: <MCT   >< INFO> 6242: mct_pipeline_start_session_thread: Calling start_session on Module sensor
01-04 18:53:17.139   697   697 I CameraService: onDeviceStatusChanged: Status changed for cameraId=0, newStatus=1
01-04 18:53:17.139   697   697 I CameraService: onDeviceStatusChanged: Unknown camera ID 0, a new camera is added
01-04 18:53:17.139   697   841 I CameraService: onDeviceStatusChanged: Status changed for cameraId=0, newStatus=1
01-04 18:53:17.139   726  1360 I mm-camera: <MCT   >< INFO> 6235: mct_pipeline_start_session_thread: E iface
01-04 18:53:17.139   726  1360 I mm-camera: <MCT   >< INFO> 6242: mct_pipeline_start_session_thread: Calling start_session on Module iface
01-04 18:53:17.139   726  1362 I mm-camera: <MCT   >< INFO> 6235: mct_pipeline_start_session_thread: E isp
01-04 18:53:17.139   726  1362 I mm-camera: <MCT   >< INFO> 6242: mct_pipeline_start_session_thread: Calling start_session on Module isp
01-04 18:53:17.139   726  1362 I mm-camera: <ISP   >< INFO> 201: isp_module_start_session: session id 2
01-04 18:53:17.140   726  1363 I mm-camera: <MCT   >< INFO> 6235: mct_pipeline_start_session_thread: E stats
01-04 18:53:17.140   726  1363 I mm-camera: <MCT   >< INFO> 6242: mct_pipeline_start_session_thread: Calling start_session on Module stats
01-04 18:53:17.141   726  1365 I mm-camera: <MCT   >< INFO> 6235: mct_pipeline_start_session_thread: E pproc
01-04 18:53:17.141   726  1365 I mm-camera: <MCT   >< INFO> 6242: mct_pipeline_start_session_thread: Calling start_session on Module pproc
01-04 18:53:17.141   726  1360 I mm-camera: <MCT   >< INFO> 6245: mct_pipeline_start_session_thread: Module iface start_session rc = 1
01-04 18:53:17.142   726  1360 I mm-camera: <MCT   >< INFO> 6253: mct_pipeline_start_session_thread: started_num = 1, success = 1
01-04 18:53:17.142   726  1360 I mm-camera: <MCT   >< INFO> 6260: mct_pipeline_start_session_thread: X iface
01-04 18:53:17.142   726  1366 I mm-camera: <MCT   >< INFO> 6235: mct_pipeline_start_session_thread: E imglib
01-04 18:53:17.143   726  1366 I mm-camera: <MCT   >< INFO> 6242: mct_pipeline_start_session_thread: Calling start_session on Module imglib
01-04 18:53:17.144   726  1366 I mm-camera: <MCT   >< INFO> 6245: mct_pipeline_start_session_thread: Module imglib start_session rc = 1
01-04 18:53:17.144   726  1366 I mm-camera: <MCT   >< INFO> 6253: mct_pipeline_start_session_thread: started_num = 2, success = 2
01-04 18:53:17.144   726  1366 I mm-camera: <MCT   >< INFO> 6260: mct_pipeline_start_session_thread: X imglib
01-04 18:53:17.145   726  1370 I mm-camera: <MCT   >< INFO> 6235: mct_pipeline_start_session_thread: E drsd
01-04 18:53:17.145   726  1370 I mm-camera: <MCT   >< INFO> 6242: mct_pipeline_start_session_thread: Calling start_session on Module drsd
01-04 18:53:17.145   726  1365 I mm-camera: <MCT   >< INFO> 6245: mct_pipeline_start_session_thread: Module pproc start_session rc = 1
01-04 18:53:17.145   726  1370 E mm-camera: <IMGLIB><ERROR> 1180: module_drsd_start_session: module_drsd_start_session:1180] E
01-04 18:53:17.145   726  1365 I mm-camera: <MCT   >< INFO> 6253: mct_pipeline_start_session_thread: started_num = 3, success = 3
01-04 18:53:17.145   726  1365 I mm-camera: <MCT   >< INFO> 6260: mct_pipeline_start_session_thread: X pproc
